Archive member included to satisfy reference by file (symbol)

c:/chibistudio/tools/gnu tools arm embedded/10.3 2021.10/bin/../lib/gcc/arm-none-eabi/10.3.1/thumb/v7e-m+fp/hard\libgcc.a(_arm_addsubdf3.o)
                              Modules/Src/modCommands.o (__aeabi_f2d)
c:/chibistudio/tools/gnu tools arm embedded/10.3 2021.10/bin/../lib/gcc/arm-none-eabi/10.3.1/thumb/v7e-m+fp/hard\libgcc.a(_arm_fixunsdfsi.o)
                              Modules/Src/modCommands.o (__aeabi_d2uiz)
c:/chibistudio/tools/gnu tools arm embedded/10.3 2021.10/bin/../lib/gcc/arm-none-eabi/10.3.1/thumb/v7e-m+fp/hard\libgcc.a(_arm_truncdfsf2.o)
                              Drivers/SWDrivers/Src/driverSWLTC6804.o (__aeabi_d2f)
c:/chibistudio/tools/gnu tools arm embedded/10.3 2021.10/bin/../lib/gcc/arm-none-eabi/10.3.1/../../../../arm-none-eabi/lib/thumb/v7e-m+fp/hard\libg_nano.a(lib_a-exit.o)
                              c:/chibistudio/tools/gnu tools arm embedded/10.3 2021.10/bin/../lib/gcc/arm-none-eabi/10.3.1/../../../../arm-none-eabi/lib/thumb/v7e-m+fp/hard/crt0.o (exit)
c:/chibistudio/tools/gnu tools arm embedded/10.3 2021.10/bin/../lib/gcc/arm-none-eabi/10.3.1/../../../../arm-none-eabi/lib/thumb/v7e-m+fp/hard\libg_nano.a(lib_a-impure.o)
                              c:/chibistudio/tools/gnu tools arm embedded/10.3 2021.10/bin/../lib/gcc/arm-none-eabi/10.3.1/../../../../arm-none-eabi/lib/thumb/v7e-m+fp/hard\libg_nano.a(lib_a-exit.o) (_global_impure_ptr)
c:/chibistudio/tools/gnu tools arm embedded/10.3 2021.10/bin/../lib/gcc/arm-none-eabi/10.3.1/../../../../arm-none-eabi/lib/thumb/v7e-m+fp/hard\libg_nano.a(lib_a-init.o)
                              c:/chibistudio/tools/gnu tools arm embedded/10.3 2021.10/bin/../lib/gcc/arm-none-eabi/10.3.1/../../../../arm-none-eabi/lib/thumb/v7e-m+fp/hard/crt0.o (__libc_init_array)
c:/chibistudio/tools/gnu tools arm embedded/10.3 2021.10/bin/../lib/gcc/arm-none-eabi/10.3.1/../../../../arm-none-eabi/lib/thumb/v7e-m+fp/hard\libg_nano.a(lib_a-malloc.o)
                              Drivers/SWDrivers/Src/driverSWStorageManager.o (malloc)
c:/chibistudio/tools/gnu tools arm embedded/10.3 2021.10/bin/../lib/gcc/arm-none-eabi/10.3.1/../../../../arm-none-eabi/lib/thumb/v7e-m+fp/hard\libg_nano.a(lib_a-memcmp.o)
                              Modules/Src/modDisplay.o (memcmp)
c:/chibistudio/tools/gnu tools arm embedded/10.3 2021.10/bin/../lib/gcc/arm-none-eabi/10.3.1/../../../../arm-none-eabi/lib/thumb/v7e-m+fp/hard\libg_nano.a(lib_a-memcpy-stub.o)
                              Modules/Src/modCAN.o (memcpy)
c:/chibistudio/tools/gnu tools arm embedded/10.3 2021.10/bin/../lib/gcc/arm-none-eabi/10.3.1/../../../../arm-none-eabi/lib/thumb/v7e-m+fp/hard\libg_nano.a(lib_a-memset.o)
                              c:/chibistudio/tools/gnu tools arm embedded/10.3 2021.10/bin/../lib/gcc/arm-none-eabi/10.3.1/../../../../arm-none-eabi/lib/thumb/v7e-m+fp/hard/crt0.o (memset)
c:/chibistudio/tools/gnu tools arm embedded/10.3 2021.10/bin/../lib/gcc/arm-none-eabi/10.3.1/../../../../arm-none-eabi/lib/thumb/v7e-m+fp/hard\libg_nano.a(lib_a-nano-freer.o)
                              c:/chibistudio/tools/gnu tools arm embedded/10.3 2021.10/bin/../lib/gcc/arm-none-eabi/10.3.1/../../../../arm-none-eabi/lib/thumb/v7e-m+fp/hard\libg_nano.a(lib_a-malloc.o) (_free_r)
c:/chibistudio/tools/gnu tools arm embedded/10.3 2021.10/bin/../lib/gcc/arm-none-eabi/10.3.1/../../../../arm-none-eabi/lib/thumb/v7e-m+fp/hard\libg_nano.a(lib_a-nano-mallocr.o)
                              c:/chibistudio/tools/gnu tools arm embedded/10.3 2021.10/bin/../lib/gcc/arm-none-eabi/10.3.1/../../../../arm-none-eabi/lib/thumb/v7e-m+fp/hard\libg_nano.a(lib_a-malloc.o) (_malloc_r)
c:/chibistudio/tools/gnu tools arm embedded/10.3 2021.10/bin/../lib/gcc/arm-none-eabi/10.3.1/../../../../arm-none-eabi/lib/thumb/v7e-m+fp/hard\libg_nano.a(lib_a-nano-vfprintf_float.o)
                              (_printf_float)
c:/chibistudio/tools/gnu tools arm embedded/10.3 2021.10/bin/../lib/gcc/arm-none-eabi/10.3.1/../../../../arm-none-eabi/lib/thumb/v7e-m+fp/hard\libg_nano.a(lib_a-nano-vfprintf_i.o)
                              c:/chibistudio/tools/gnu tools arm embedded/10.3 2021.10/bin/../lib/gcc/arm-none-eabi/10.3.1/../../../../arm-none-eabi/lib/thumb/v7e-m+fp/hard\libg_nano.a(lib_a-nano-vfprintf_float.o) (_printf_common)
c:/chibistudio/tools/gnu tools arm embedded/10.3 2021.10/bin/../lib/gcc/arm-none-eabi/10.3.1/../../../../arm-none-eabi/lib/thumb/v7e-m+fp/hard\libg_nano.a(lib_a-sbrkr.o)
                              c:/chibistudio/tools/gnu tools arm embedded/10.3 2021.10/bin/../lib/gcc/arm-none-eabi/10.3.1/../../../../arm-none-eabi/lib/thumb/v7e-m+fp/hard\libg_nano.a(lib_a-nano-mallocr.o) (_sbrk_r)
c:/chibistudio/tools/gnu tools arm embedded/10.3 2021.10/bin/../lib/gcc/arm-none-eabi/10.3.1/../../../../arm-none-eabi/lib/thumb/v7e-m+fp/hard\libg_nano.a(lib_a-sf_frexp.o)
                              Libraries/Src/libBuffer.o (frexpf)
[...]
Memory Configuration

Name             Origin             Length             Attributes
RAM              0x20000000         0x0000a000         xrw
CCMRAM           0x10000000         0x00002000         rw
FLASH1           0x08000000         0x00000800         xr
EMULATED_EEPROM  0x08000800         0x00001000         xrw
FLASH            0x08001800         0x00040000         xr
*default*        0x00000000         0xffffffff

Linker script and memory map

LOAD c:/chibistudio/tools/gnu tools arm embedded/10.3 2021.10/bin/../lib/gcc/arm-none-eabi/10.3.1/thumb/v7e-m+fp/hard/crti.o
LOAD c:/chibistudio/tools/gnu tools arm embedded/10.3 2021.10/bin/../lib/gcc/arm-none-eabi/10.3.1/thumb/v7e-m+fp/hard/crtbegin.o
LOAD c:/chibistudio/tools/gnu tools arm embedded/10.3 2021.10/bin/../lib/gcc/arm-none-eabi/10.3.1/../../../../arm-none-eabi/lib/thumb/v7e-m+fp/hard/crt0.o
LOAD Main/main.o
LOAD Modules/Src/modCAN.o
LOAD Modules/Src/modCommands.o
LOAD Modules/Src/modConfig.o
LOAD Modules/Src/modDelay.o
LOAD Modules/Src/modDisplay.o
LOAD Modules/Src/modEffect.o
LOAD Modules/Src/modFlash.o
LOAD Modules/Src/modOperationalState.o
LOAD Modules/Src/modPowerElectronics.o
LOAD Modules/Src/modPowerState.o
LOAD Modules/Src/modStateOfCharge.o
LOAD Modules/Src/modTerminal.o
LOAD Modules/Src/modUART.o
LOAD Drivers/SWDrivers/Src/driverSWStorageManager.o
LOAD Drivers/SWDrivers/Src/driverSWSSD1306.o
LOAD Drivers/SWDrivers/Src/driverSWLTC6804.o
LOAD Drivers/SWDrivers/Src/driverSWISL28022.o
LOAD Drivers/SWDrivers/Src/driverSWADC128D818.o
LOAD Drivers/SWDrivers/Src/driverSWUART2.o
LOAD Drivers/SWDrivers/Src/driverSWSHT21.o
LOAD Drivers/SWDrivers/Src/driverSWHTC1080.o
LOAD Drivers/HWDrivers/Src/driverHWADC.o
LOAD Drivers/HWDrivers/Src/driverHWEEPROM.o
LOAD Drivers/HWDrivers/Src/driverHWI2C1.o
LOAD Drivers/HWDrivers/Src/driverHWI2C2.o
LOAD Drivers/HWDrivers/Src/driverHWPowerState.o
LOAD Drivers/HWDrivers/Src/driverHWSPI1.o
LOAD Drivers/HWDrivers/Src/driverHWSwitches.o
LOAD Drivers/HWDrivers/Src/driverHWStatus.o
LOAD Drivers/HWDrivers/Src/driverHWUART2.o
LOAD Drivers/STM32F3xx_HAL_Driver/Src/stm32f3xx_hal.o
LOAD Drivers/STM32F3xx_HAL_Driver/Src/stm32f3xx_hal_adc.o
LOAD Drivers/STM32F3xx_HAL_Driver/Src/stm32f3xx_hal_adc_ex.o
LOAD Drivers/STM32F3xx_HAL_Driver/Src/stm32f3xx_hal_can.o
LOAD Drivers/STM32F3xx_HAL_Driver/Src/stm32f3xx_hal_cortex.o
LOAD Drivers/STM32F3xx_HAL_Driver/Src/stm32f3xx_hal_dma.o
LOAD Drivers/STM32F3xx_HAL_Driver/Src/stm32f3xx_hal_flash.o
LOAD Drivers/STM32F3xx_HAL_Driver/Src/stm32f3xx_hal_flash_ex.o
LOAD Drivers/STM32F3xx_HAL_Driver/Src/stm32f3xx_hal_gpio.o
LOAD Drivers/STM32F3xx_HAL_Driver/Src/stm32f3xx_hal_iwdg.o
LOAD Drivers/STM32F3xx_HAL_Driver/Src/stm32f3xx_hal_i2c.o
LOAD Drivers/STM32F3xx_HAL_Driver/Src/stm32f3xx_hal_i2c_ex.o
LOAD Drivers/STM32F3xx_HAL_Driver/Src/stm32f3xx_hal_rcc.o
LOAD Drivers/STM32F3xx_HAL_Driver/Src/stm32f3xx_hal_rcc_ex.o
LOAD Drivers/STM32F3xx_HAL_Driver/Src/stm32f3xx_hal_spi.o
LOAD Drivers/STM32F3xx_HAL_Driver/Src/stm32f3xx_hal_uart.o
LOAD Drivers/STM32F3xx_HAL_Driver/Src/stm32f3xx_hal_uart_ex.o
LOAD Device/stm32f3xx_it.o
LOAD Device/stm32f3xx_hal_msp.o
LOAD Drivers/CMSIS/Device/ST/STM32F3xx/Source/Templates/system_stm32f3xx.o
LOAD Libraries/Src/libBuffer.o
LOAD Libraries/Src/libCRC.o
LOAD Libraries/Src/libLogos.o
LOAD Libraries/Src/libGLCDFont.o
LOAD Libraries/Src/libGraphics.o
LOAD Libraries/Src/libPacket.o
LOAD Libraries/Src/libRingBuffer.o
LOAD Libraries/Src/libMempools.o
LOAD Config/confparser.o
LOAD Config/confxml.o
LOAD GCC/EBMS-startup.o
START GROUP
LOAD c:/chibistudio/tools/gnu tools arm embedded/10.3 2021.10/bin/../lib/gcc/arm-none-eabi/10.3.1/thumb/v7e-m+fp/hard\libgcc.a
LOAD c:/chibistudio/tools/gnu tools arm embedded/10.3 2021.10/bin/../lib/gcc/arm-none-eabi/10.3.1/../../../../arm-none-eabi/lib/thumb/v7e-m+fp/hard\libg_nano.a
LOAD c:/chibistudio/tools/gnu tools arm embedded/10.3 2021.10/bin/../lib/gcc/arm-none-eabi/10.3.1/../../../../arm-none-eabi/lib/thumb/v7e-m+fp/hard\libc_nano.a
END GROUP
START GROUP
LOAD c:/chibistudio/tools/gnu tools arm embedded/10.3 2021.10/bin/../lib/gcc/arm-none-eabi/10.3.1/thumb/v7e-m+fp/hard\libgcc.a
LOAD c:/chibistudio/tools/gnu tools arm embedded/10.3 2021.10/bin/../lib/gcc/arm-none-eabi/10.3.1/../../../../arm-none-eabi/lib/thumb/v7e-m+fp/hard\libc_nano.a
LOAD c:/chibistudio/tools/gnu tools arm embedded/10.3 2021.10/bin/../lib/gcc/arm-none-eabi/10.3.1/../../../../arm-none-eabi/lib/thumb/v7e-m+fp/hard\libnosys.a
END GROUP
START GROUP
LOAD c:/chibistudio/tools/gnu tools arm embedded/10.3 2021.10/bin/../lib/gcc/arm-none-eabi/10.3.1/thumb/v7e-m+fp/hard\libgcc.a
LOAD c:/chibistudio/tools/gnu tools arm embedded/10.3 2021.10/bin/../lib/gcc/arm-none-eabi/10.3.1/../../../../arm-none-eabi/lib/thumb/v7e-m+fp/hard\libc_nano.a
LOAD c:/chibistudio/tools/gnu tools arm embedded/10.3 2021.10/bin/../lib/gcc/arm-none-eabi/10.3.1/../../../../arm-none-eabi/lib/thumb/v7e-m+fp/hard\libnosys.a
END GROUP
LOAD c:/chibistudio/tools/gnu tools arm embedded/10.3 2021.10/bin/../lib/gcc/arm-none-eabi/10.3.1/thumb/v7e-m+fp/hard/crtend.o
LOAD c:/chibistudio/tools/gnu tools arm embedded/10.3 2021.10/bin/../lib/gcc/arm-none-eabi/10.3.1/thumb/v7e-m+fp/hard/crtn.o
                0x2000a000                _estack = 0x2000a000
                0x00000200                _Min_Heap_Size = 0x200
                0x00000400                _Min_Stack_Size = 0x400

.isr_vector     0x08000000      0x188
                0x08000000                . = ALIGN (0x4)
 *(.isr_vector)
 .isr_vector    0x08000000      0x188 GCC/EBMS-startup.o
                0x08000000                vectors
                0x08000188                . = ALIGN (0x4)

.fill           0x08000800     0x1000
 FILL mask 0xffffffff
                0x080017ff                . = ((ORIGIN (EMULATED_EEPROM) + LENGTH (EMULATED_EEPROM)) - 0x1)
 *fill*         0x08000800      0xfff ffffffff
                0x080017ff        0x1 BYTE 0xaa

.text           0x08001800    0x11bd8
                0x08001800                . = ALIGN (0x4)
 *(.text)
 .text          0x08001800       0x40 c:/chibistudio/tools/gnu tools arm embedded/10.3 2021.10/bin/../lib/gcc/arm-none-eabi/10.3.1/thumb/v7e-m+fp/hard/crtbegin.o
 .text          0x08001840      0x378 c:/chibistudio/tools/gnu tools arm embedded/10.3 2021.10/bin/../lib/gcc/arm-none-eabi/10.3.1/thumb/v7e-m+fp/hard\libgcc.a(_arm_addsubdf3.o)
                0x08001840                __aeabi_drsub
                0x08001848                __aeabi_dsub
                0x08001848                __subdf3
                0x0800184c                __aeabi_dadd
                0x0800184c                __adddf3
                0x08001ac4                __floatunsidf
                0x08001ac4                __aeabi_ui2d
                0x08001ae4                __floatsidf
                0x08001ae4                __aeabi_i2d
                0x08001b08                __aeabi_f2d
                0x08001b08                __extendsfdf2
                0x08001b4c                __floatundidf
                0x08001b4c                __aeabi_ul2d
                0x08001b5c                __floatdidf
                0x08001b5c                __aeabi_l2d
 .text          0x08001bb8       0x40 c:/chibistudio/tools/gnu tools arm embedded/10.3 2021.10/bin/../lib/gcc/arm-none-eabi/10.3.1/thumb/v7e-m+fp/hard\libgcc.a(_arm_fixunsdfsi.o)
                0x08001bb8                __aeabi_d2uiz
                0x08001bb8                __fixunsdfsi
 .text          0x08001bf8       0xa0 c:/chibistudio/tools/gnu tools arm embedded/10.3 2021.10/bin/../lib/gcc/arm-none-eabi/10.3.1/thumb/v7e-m+fp/hard\libgcc.a(_arm_truncdfsf2.o)
                0x08001bf8                __truncdfsf2
                0x08001bf8                __aeabi_d2f
 .text          0x08001c98       0x14 c:/chibistudio/tools/gnu tools arm embedded/10.3 2021.10/bin/../lib/gcc/arm-none-eabi/10.3.1/../../../../arm-none-eabi/lib/thumb/v7e-m+fp/hard\libg_nano.a(lib_a-strcmp.o)
                0x08001c98                strcmp
 .text          0x08001cac       0x10 c:/chibistudio/tools/gnu tools arm embedded/10.3 2021.10/bin/../lib/gcc/arm-none-eabi/10.3.1/../../../../arm-none-eabi/lib/thumb/v7e-m+fp/hard\libg_nano.a(lib_a-strlen.o)
                0x08001cac                strlen
 *fill*         0x08001cbc        0x4 
 .text          0x08001cc0       0xa0 c:/chibistudio/tools/gnu tools arm embedded/10.3 2021.10/bin/../lib/gcc/arm-none-eabi/10.3.1/../../../../arm-none-eabi/lib/thumb/v7e-m+fp/hard\libg_nano.a(lib_a-memchr.o)
                0x08001cc0                memchr
 .text          0x08001d60      0x424 c:/chibistudio/tools/gnu tools arm embedded/10.3 2021.10/bin/../lib/gcc/arm-none-eabi/10.3.1/thumb/v7e-m+fp/hard\libgcc.a(_arm_muldivdf3.o)
                0x08001d60                __aeabi_dmul
                0x08001d60                __muldf3
                0x08001fb4                __divdf3
                0x08001fb4                __aeabi_ddiv
 .text          0x08002184      0x110 c:/chibistudio/tools/gnu tools arm embedded/10.3 2021.10/bin/../lib/gcc/arm-none-eabi/10.3.1/thumb/v7e-m+fp/hard\libgcc.a(_arm_cmpdf2.o)
                0x08002184                __gtdf2
                0x08002184                __gedf2
                0x0800218c                __ltdf2
                0x0800218c                __ledf2
                0x08002194                __nedf2
                0x08002194                __eqdf2
                0x08002194                __cmpdf2
                0x08002210                __aeabi_cdrcmple
                0x08002220                __aeabi_cdcmpeq
                0x08002220                __aeabi_cdcmple
                0x08002230                __aeabi_dcmpeq
                0x08002244                __aeabi_dcmplt
                0x08002258                __aeabi_dcmple
                0x0800226c                __aeabi_dcmpge
                0x08002280                __aeabi_dcmpgt
 .text          0x08002294       0x2c c:/chibistudio/tools/gnu tools arm embedded/10.3 2021.10/bin/../lib/gcc/arm-none-eabi/10.3.1/thumb/v7e-m+fp/hard\libgcc.a(_arm_unorddf2.o)
                0x08002294                __unorddf2
                0x08002294                __aeabi_dcmpun
 .text          0x080022c0       0x50 c:/chibistudio/tools/gnu tools arm embedded/10.3 2021.10/bin/../lib/gcc/arm-none-eabi/10.3.1/thumb/v7e-m+fp/hard\libgcc.a(_arm_fixdfsi.o)
                0x080022c0                __aeabi_d2iz
                0x080022c0                __fixdfsi
 *(.text*)
 .text.SystemClock_Config
                0x08002310       0x92 Main/main.o
                0x08002310                SystemClock_Config
 *fill*         0x080023a2        0x2 
 .text.mainWatchDogInitAndStart
                0x080023a4       0x34 Main/main.o
                0x080023a4                mainWatchDogInitAndStart
 .text.mainWatchDogReset
                0x080023d8        0xc Main/main.o
                0x080023d8                mainWatchDogReset
 .text.startup.main
                0x080023e4       0xa0 Main/main.o
                0x080023e4                main
 .text.modCANInit
                0x08002484      0x108 Modules/Src/modCAN.o
                0x08002484                modCANInit
 .text.modCANGetDestinationID
                0x0800258c       0x24 Modules/Src/modCAN.o
                0x0800258c                modCANGetDestinationID
 .text.modCANGetCANID
                0x080025b0       0x1c Modules/Src/modCAN.o
                0x080025b0                modCANGetCANID
 .text.USB_LP_CAN_RX0_IRQHandler
                0x080025cc        0xc Modules/Src/modCAN.o
                0x080025cc                USB_LP_CAN_RX0_IRQHandler
 .text.modCANTransmitExtID
                0x080025d8       0x2c Modules/Src/modCAN.o
                0x080025d8                modCANTransmitExtID
 .text.modCANSendStatusFast
                0x08002604      0x104 Modules/Src/modCAN.o
                0x08002604                modCANSendStatusFast
 .text.modCANSendStatusSlow
                0x08002708       0x98 Modules/Src/modCAN.o
                0x08002708                modCANSendStatusSlow
 .text.modCANSendStatusVESC
                0x080027a0      0x37c Modules/Src/modCAN.o
                0x080027a0                modCANSendStatusVESC
 .text.modCANSubTaskHandleCommunication
                0x08002b1c      0x434 Modules/Src/modCAN.o
                0x08002b1c                modCANSubTaskHandleCommunication
 .text.modCANTransmitStandardID
                0x08002f50       0x2c Modules/Src/modCAN.o
                0x08002f50                modCANTransmitStandardID
 .text.modCANSendBuffer
                0x08002f7c      0x128 Modules/Src/modCAN.o
                0x08002f7c                modCANSendBuffer
 .text.modCANSendPacketWrapper
                0x080030a4       0x14 Modules/Src/modCAN.o
 .text.modCANHandleKeepAliveSafetyMessage
                0x080030b8       0x74 Modules/Src/modCAN.o
                0x080030b8                modCANHandleKeepAliveSafetyMessage
 .text.modCANHandleCANOpenMessage
                0x0800312c       0x48 Modules/Src/modCAN.o
                0x0800312c                modCANHandleCANOpenMessage
 .text.HAL_CAN_RxCpltCallback
                0x08003174       0x98 Modules/Src/modCAN.o
                0x08003174                HAL_CAN_RxCpltCallback
 .text.modCANRXWatchDog
                0x0800320c       0x4c Modules/Src/modCAN.o
                0x0800320c                modCANRXWatchDog
 .text.modCANOpenChargerCheckPresent
                0x08003258       0x24 Modules/Src/modCAN.o
                0x08003258                modCANOpenChargerCheckPresent
 .text.modCANOpenBMSSendHeartBeat
                0x0800327c       0x24 Modules/Src/modCAN.o
                0x0800327c                modCANOpenBMSSendHeartBeat
 .text.modCANOpenChargerStartNode
                0x080032a0       0x2a Modules/Src/modCAN.o
                0x080032a0                modCANOpenChargerStartNode
 *fill*         0x080032ca        0x2 
 .text.modCANOpenChargerSetCurrentVoltageReady
                0x080032cc       0x68 Modules/Src/modCAN.o
                0x080032cc                modCANOpenChargerSetCurrentVoltageReady
 .text.modCANHandleSubTaskCharger
                0x08003334      0x118 Modules/Src/modCAN.o
                0x08003334                modCANHandleSubTaskCharger
 .text.modCANTask
                0x0800344c       0xac Modules/Src/modCAN.o
                0x0800344c                modCANTask
 .text.comm_can_get_status_msg_4_index
                0x080034f8       0x14 Modules/Src/modCAN.o
                0x080034f8                comm_can_get_status_msg_4_index
 .text.NVIC_SystemReset
                0x0800350c       0x24 Modules/Src/modCommands.o
 .text.modCommandsInit
                0x08003530       0x1c Modules/Src/modCommands.o
                0x08003530                modCommandsInit
 .text.modCommandsSetSendFunction
                0x0800354c        0xc Modules/Src/modCommands.o
                0x0800354c                modCommandsSetSendFunction
 .text.modCommandsSendPacket
                0x08003558       0x10 Modules/Src/modCommands.o
                0x08003558                modCommandsSendPacket
 .text.modCommandsPrintf
                0x08003568       0x3c Modules/Src/modCommands.o
                0x08003568                modCommandsPrintf
 .text.modCommandsVESCToEBMS
                0x080035a4       0x68 Modules/Src/modCommands.o
                0x080035a4                modCommandsVESCToEBMS
 .text.modCommandsEBMSToVESC
                0x0800360c       0x68 Modules/Src/modCommands.o
                0x0800360c                modCommandsEBMSToVESC
 .text.modCommandsProcessPacket
                0x08003674     0x1180 Modules/Src/modCommands.o
                0x08003674                modCommandsProcessPacket
 .text.modConfigInit
                0x080047f4       0x14 Modules/Src/modConfig.o
                0x080047f4                modConfigInit
 .text.modConfigStoreConfig
                0x08004808        0xc Modules/Src/modConfig.o
                0x08004808                modConfigStoreConfig
 .text.modConfigLoadConfig
                0x08004814        0xc Modules/Src/modConfig.o
                0x08004814                modConfigLoadConfig
 .text.modconfigHardwareLimitsApply
                0x08004820       0xbe Modules/Src/modConfig.o
                0x08004820                modconfigHardwareLimitsApply
 *fill*         0x080048de        0x2 
 .text.modConfigLoadDefaultConfig
                0x080048e0      0x1dc Modules/Src/modConfig.o
                0x080048e0                modConfigLoadDefaultConfig
 .text.modConfigStoreDefaultConfig
                0x08004abc       0x20 Modules/Src/modConfig.o
                0x08004abc                modConfigStoreDefaultConfig
 .text.modConfigStoreAndLoadDefaultConfig
                0x08004adc       0x1c Modules/Src/modConfig.o
                0x08004adc                modConfigStoreAndLoadDefaultConfig
 .text.modDelayInit
                0x08004af8       0x28 Modules/Src/modDelay.o
                0x08004af8                modDelayInit
 .text.modDelayTick1ms
                0x08004b20       0x20 Modules/Src/modDelay.o
                0x08004b20                modDelayTick1ms
 .text.modDelayTick100ms
                0x08004b40       0x34 Modules/Src/modDelay.o
                0x08004b40                modDelayTick100ms
 .text.modDelayTick1msNoRST
                0x08004b74       0x18 Modules/Src/modDelay.o
                0x08004b74                modDelayTick1msNoRST
 .text.modDisplayInit
                0x08004b8c       0x68 Modules/Src/modDisplay.o
                0x08004b8c                modDisplayInit
 .text.modDisplayTask
                0x08004bf4       0x3c Modules/Src/modDisplay.o
                0x08004bf4                modDisplayTask
 .text.modDisplay100ConvertValueToASCII
                0x08004c30       0x34 Modules/Src/modDisplay.o
                0x08004c30                modDisplay100ConvertValueToASCII
 .text.modDisplay10ConvertValueToASCII
                0x08004c64       0x50 Modules/Src/modDisplay.o
                0x08004c64                modDisplay10ConvertValueToASCII
 .text.modDisplay1ConvertValueToASCII
                0x08004cb4       0x38 Modules/Src/modDisplay.o
                0x08004cb4                modDisplay1ConvertValueToASCII
 .text.modDisplay0_1ConvertValueToASCII
                0x08004cec       0x40 Modules/Src/modDisplay.o
                0x08004cec                modDisplay0_1ConvertValueToASCII
 .text.modDisplay0_01ConvertValueToASCII
                0x08004d2c       0x44 Modules/Src/modDisplay.o
                0x08004d2c                modDisplay0_01ConvertValueToASCII
 .text.modDisplay0_001ConvertValueToASCII
                0x08004d70       0x44 Modules/Src/modDisplay.o
                0x08004d70                modDisplay0_001ConvertValueToASCII
 .text.modDisplayWrite
                0x08004db4       0x90 Modules/Src/modDisplay.o
                0x08004db4                modDisplayWrite
 .text.modDisplayShowInfo
                0x08004e44      0x638 Modules/Src/modDisplay.o
                0x08004e44                modDisplayShowInfo
 .text.modEffectChangeState
                0x0800547c       0x28 Modules/Src/modEffect.o
                0x0800547c                modEffectChangeState
 .text.modEffectChangeStateError
                0x080054a4       0x2c Modules/Src/modEffect.o
                0x080054a4                modEffectChangeStateError
 .text.modEffectTaskFlash
                0x080054d0       0x28 Modules/Src/modEffect.o
                0x080054d0                modEffectTaskFlash
 .text.modEffectTaskFlashFast
                0x080054f8       0x28 Modules/Src/modEffect.o
                0x080054f8                modEffectTaskFlashFast
 .text.modEffectTaskBlinkShort
                0x08005520       0x64 Modules/Src/modEffect.o
                0x08005520                modEffectTaskBlinkShort
 .text.modEffectTaskBlinkLong
                0x08005584       0x64 Modules/Src/modEffect.o
                0x08005584                modEffectTaskBlinkLong
 .text.modEffectTaskBlinkShortLong
                0x080055e8       0x3c Modules/Src/modEffect.o
                0x080055e8                modEffectTaskBlinkShortLong
 .text.modEffectTaskError
                0x08005624       0x6c Modules/Src/modEffect.o
                0x08005624                modEffectTaskError
 .text.modEffectTask
                0x08005690       0x78 Modules/Src/modEffect.o
                0x08005690                modEffectTask
 .text.modEffectInit
                0x08005708       0x12 Modules/Src/modEffect.o
                0x08005708                modEffectInit
 *fill*         0x0800571a        0x2 
 .text.modFlashEraseNewAppData
                0x0800571c       0x3c Modules/Src/modFlash.o
                0x0800571c                modFlashEraseNewAppData
 .text.modFlashWriteByte
                0x08005758       0x60 Modules/Src/modFlash.o
                0x08005758                modFlashWriteByte
 .text.modFlashWriteNewAppData
                0x080057b8       0x2a Modules/Src/modFlash.o
                0x080057b8                modFlashWriteNewAppData
 *fill*         0x080057e2        0x2 
 .text.modFlashJumpToBootloader
                0x080057e4       0x90 Modules/Src/modFlash.o
                0x080057e4                modFlashJumpToBootloader
 .text.modOperationalStateUpdateStates
                0x08005874       0x28 Modules/Src/modOperationalState.o
                0x08005874                modOperationalStateUpdateStates
 .text.modOperationalStateSetAllStates
                0x0800589c       0x24 Modules/Src/modOperationalState.o
                0x0800589c                modOperationalStateSetAllStates
 .text.modOperationalStateInit
                0x080058c0       0x78 Modules/Src/modOperationalState.o
                0x080058c0                modOperationalStateInit
 .text.modOperationalStateHandleChargerDisconnect
                0x08005938       0x68 Modules/Src/modOperationalState.o
                0x08005938                modOperationalStateHandleChargerDisconnect
 .text.modOperationalStateTerminateOperation
                0x080059a0       0x10 Modules/Src/modOperationalState.o
                0x080059a0                modOperationalStateTerminateOperation
 .text.modOperationalStateDelayedDisable
                0x080059b0       0x38 Modules/Src/modOperationalState.o
                0x080059b0                modOperationalStateDelayedDisable
 .text.modOperationalStatePowerDownDelayCheck
                0x080059e8       0x28 Modules/Src/modOperationalState.o
                0x080059e8                modOperationalStatePowerDownDelayCheck
 .text.modOperationalStateUpdateFaultStates
                0x08005a10       0x28 Modules/Src/modOperationalState.o
                0x08005a10                modOperationalStateUpdateFaultStates
 .text.modOperationalStateTask
                0x08005a38      0xac4 Modules/Src/modOperationalState.o
                0x08005a38                modOperationalStateTask
 .text.modPowerElectronicsAllowForcedOn
                0x080064fc        0xc Modules/Src/modPowerElectronics.o
                0x080064fc                modPowerElectronicsAllowForcedOn
 .text.modPowerElectronicsDisableAll
                0x08006508       0x34 Modules/Src/modPowerElectronics.o
                0x08006508                modPowerElectronicsDisableAll
 .text.modPowerElectronicsCalculateCellStats
                0x0800653c       0x84 Modules/Src/modPowerElectronics.o
                0x0800653c                modPowerElectronicsCalculateCellStats
 .text.modPowerElectronicsCallMonitorsCalcBalanceResistorArray
                0x080065c0       0x98 Modules/Src/modPowerElectronics.o
                0x080065c0                modPowerElectronicsCallMonitorsCalcBalanceResistorArray
 .text.modPowerElectronicsSubTaskCurrentWatch
                0x08006658       0x34 Modules/Src/modPowerElectronics.o
                0x08006658                modPowerElectronicsSubTaskCurrentWatch
 .text.modPowerElectronicsUpdateSwitches
                0x0800668c       0xa0 Modules/Src/modPowerElectronics.o
                0x0800668c                modPowerElectronicsUpdateSwitches
 .text.modPowerElectronicsSetPreCharge
                0x0800672c       0x34 Modules/Src/modPowerElectronics.o
                0x0800672c                modPowerElectronicsSetPreCharge
 .text.modPowerElectronicsSetDisCharge
                0x08006760       0x84 Modules/Src/modPowerElectronics.o
                0x08006760                modPowerElectronicsSetDisCharge
 .text.modPowerElectronicsSetCharge
                0x080067e4       0x20 Modules/Src/modPowerElectronics.o
                0x080067e4                modPowerElectronicsSetCharge
 .text.modPowerElectronicsSetChargePFET
                0x08006804       0x20 Modules/Src/modPowerElectronics.o
                0x08006804                modPowerElectronicsSetChargePFET
 .text.modPowerElectronicsSetCooling
                0x08006824       0x20 Modules/Src/modPowerElectronics.o
                0x08006824                modPowerElectronicsSetCooling
 .text.modPowerElectronicsSubTaskVoltageWatch
                0x08006844      0x26c Modules/Src/modPowerElectronics.o
                0x08006844                modPowerElectronicsSubTaskVoltageWatch
 .text.modPowerElectronicsCalcTempStats
                0x08006ab0      0x1dc Modules/Src/modPowerElectronics.o
                0x08006ab0                modPowerElectronicsCalcTempStats
 .text.modPowerElectronicsMapVariableFloat
                0x08006c8c       0x36 Modules/Src/modPowerElectronics.o
                0x08006c8c                modPowerElectronicsMapVariableFloat
 .text.modPowerElectronicsInitISL
                0x08006cc2       0x24 Modules/Src/modPowerElectronics.o
                0x08006cc2                modPowerElectronicsInitISL
 *fill*         0x08006ce6        0x2 
 .text.modPowerElectronicsCheckPackSOA
                0x08006ce8      0x1b8 Modules/Src/modPowerElectronics.o
                0x08006ce8                modPowerElectronicsCheckPackSOA
 .text.modPowerElectronicsHCSafetyCANAndPowerButtonCheck
                0x08006ea0       0x34 Modules/Src/modPowerElectronics.o
                0x08006ea0                modPowerElectronicsHCSafetyCANAndPowerButtonCheck
 .text.modPowerElectronicsResetBalanceModeActiveTimeout
                0x08006ed4       0x10 Modules/Src/modPowerElectronics.o
                0x08006ed4                modPowerElectronicsResetBalanceModeActiveTimeout
 .text.modPowerElectronicsCellMonitorsInit
                0x08006ee4       0x78 Modules/Src/modPowerElectronics.o
                0x08006ee4                modPowerElectronicsCellMonitorsInit
 .text.modPowerElectronicsCellMonitorsArrayTranslate
                0x08006f5c       0x98 Modules/Src/modPowerElectronics.o
                0x08006f5c                modPowerElectronicsCellMonitorsArrayTranslate
 .text.modPowerElectronicsAuxMonitorsArrayTranslate
                0x08006ff4       0x78 Modules/Src/modPowerElectronics.o
                0x08006ff4                modPowerElectronicsAuxMonitorsArrayTranslate
 .text.modPowerElectronicsExpMonitorsArrayTranslate
                0x0800706c       0x5c Modules/Src/modPowerElectronics.o
                0x0800706c                modPowerElectronicsExpMonitorsArrayTranslate
 .text.modPowerElectronicsCellMonitorsCheckAndSolveInitState
                0x080070c8       0x20 Modules/Src/modPowerElectronics.o
                0x080070c8                modPowerElectronicsCellMonitorsCheckAndSolveInitState
 .text.modPowerElectronicsCellMonitorsCheckConfigAndReadAnalogData
                0x080070e8       0x68 Modules/Src/modPowerElectronics.o
                0x080070e8                modPowerElectronicsCellMonitorsCheckConfigAndReadAnalogData
 .text.modPowerElectronicsCellMonitorsStartCellConversion
                0x08007150       0x18 Modules/Src/modPowerElectronics.o
                0x08007150                modPowerElectronicsCellMonitorsStartCellConversion
 .text.modPowerElectronicsInit
                0x08007168      0x1c0 Modules/Src/modPowerElectronics.o
                0x08007168                modPowerElectronicsInit
 .text.modPowerElectronicsCellMonitorsStartLoadedCellConversion
                0x08007328       0x1e Modules/Src/modPowerElectronics.o
                0x08007328                modPowerElectronicsCellMonitorsStartLoadedCellConversion
 .text.modPowerElectronicsCellMonitorsStartTemperatureConversion
                0x08007346       0x16 Modules/Src/modPowerElectronics.o
                0x08007346                modPowerElectronicsCellMonitorsStartTemperatureConversion
 .text.modPowerElectronicsCellMonitorsEnableBalanceResistorsArrayTest
                0x0800735c       0x40 Modules/Src/modPowerElectronics.o
                0x0800735c                modPowerElectronicsCellMonitorsEnableBalanceResistorsArrayTest
 .text.modPowerElectronicsTerminalCellConnectionTest
                0x0800739c      0x588 Modules/Src/modPowerElectronics.o
                0x0800739c                modPowerElectronicsTerminalCellConnectionTest
 .text.modPowerElectronicsCellMonitorsEnableBalanceResistorsArray
                0x08007924       0x28 Modules/Src/modPowerElectronics.o
                0x08007924                modPowerElectronicsCellMonitorsEnableBalanceResistorsArray
 .text.modPowerElectronicsSubTaskBalancing
                0x0800794c       0xec Modules/Src/modPowerElectronics.o
                0x0800794c                modPowerElectronicsSubTaskBalancing
 .text.modPowerElectronicsSamplePackVoltage
                0x08007a38       0x58 Modules/Src/modPowerElectronics.o
                0x08007a38                modPowerElectronicsSamplePackVoltage
 .text.modPowerElectronicsCalcPackCurrent
                0x08007a90       0x80 Modules/Src/modPowerElectronics.o
                0x08007a90                modPowerElectronicsCalcPackCurrent
 .text.modPowerElectronicsLCSenseSample
                0x08007b10       0x5c Modules/Src/modPowerElectronics.o
                0x08007b10                modPowerElectronicsLCSenseSample
 .text.modPowerElectronicsSamplePackAndLCData
                0x08007b6c       0x84 Modules/Src/modPowerElectronics.o
                0x08007b6c                modPowerElectronicsSamplePackAndLCData
 .text.modPowerElectronicsLowestInThree
                0x08007bf0       0x12 Modules/Src/modPowerElectronics.o
                0x08007bf0                modPowerElectronicsLowestInThree
 *fill*         0x08007c02        0x2 
 .text.modPowerElectronicsCalcThrottle
                0x08007c04      0x1d0 Modules/Src/modPowerElectronics.o
                0x08007c04                modPowerElectronicsCalcThrottle
 .text.modPowerElectronicsTask
                0x08007dd4       0xc4 Modules/Src/modPowerElectronics.o
                0x08007dd4                modPowerElectronicsTask
 .text.modPowerElectronicsResetCurrentOffset
                0x08007e98       0x14 Modules/Src/modPowerElectronics.o
                0x08007e98                modPowerElectronicsResetCurrentOffset
 .text.modPowerStateSetConfigHandle
                0x08007eac       0x30 Modules/Src/modPowerState.o
                0x08007eac                modPowerStateSetConfigHandle
 .text.modPowerStateTask
                0x08007edc      0x104 Modules/Src/modPowerState.o
                0x08007edc                modPowerStateTask
 .text.modPowerStateGetButtonPressedState
                0x08007fe0        0xc Modules/Src/modPowerState.o
                0x08007fe0                modPowerStateGetButtonPressedState
 .text.modPowerStateChargerDetected
                0x08007fec        0x6 Modules/Src/modPowerState.o
                0x08007fec                modPowerStateChargerDetected
 *fill*         0x08007ff2        0x2 
 .text.modPowerStatePowerdownRequest
                0x08007ff4       0x28 Modules/Src/modPowerState.o
                0x08007ff4                modPowerStatePowerdownRequest
 .text.modPowerStateForceOnRequest
                0x0800801c       0x1c Modules/Src/modPowerState.o
                0x0800801c                modPowerStateForceOnRequest
 .text.modPowerStateSetState
                0x08008038        0x8 Modules/Src/modPowerState.o
                0x08008038                modPowerStateSetState
 .text.modPowerStateInit
                0x08008040       0xa0 Modules/Src/modPowerState.o
                0x08008040                modPowerStateInit
 .text.modPowerStateButtonPressedOnTurnon
                0x080080e0        0xc Modules/Src/modPowerState.o
                0x080080e0                modPowerStateButtonPressedOnTurnon
 .text.modPowerStateGetLongButtonPressState
                0x080080ec        0xc Modules/Src/modPowerState.o
                0x080080ec                modPowerStateGetLongButtonPressState
 .text.modStateOfChargeInit
                0x080080f8       0x3c Modules/Src/modStateOfCharge.o
                0x080080f8                modStateOfChargeInit
 .text.modStateOfChargeStoreStateOfCharge
                0x08008134        0xc Modules/Src/modStateOfCharge.o
                0x08008134                modStateOfChargeStoreStateOfCharge
 .text.modStateOfChargeProcess
                0x08008140       0xec Modules/Src/modStateOfCharge.o
                0x08008140                modStateOfChargeProcess
 .text.modStateOfChargeLoadStateOfCharge
                0x0800822c        0xc Modules/Src/modStateOfCharge.o
                0x0800822c                modStateOfChargeLoadStateOfCharge
 .text.modStateOfChargeStoreAndLoadDefaultStateOfCharge
                0x08008238       0x48 Modules/Src/modStateOfCharge.o
                0x08008238                modStateOfChargeStoreAndLoadDefaultStateOfCharge
 .text.modStateOfChargePowerDownSave
                0x08008280       0x1c Modules/Src/modStateOfCharge.o
                0x08008280                modStateOfChargePowerDownSave
 .text.modStateOfChargeVoltageEvent
                0x0800829c       0x18 Modules/Src/modStateOfCharge.o
                0x0800829c                modStateOfChargeVoltageEvent
 .text.modTerminalProcessString
                0x080082b4      0x98c Modules/Src/modTerminal.o
                0x080082b4                modTerminalProcessString
 .text.modTerminalRegisterCommandCallBack
                0x08008c40       0x64 Modules/Src/modTerminal.o
                0x08008c40                modTerminalRegisterCommandCallBack
 .text.modUARTSendPacketWrapper
                0x08008ca4        0x6 Modules/Src/modUART.o
                0x08008ca4                modUARTSendPacketWrapper
 *fill*         0x08008caa        0x2 
 .text.modUARTProcessPacket
                0x08008cac       0x20 Modules/Src/modUART.o
                0x08008cac                modUARTProcessPacket
 .text.modUARTSendPacket
                0x08008ccc       0x16 Modules/Src/modUART.o
                0x08008ccc                modUARTSendPacket
 *fill*         0x08008ce2        0x2 
 .text.modUARTInit
                0x08008ce4       0x20 Modules/Src/modUART.o
                0x08008ce4                modUARTInit
 .text.modUARTTask
                0x08008d04       0x24 Modules/Src/modUART.o
                0x08008d04                modUARTTask
 .text.driverSWStorageManagerInit
                0x08008d28       0x70 Drivers/SWDrivers/Src/driverSWStorageManager.o
                0x08008d28                driverSWStorageManagerInit
 .text.driverSWStorageManagerEraseData
                0x08008d98        0xe Drivers/SWDrivers/Src/driverSWStorageManager.o
                0x08008d98                driverSWStorageManagerEraseData
 *fill*         0x08008da6        0x2 
 .text.driverSWStorageManagerGetOffsetFromLocation
                0x08008da8       0x18 Drivers/SWDrivers/Src/driverSWStorageManager.o
                0x08008da8                driverSWStorageManagerGetOffsetFromLocation
 .text.driverSWStorageManagerGetStructSize
                0x08008dc0       0x24 Drivers/SWDrivers/Src/driverSWStorageManager.o
                0x08008dc0                driverSWStorageManagerGetStructSize
 .text.driverSWStorageManagerStoreStruct
                0x08008de4       0x4c Drivers/SWDrivers/Src/driverSWStorageManager.o
                0x08008de4                driverSWStorageManagerStoreStruct
 .text.driverSWStorageManagerGetStruct
                0x08008e30       0x4c Drivers/SWDrivers/Src/driverSWStorageManager.o
                0x08008e30                driverSWStorageManagerGetStruct
 .text.driverSWSSD1306Command
                0x08008e7c       0x28 Drivers/SWDrivers/Src/driverSWSSD1306.o
                0x08008e7c                driverSWSSD1306Command
 .text.driverSWSSD1306Init
                0x08008ea4       0xcc Drivers/SWDrivers/Src/driverSWSSD1306.o
                0x08008ea4                driverSWSSD1306Init
 .text.driverSWSSD1306ClearDisplayBuffers
                0x08008f70       0x10 Drivers/SWDrivers/Src/driverSWSSD1306.o
                0x08008f70                driverSWSSD1306ClearDisplayBuffers
 .text.driverSWSSD1306ClearDisplay
                0x08008f80       0x10 Drivers/SWDrivers/Src/driverSWSSD1306.o
                0x08008f80                driverSWSSD1306ClearDisplay
 .text.driverSWSSD1306FillBuffer
                0x08008f90       0x10 Drivers/SWDrivers/Src/driverSWSSD1306.o
                0x08008f90                driverSWSSD1306FillBuffer
 .text.driverSWSSD1306DisplayAsync
                0x08008fa0       0xa4 Drivers/SWDrivers/Src/driverSWSSD1306.o
                0x08008fa0                driverSWSSD1306DisplayAsync
 .text.driverSWSSD1306DrawPixel
                0x08009044       0xe0 Drivers/SWDrivers/Src/driverSWSSD1306.o
                0x08009044                driverSWSSD1306DrawPixel
 .text.driverSWLTC6804DelayMS
                0x08009124       0x1a Drivers/SWDrivers/Src/driverSWLTC6804.o
                0x08009124                driverSWLTC6804DelayMS
 *fill*         0x0800913e        0x2 
 .text.driverSWLTC6804CalcPEC15
                0x08009140       0x2c Drivers/SWDrivers/Src/driverSWLTC6804.o
                0x08009140                driverSWLTC6804CalcPEC15
 .text.driverSWLTC6804Write
                0x0800916c        0xa Drivers/SWDrivers/Src/driverSWLTC6804.o
                0x0800916c                driverSWLTC6804Write
 .text.driverSWLTC6804WriteRead
                0x08009176       0x16 Drivers/SWDrivers/Src/driverSWLTC6804.o
                0x08009176                driverSWLTC6804WriteRead
 .text.driverSWLTC6804ReadConfigRegister
                0x0800918c       0x80 Drivers/SWDrivers/Src/driverSWLTC6804.o
                0x0800918c                driverSWLTC6804ReadConfigRegister
 .text.driverSWLTC6804WakeIC
                0x0800920c       0x30 Drivers/SWDrivers/Src/driverSWLTC6804.o
                0x0800920c                driverSWLTC6804WakeIC
 .text.driverSWLTC6804ResetCellVoltageRegisters
                0x0800923c       0x34 Drivers/SWDrivers/Src/driverSWLTC6804.o
                0x0800923c                driverSWLTC6804ResetCellVoltageRegisters
 .text.driverSWLTC6804ResetAuxRegisters
                0x08009270       0x34 Drivers/SWDrivers/Src/driverSWLTC6804.o
                0x08009270                driverSWLTC6804ResetAuxRegisters
 .text.driverSWLTC6804StartCellVoltageConversion
                0x080092a4       0x4a Drivers/SWDrivers/Src/driverSWLTC6804.o
                0x080092a4                driverSWLTC6804StartCellVoltageConversion
 .text.driverSWLTC6804StartLoadedCellVoltageConversion
                0x080092ee       0x4c Drivers/SWDrivers/Src/driverSWLTC6804.o
                0x080092ee                driverSWLTC6804StartLoadedCellVoltageConversion
 .text.driverSWLTC6804StartAuxVoltageConversion
                0x0800933a       0x46 Drivers/SWDrivers/Src/driverSWLTC6804.o
                0x0800933a                driverSWLTC6804StartAuxVoltageConversion
 .text.driverSWLTC6804ReadCellVoltageGroups
                0x08009380       0x48 Drivers/SWDrivers/Src/driverSWLTC6804.o
                0x08009380                driverSWLTC6804ReadCellVoltageGroups
 .text.driverSWLTC6804ReadCellVoltageRegisters
                0x080093c8      0x12c Drivers/SWDrivers/Src/driverSWLTC6804.o
                0x080093c8                driverSWLTC6804ReadCellVoltageRegisters
 .text.driverSWLTC6804ReadCellVoltagesArray
                0x080094f4       0xb0 Drivers/SWDrivers/Src/driverSWLTC6804.o
                0x080094f4                driverSWLTC6804ReadCellVoltagesArray
 .text.driverSWLTC6804ReadAuxGroups
                0x080095a4       0x58 Drivers/SWDrivers/Src/driverSWLTC6804.o
                0x080095a4                driverSWLTC6804ReadAuxGroups
 .text.driverSWLTC6804ReadAuxVoltageRegisters
                0x080095fc      0x12c Drivers/SWDrivers/Src/driverSWLTC6804.o
                0x080095fc                driverSWLTC6804ReadAuxVoltageRegisters
 .text.driverSWLTC6804WriteConfigRegister
                0x08009728      0x150 Drivers/SWDrivers/Src/driverSWLTC6804.o
                0x08009728                driverSWLTC6804WriteConfigRegister
 .text.driverSWLTC6804WriteConfigRegisterB
                0x08009878      0x10c Drivers/SWDrivers/Src/driverSWLTC6804.o
                0x08009878                driverSWLTC6804WriteConfigRegisterB
 .text.driverSWLTC6804EnableBalanceResistorsArray
                0x08009984       0x2c Drivers/SWDrivers/Src/driverSWLTC6804.o
                0x08009984                driverSWLTC6804EnableBalanceResistorsArray
 .text.driverSWLTC6804Init
                0x080099b0       0xb0 Drivers/SWDrivers/Src/driverSWLTC6804.o
                0x080099b0                driverSWLTC6804Init
 .text.driverSWLTC6804ConvertTemperatureExt
                0x08009a60       0xbc Drivers/SWDrivers/Src/driverSWLTC6804.o
                0x08009a60                driverSWLTC6804ConvertTemperatureExt
 .text.driverSWLTC6804ReadAuxVoltagesArray
                0x08009b1c       0xe8 Drivers/SWDrivers/Src/driverSWLTC6804.o
                0x08009b1c                driverSWLTC6804ReadAuxVoltagesArray
 .text.driverSWISL28022Init
                0x08009c04       0x6a Drivers/SWDrivers/Src/driverSWISL28022.o
                0x08009c04                driverSWISL28022Init
 *fill*         0x08009c6e        0x2 
 .text.driverSWISL28022GetBusCurrent
                0x08009c70       0x9c Drivers/SWDrivers/Src/driverSWISL28022.o
                0x08009c70                driverSWISL28022GetBusCurrent
 .text.driverSWISL28022GetBusVoltage
                0x08009d0c       0xac Drivers/SWDrivers/Src/driverSWISL28022.o
                0x08009d0c                driverSWISL28022GetBusVoltage
 .text.driverSWADC128D818Init
                0x08009db8      0x120 Drivers/SWDrivers/Src/driverSWADC128D818.o
                0x08009db8                driverSWADC128D818Init
 .text.driverSWADC128D818ReadExpVoltages
                0x08009ed8       0x78 Drivers/SWDrivers/Src/driverSWADC128D818.o
                0x08009ed8                driverSWADC128D818ReadExpVoltages
 .text.driverSWADC128D818ConvertTemperatureExt
                0x08009f50       0xc0 Drivers/SWDrivers/Src/driverSWADC128D818.o
                0x08009f50                driverSWADC128D818ConvertTemperatureExt
 .text.driverSWADC128D818ReadExpVoltagesArray
                0x0800a010       0xe8 Drivers/SWDrivers/Src/driverSWADC128D818.o
                0x0800a010                driverSWADC128D818ReadExpVoltagesArray
 .text.driverSWUART2Init
                0x0800a0f8       0x24 Drivers/SWDrivers/Src/driverSWUART2.o
                0x0800a0f8                driverSWUART2Init
 .text.driverSWUART2Task
                0x0800a11c       0x34 Drivers/SWDrivers/Src/driverSWUART2.o
                0x0800a11c                driverSWUART2Task
 .text.driverHWADCSetInputChannel
                0x0800a150       0x24 Drivers/HWDrivers/Src/driverHWADC.o
                0x0800a150                driverHWADCSetInputChannel
 .text.driverHWADCInit
                0x0800a174       0xa4 Drivers/HWDrivers/Src/driverHWADC.o
                0x0800a174                driverHWADCInit
 .text.driverHWADCGetLoadVoltage
                0x0800a218       0x70 Drivers/HWDrivers/Src/driverHWADC.o
                0x0800a218                driverHWADCGetLoadVoltage
 .text.driverHWADCGetNTCValue
                0x0800a288       0xcc Drivers/HWDrivers/Src/driverHWADC.o
                0x0800a288                driverHWADCGetNTCValue
 .text.driverHWEEPROMVerifyPageFullyErased
                0x0800a354       0x24 Drivers/HWDrivers/Src/driverHWEEPROM.o
 .text.driverHWEEPROMVerifyPageFullWriteVariable
                0x0800a378       0x78 Drivers/HWDrivers/Src/driverHWEEPROM.o
 .text.driverHWEEPROMFormat
                0x0800a3f0       0x58 Drivers/HWDrivers/Src/driverHWEEPROM.o
 .text.driverHWEEPROMEraseFlash
                0x0800a448       0x22 Drivers/HWDrivers/Src/driverHWEEPROM.o
                0x0800a448                driverHWEEPROMEraseFlash
 *fill*         0x0800a46a        0x2 
 .text.driverHWEEPROMReadVariable
                0x0800a46c       0x54 Drivers/HWDrivers/Src/driverHWEEPROM.o
                0x0800a46c                driverHWEEPROMReadVariable
 .text.driverHWEEPROMInit
                0x0800a4c0      0x1a8 Drivers/HWDrivers/Src/driverHWEEPROM.o
                0x0800a4c0                driverHWEEPROMInit
 .text.driverHWEEPROMWriteVariable
                0x0800a668       0xe4 Drivers/HWDrivers/Src/driverHWEEPROM.o
                0x0800a668                driverHWEEPROMWriteVariable
 .text.driverHWI2C1Init
                0x0800a74c       0xac Drivers/HWDrivers/Src/driverHWI2C1.o
                0x0800a74c                driverHWI2C1Init
 .text.driverHWI2C1Write
                0x0800a7f8       0x24 Drivers/HWDrivers/Src/driverHWI2C1.o
                0x0800a7f8                driverHWI2C1Write
 .text.driverHWI2C1Read
                0x0800a81c       0x28 Drivers/HWDrivers/Src/driverHWI2C1.o
                0x0800a81c                driverHWI2C1Read
 .text.driverHWI2C2Init
                0x0800a844       0xb0 Drivers/HWDrivers/Src/driverHWI2C2.o
                0x0800a844                driverHWI2C2Init
 .text.driverHWI2C2Write
                0x0800a8f4       0x20 Drivers/HWDrivers/Src/driverHWI2C2.o
                0x0800a8f4                driverHWI2C2Write
 .text.driverHWI2C2Read
                0x0800a914       0x24 Drivers/HWDrivers/Src/driverHWI2C2.o
                0x0800a914                driverHWI2C2Read
 .text.driverHWPowerStateInit
                0x0800a938       0xa4 Drivers/HWDrivers/Src/driverHWPowerState.o
                0x0800a938                driverHWPowerStateInit
 .text.driverHWPowerStateSetOutput
                0x0800a9dc       0x1c Drivers/HWDrivers/Src/driverHWPowerState.o
                0x0800a9dc                driverHWPowerStateSetOutput
 .text.driverHWPowerStateReadInput
                0x0800a9f8       0x20 Drivers/HWDrivers/Src/driverHWPowerState.o
                0x0800a9f8                driverHWPowerStateReadInput
 .text.driverHWSPI1Init
                0x0800aa18       0x5c Drivers/HWDrivers/Src/driverHWSPI1.o
                0x0800aa18                driverHWSPI1Init
 .text.driverHWSPI1Write
                0x0800aa74       0x5c Drivers/HWDrivers/Src/driverHWSPI1.o
                0x0800aa74                driverHWSPI1Write
 .text.driverHWSPI1WriteRead
                0x0800aad0       0x90 Drivers/HWDrivers/Src/driverHWSPI1.o
                0x0800aad0                driverHWSPI1WriteRead
 .text.driverHWSwitchesSetSwitchState
                0x0800ab60       0x1c Drivers/HWDrivers/Src/driverHWSwitches.o
                0x0800ab60                driverHWSwitchesSetSwitchState
 .text.driverHWSwitchesInit
                0x0800ab7c       0x48 Drivers/HWDrivers/Src/driverHWSwitches.o
                0x0800ab7c                driverHWSwitchesInit
 .text.driverHWSwitchesDisableAll
                0x0800abc4       0x20 Drivers/HWDrivers/Src/driverHWSwitches.o
                0x0800abc4                driverHWSwitchesDisableAll
 .text.driverHWStatusInit
                0x0800abe4       0x48 Drivers/HWDrivers/Src/driverHWStatus.o
                0x0800abe4                driverHWStatusInit
 .text.driverHWSetOutput
                0x0800ac2c       0x1c Drivers/HWDrivers/Src/driverHWStatus.o
                0x0800ac2c                driverHWSetOutput
 .text.driverHWUART2Init
                0x0800ac48       0xb4 Drivers/HWDrivers/Src/driverHWUART2.o
                0x0800ac48                driverHWUART2Init
 .text.driverHWUART2SendChar
                0x0800acfc       0x20 Drivers/HWDrivers/Src/driverHWUART2.o
                0x0800acfc                driverHWUART2SendChar
 .text.driverHWUART2GetChar
                0x0800ad1c       0x34 Drivers/HWDrivers/Src/driverHWUART2.o
                0x0800ad1c                driverHWUART2GetChar
 .text.DMA1_Channel6_IRQHandler
                0x0800ad50        0xc Drivers/HWDrivers/Src/driverHWUART2.o
                0x0800ad50                DMA1_Channel6_IRQHandler
 .text.HAL_InitTick
                0x0800ad5c       0x2c Drivers/STM32F3xx_HAL_Driver/Src/stm32f3xx_hal.o
                0x0800ad5c                HAL_InitTick
 .text.HAL_Init
                0x0800ad88       0x24 Drivers/STM32F3xx_HAL_Driver/Src/stm32f3xx_hal.o
                0x0800ad88                HAL_Init
 .text.HAL_IncTick
                0x0800adac       0x10 Drivers/STM32F3xx_HAL_Driver/Src/stm32f3xx_hal.o
                0x0800adac                HAL_IncTick
 .text.HAL_GetTick
                0x0800adbc        0xc Drivers/STM32F3xx_HAL_Driver/Src/stm32f3xx_hal.o
                0x0800adbc                HAL_GetTick
 .text.HAL_Delay
                0x0800adc8       0x1a Drivers/STM32F3xx_HAL_Driver/Src/stm32f3xx_hal.o
                0x0800adc8                HAL_Delay
 .text.ADC_Disable
                0x0800ade2       0x6e Drivers/STM32F3xx_HAL_Driver/Src/stm32f3xx_hal_adc_ex.o
 .text.ADC_Enable
                0x0800ae50       0x5c Drivers/STM32F3xx_HAL_Driver/Src/stm32f3xx_hal_adc_ex.o
 .text.HAL_ADC_Init
                0x0800aeac      0x234 Drivers/STM32F3xx_HAL_Driver/Src/stm32f3xx_hal_adc_ex.o
                0x0800aeac                HAL_ADC_Init
 .text.HAL_ADC_Start
                0x0800b0e0      0x150 Drivers/STM32F3xx_HAL_Driver/Src/stm32f3xx_hal_adc_ex.o
                0x0800b0e0                HAL_ADC_Start
 .text.HAL_ADC_PollForConversion
                0x0800b230      0x13c Drivers/STM32F3xx_HAL_Driver/Src/stm32f3xx_hal_adc_ex.o
                0x0800b230                HAL_ADC_PollForConversion
 .text.HAL_ADC_GetValue
                0x0800b36c        0x6 Drivers/STM32F3xx_HAL_Driver/Src/stm32f3xx_hal_adc_ex.o
                0x0800b36c                HAL_ADC_GetValue
 *fill*         0x0800b372        0x2 
 .text.HAL_ADC_ConfigChannel
                0x0800b374      0x330 Drivers/STM32F3xx_HAL_Driver/Src/stm32f3xx_hal_adc_ex.o
                0x0800b374                HAL_ADC_ConfigChannel
 .text.HAL_CAN_ConfigFilter
                0x0800b6a4       0xc6 Drivers/STM32F3xx_HAL_Driver/Src/stm32f3xx_hal_can.o
                0x0800b6a4                HAL_CAN_ConfigFilter
 .text.HAL_CAN_Init
                0x0800b76a      0x12c Drivers/STM32F3xx_HAL_Driver/Src/stm32f3xx_hal_can.o
                0x0800b76a                HAL_CAN_Init
 *fill*         0x0800b896        0x2 
 .text.HAL_CAN_Transmit
                0x0800b898      0x148 Drivers/STM32F3xx_HAL_Driver/Src/stm32f3xx_hal_can.o
                0x0800b898                HAL_CAN_Transmit
 .text.HAL_CAN_Receive_IT
                0x0800b9e0       0x80 Drivers/STM32F3xx_HAL_Driver/Src/stm32f3xx_hal_can.o
                0x0800b9e0                HAL_CAN_Receive_IT
 .text.HAL_CAN_TxCpltCallback
                0x0800ba60        0x2 Drivers/STM32F3xx_HAL_Driver/Src/stm32f3xx_hal_can.o
                0x0800ba60                HAL_CAN_TxCpltCallback
 .text.CAN_Receive_IT.isra.0
                0x0800ba62       0xf2 Drivers/STM32F3xx_HAL_Driver/Src/stm32f3xx_hal_can.o
 .text.HAL_CAN_ErrorCallback
                0x0800bb54        0x2 Drivers/STM32F3xx_HAL_Driver/Src/stm32f3xx_hal_can.o
                0x0800bb54                HAL_CAN_ErrorCallback
 *fill*         0x0800bb56        0x2 
 .text.HAL_CAN_IRQHandler
                0x0800bb58      0x184 Drivers/STM32F3xx_HAL_Driver/Src/stm32f3xx_hal_can.o
                0x0800bb58                HAL_CAN_IRQHandler
 .text.HAL_NVIC_SetPriorityGrouping
                0x0800bcdc       0x24 Drivers/STM32F3xx_HAL_Driver/Src/stm32f3xx_hal_cortex.o
                0x0800bcdc                HAL_NVIC_SetPriorityGrouping
 .text.HAL_NVIC_SetPriority
                0x0800bd00       0x64 Drivers/STM32F3xx_HAL_Driver/Src/stm32f3xx_hal_cortex.o
                0x0800bd00                HAL_NVIC_SetPriority
 .text.HAL_NVIC_EnableIRQ
                0x0800bd64       0x18 Drivers/STM32F3xx_HAL_Driver/Src/stm32f3xx_hal_cortex.o
                0x0800bd64                HAL_NVIC_EnableIRQ
 .text.HAL_SYSTICK_Config
                0x0800bd7c       0x28 Drivers/STM32F3xx_HAL_Driver/Src/stm32f3xx_hal_cortex.o
                0x0800bd7c                HAL_SYSTICK_Config
 .text.HAL_SYSTICK_CLKSourceConfig
                0x0800bda4       0x16 Drivers/STM32F3xx_HAL_Driver/Src/stm32f3xx_hal_cortex.o
                0x0800bda4                HAL_SYSTICK_CLKSourceConfig
 .text.HAL_SYSTICK_Callback
                0x0800bdba        0x2 Drivers/STM32F3xx_HAL_Driver/Src/stm32f3xx_hal_cortex.o
                0x0800bdba                HAL_SYSTICK_Callback
 .text.HAL_SYSTICK_IRQHandler
                0x0800bdbc        0x8 Drivers/STM32F3xx_HAL_Driver/Src/stm32f3xx_hal_cortex.o
                0x0800bdbc                HAL_SYSTICK_IRQHandler
 .text.HAL_DMA_Init
                0x0800bdc4       0x4a Drivers/STM32F3xx_HAL_Driver/Src/stm32f3xx_hal_dma.o
                0x0800bdc4                HAL_DMA_Init
 .text.HAL_DMA_Start_IT
                0x0800be0e       0x52 Drivers/STM32F3xx_HAL_Driver/Src/stm32f3xx_hal_dma.o
                0x0800be0e                HAL_DMA_Start_IT
 .text.HAL_DMA_IRQHandler
                0x0800be60      0x56c Drivers/STM32F3xx_HAL_Driver/Src/stm32f3xx_hal_dma.o
                0x0800be60                HAL_DMA_IRQHandler
 .text.FLASH_SetErrorCode
                0x0800c3cc       0x38 Drivers/STM32F3xx_HAL_Driver/Src/stm32f3xx_hal_flash.o
 .text.HAL_FLASH_Unlock
                0x0800c404       0x24 Drivers/STM32F3xx_HAL_Driver/Src/stm32f3xx_hal_flash.o
                0x0800c404                HAL_FLASH_Unlock
 .text.FLASH_WaitForLastOperation
                0x0800c428       0x4c Drivers/STM32F3xx_HAL_Driver/Src/stm32f3xx_hal_flash.o
                0x0800c428                FLASH_WaitForLastOperation
 .text.HAL_FLASH_Program
                0x0800c474       0xa0 Drivers/STM32F3xx_HAL_Driver/Src/stm32f3xx_hal_flash.o
                0x0800c474                HAL_FLASH_Program
 .text.FLASH_MassErase
                0x0800c514       0x24 Drivers/STM32F3xx_HAL_Driver/Src/stm32f3xx_hal_flash_ex.o
 .text.FLASH_PageErase
                0x0800c538       0x24 Drivers/STM32F3xx_HAL_Driver/Src/stm32f3xx_hal_flash_ex.o
                0x0800c538                FLASH_PageErase
 .text.HAL_FLASHEx_Erase
                0x0800c55c       0x9c Drivers/STM32F3xx_HAL_Driver/Src/stm32f3xx_hal_flash_ex.o
                0x0800c55c                HAL_FLASHEx_Erase
 .text.HAL_GPIO_Init
                0x0800c5f8      0x188 Drivers/STM32F3xx_HAL_Driver/Src/stm32f3xx_hal_gpio.o
                0x0800c5f8                HAL_GPIO_Init
 .text.HAL_GPIO_ReadPin
                0x0800c780        0xc Drivers/STM32F3xx_HAL_Driver/Src/stm32f3xx_hal_gpio.o
                0x0800c780                HAL_GPIO_ReadPin
 .text.HAL_GPIO_WritePin
                0x0800c78c        0xa Drivers/STM32F3xx_HAL_Driver/Src/stm32f3xx_hal_gpio.o
                0x0800c78c                HAL_GPIO_WritePin
 .text.HAL_IWDG_MspInit
                0x0800c796        0x2 Drivers/STM32F3xx_HAL_Driver/Src/stm32f3xx_hal_iwdg.o
                0x0800c796                HAL_IWDG_MspInit
 .text.HAL_IWDG_Init
                0x0800c798       0x92 Drivers/STM32F3xx_HAL_Driver/Src/stm32f3xx_hal_iwdg.o
                0x0800c798                HAL_IWDG_Init
 .text.HAL_IWDG_Start
                0x0800c82a       0x5c Drivers/STM32F3xx_HAL_Driver/Src/stm32f3xx_hal_iwdg.o
                0x0800c82a                HAL_IWDG_Start
 .text.HAL_IWDG_Refresh
                0x0800c886       0x4a Drivers/STM32F3xx_HAL_Driver/Src/stm32f3xx_hal_iwdg.o
                0x0800c886                HAL_IWDG_Refresh
 .text.I2C_Flush_TXDR
                0x0800c8d0       0x1c Drivers/STM32F3xx_HAL_Driver/Src/stm32f3xx_hal_i2c.o
 .text.I2C_TransferConfig
                0x0800c8ec       0x2a Drivers/STM32F3xx_HAL_Driver/Src/stm32f3xx_hal_i2c.o
 .text.I2C_WaitOnFlagUntilTimeout
                0x0800c916       0x4c Drivers/STM32F3xx_HAL_Driver/Src/stm32f3xx_hal_i2c.o
 .text.I2C_IsAcknowledgeFailed
                0x0800c962       0x7c Drivers/STM32F3xx_HAL_Driver/Src/stm32f3xx_hal_i2c.o
 .text.I2C_WaitOnTXISFlagUntilTimeout
                0x0800c9de       0x52 Drivers/STM32F3xx_HAL_Driver/Src/stm32f3xx_hal_i2c.o
 .text.I2C_WaitOnRXNEFlagUntilTimeout
                0x0800ca30       0x78 Drivers/STM32F3xx_HAL_Driver/Src/stm32f3xx_hal_i2c.o
 .text.I2C_WaitOnSTOPFlagUntilTimeout
                0x0800caa8       0x4e Drivers/STM32F3xx_HAL_Driver/Src/stm32f3xx_hal_i2c.o
 .text.HAL_I2C_Init
                0x0800caf6       0x9c Drivers/STM32F3xx_HAL_Driver/Src/stm32f3xx_hal_i2c.o
                0x0800caf6                HAL_I2C_Init
 .text.HAL_I2C_Master_Transmit
                0x0800cb92      0x136 Drivers/STM32F3xx_HAL_Driver/Src/stm32f3xx_hal_i2c.o
                0x0800cb92                HAL_I2C_Master_Transmit
 .text.HAL_I2C_Master_Receive
                0x0800ccc8      0x136 Drivers/STM32F3xx_HAL_Driver/Src/stm32f3xx_hal_i2c.o
                0x0800ccc8                HAL_I2C_Master_Receive
 .text.HAL_I2CEx_ConfigAnalogFilter
                0x0800cdfe       0x4c Drivers/STM32F3xx_HAL_Driver/Src/stm32f3xx_hal_i2c_ex.o
                0x0800cdfe                HAL_I2CEx_ConfigAnalogFilter
 *fill*         0x0800ce4a        0x2 
 .text.HAL_RCC_DeInit
                0x0800ce4c       0x48 Drivers/STM32F3xx_HAL_Driver/Src/stm32f3xx_hal_rcc.o
                0x0800ce4c                HAL_RCC_DeInit
 .text.HAL_RCC_OscConfig
                0x0800ce94      0x4bc Drivers/STM32F3xx_HAL_Driver/Src/stm32f3xx_hal_rcc.o
                0x0800ce94                HAL_RCC_OscConfig
 .text.HAL_RCC_GetSysClockFreq
                0x0800d350       0x64 Drivers/STM32F3xx_HAL_Driver/Src/stm32f3xx_hal_rcc.o
                0x0800d350                HAL_RCC_GetSysClockFreq
 .text.HAL_RCC_ClockConfig
                0x0800d3b4      0x164 Drivers/STM32F3xx_HAL_Driver/Src/stm32f3xx_hal_rcc.o
                0x0800d3b4                HAL_RCC_ClockConfig
 .text.HAL_RCC_GetHCLKFreq
                0x0800d518        0xc Drivers/STM32F3xx_HAL_Driver/Src/stm32f3xx_hal_rcc.o
                0x0800d518                HAL_RCC_GetHCLKFreq
 .text.HAL_RCC_GetPCLK1Freq
                0x0800d524       0x30 Drivers/STM32F3xx_HAL_Driver/Src/stm32f3xx_hal_rcc.o
                0x0800d524                HAL_RCC_GetPCLK1Freq
 .text.HAL_RCC_GetPCLK2Freq
                0x0800d554       0x30 Drivers/STM32F3xx_HAL_Driver/Src/stm32f3xx_hal_rcc.o
                0x0800d554                HAL_RCC_GetPCLK2Freq
 .text.HAL_RCCEx_PeriphCLKConfig
                0x0800d584      0x208 Drivers/STM32F3xx_HAL_Driver/Src/stm32f3xx_hal_rcc_ex.o
                0x0800d584                HAL_RCCEx_PeriphCLKConfig
 .text.SPI_WaitFifoStateUntilTimeout
                0x0800d78c       0xa0 Drivers/STM32F3xx_HAL_Driver/Src/stm32f3xx_hal_spi.o
 .text.SPI_WaitFlagStateUntilTimeout
                0x0800d82c       0x8a Drivers/STM32F3xx_HAL_Driver/Src/stm32f3xx_hal_spi.o
 .text.SPI_EndRxTxTransaction
                0x0800d8b6       0x34 Drivers/STM32F3xx_HAL_Driver/Src/stm32f3xx_hal_spi.o
 .text.HAL_SPI_Init
                0x0800d8ea       0xb0 Drivers/STM32F3xx_HAL_Driver/Src/stm32f3xx_hal_spi.o
                0x0800d8ea                HAL_SPI_Init
 .text.HAL_SPI_TransmitReceive
                0x0800d99a      0x294 Drivers/STM32F3xx_HAL_Driver/Src/stm32f3xx_hal_spi.o
                0x0800d99a                HAL_SPI_TransmitReceive
 *fill*         0x0800dc2e        0x2 
 .text.HAL_UART_Receive_DMA
                0x0800dc30       0x70 Drivers/STM32F3xx_HAL_Driver/Src/stm32f3xx_hal_uart.o
                0x0800dc30                HAL_UART_Receive_DMA
 .text.HAL_UART_RxCpltCallback
                0x0800dca0        0x2 Drivers/STM32F3xx_HAL_Driver/Src/stm32f3xx_hal_uart.o
                0x0800dca0                HAL_UART_RxCpltCallback
 .text.UART_DMAReceiveCplt
                0x0800dca2       0x2a Drivers/STM32F3xx_HAL_Driver/Src/stm32f3xx_hal_uart.o
 .text.HAL_UART_RxHalfCpltCallback
                0x0800dccc        0x2 Drivers/STM32F3xx_HAL_Driver/Src/stm32f3xx_hal_uart.o
                0x0800dccc                HAL_UART_RxHalfCpltCallback
 .text.UART_DMARxHalfCplt
                0x0800dcce        0xa Drivers/STM32F3xx_HAL_Driver/Src/stm32f3xx_hal_uart.o
 .text.HAL_UART_ErrorCallback
                0x0800dcd8        0x2 Drivers/STM32F3xx_HAL_Driver/Src/stm32f3xx_hal_uart.o
                0x0800dcd8                HAL_UART_ErrorCallback
 .text.UART_DMAError
                0x0800dcda       0x26 Drivers/STM32F3xx_HAL_Driver/Src/stm32f3xx_hal_uart.o
 .text.UART_SetConfig
                0x0800dd00      0x22c Drivers/STM32F3xx_HAL_Driver/Src/stm32f3xx_hal_uart.o
                0x0800dd00                UART_SetConfig
 .text.UART_AdvFeatureConfig
                0x0800df2c       0xa8 Drivers/STM32F3xx_HAL_Driver/Src/stm32f3xx_hal_uart.o
                0x0800df2c                UART_AdvFeatureConfig
 .text.UART_WaitOnFlagUntilTimeout
                0x0800dfd4       0x8a Drivers/STM32F3xx_HAL_Driver/Src/stm32f3xx_hal_uart.o
                0x0800dfd4                UART_WaitOnFlagUntilTimeout
 .text.HAL_UART_Transmit
                0x0800e05e       0x96 Drivers/STM32F3xx_HAL_Driver/Src/stm32f3xx_hal_uart.o
                0x0800e05e                HAL_UART_Transmit
 .text.UART_CheckIdleState
                0x0800e0f4       0x50 Drivers/STM32F3xx_HAL_Driver/Src/stm32f3xx_hal_uart.o
                0x0800e0f4                UART_CheckIdleState
 .text.HAL_UART_Init
                0x0800e144       0x64 Drivers/STM32F3xx_HAL_Driver/Src/stm32f3xx_hal_uart.o
                0x0800e144                HAL_UART_Init
 .text.PendSV_Handler
                0x0800e1a8        0x2 Device/stm32f3xx_it.o
                0x0800e1a8                PendSV_Handler
 .text.SysTick_Handler
                0x0800e1aa        0xe Device/stm32f3xx_it.o
                0x0800e1aa                SysTick_Handler
 .text.HAL_MspInit
                0x0800e1b8       0x7c Device/stm32f3xx_hal_msp.o
                0x0800e1b8                HAL_MspInit
 .text.HAL_ADC_MspInit
                0x0800e234       0x40 Device/stm32f3xx_hal_msp.o
                0x0800e234                HAL_ADC_MspInit
 .text.HAL_CAN_MspInit
                0x0800e274       0x5c Device/stm32f3xx_hal_msp.o
                0x0800e274                HAL_CAN_MspInit
 .text.HAL_I2C_MspInit
                0x0800e2d0       0x90 Device/stm32f3xx_hal_msp.o
                0x0800e2d0                HAL_I2C_MspInit
 .text.HAL_SPI_MspInit
                0x0800e360       0xbc Device/stm32f3xx_hal_msp.o
                0x0800e360                HAL_SPI_MspInit
 .text.HAL_UART_MspInit
                0x0800e41c       0x48 Device/stm32f3xx_hal_msp.o
                0x0800e41c                HAL_UART_MspInit
 .text.SystemInit
                0x0800e464       0x68 Drivers/CMSIS/Device/ST/STM32F3xx/Source/Templates/system_stm32f3xx.o
                0x0800e464                SystemInit
 .text.SystemCoreClockUpdate
                0x0800e4cc       0x60 Drivers/CMSIS/Device/ST/STM32F3xx/Source/Templates/system_stm32f3xx.o
                0x0800e4cc                SystemCoreClockUpdate
 .text.libBufferAppend_uint8
                0x0800e52c        0xc Libraries/Src/libBuffer.o
                0x0800e52c                libBufferAppend_uint8
 .text.libBufferAppend_int16
                0x0800e538       0x16 Libraries/Src/libBuffer.o
                0x0800e538                libBufferAppend_int16
 .text.libBufferAppend_uint16
                0x0800e54e       0x16 Libraries/Src/libBuffer.o
                0x0800e54e                libBufferAppend_uint16
 .text.libBufferAppend_int32
                0x0800e564       0x2a Libraries/Src/libBuffer.o
                0x0800e564                libBufferAppend_int32
 .text.libBufferAppend_uint32
                0x0800e58e       0x2a Libraries/Src/libBuffer.o
                0x0800e58e                libBufferAppend_uint32
 .text.libBufferAppend_uint16_LSBFirst
                0x0800e5b8       0x16 Libraries/Src/libBuffer.o
                0x0800e5b8                libBufferAppend_uint16_LSBFirst
 .text.libBufferAppend_uint32_LSBFirst
                0x0800e5ce       0x2a Libraries/Src/libBuffer.o
                0x0800e5ce                libBufferAppend_uint32_LSBFirst
 .text.libBufferAppend_float16
                0x0800e5f8       0x14 Libraries/Src/libBuffer.o
                0x0800e5f8                libBufferAppend_float16
 .text.libBufferAppend_float32
                0x0800e60c       0x12 Libraries/Src/libBuffer.o
                0x0800e60c                libBufferAppend_float32
 *fill*         0x0800e61e        0x2 
 .text.libBufferAppend_float32_auto
                0x0800e620       0x74 Libraries/Src/libBuffer.o
                0x0800e620                libBufferAppend_float32_auto
 .text.libBufferGet_uint8
                0x0800e694        0xa Libraries/Src/libBuffer.o
                0x0800e694                libBufferGet_uint8
 .text.libBufferGet_int16
                0x0800e69e       0x14 Libraries/Src/libBuffer.o
                0x0800e69e                libBufferGet_int16
 .text.libBufferGet_uint16
                0x0800e6b2       0x14 Libraries/Src/libBuffer.o
                0x0800e6b2                libBufferGet_uint16
 .text.libBufferGet_int32
                0x0800e6c6       0x20 Libraries/Src/libBuffer.o
                0x0800e6c6                libBufferGet_int32
 .text.libBufferGet_uint32
                0x0800e6e6       0x20 Libraries/Src/libBuffer.o
                0x0800e6e6                libBufferGet_uint32
 .text.libBufferGet_float16
                0x0800e706       0x14 Libraries/Src/libBuffer.o
                0x0800e706                libBufferGet_float16
 *fill*         0x0800e71a        0x2 
 .text.libBufferGet_float32_auto
                0x0800e71c       0x4c Libraries/Src/libBuffer.o
                0x0800e71c                libBufferGet_float32_auto
 .text.libCRCCalcCRC16
                0x0800e768       0x28 Libraries/Src/libCRC.o
                0x0800e768                libCRCCalcCRC16
 .text.libGraphicsInit
                0x0800e790       0x74 Libraries/Src/libGraphics.o
                0x0800e790                libGraphicsInit
 .text.libGraphicsDrawLine
                0x0800e804       0xb4 Libraries/Src/libGraphics.o
                0x0800e804                libGraphicsDrawLine
 .text.libGraphicsDrawFastVLine
                0x0800e8b8       0x16 Libraries/Src/libGraphics.o
                0x0800e8b8                libGraphicsDrawFastVLine
 .text.libGraphicsFillRect
                0x0800e8ce       0x2a Libraries/Src/libGraphics.o
                0x0800e8ce                libGraphicsFillRect
 .text.libGraphicsDrawChar
                0x0800e8f8      0x220 Libraries/Src/libGraphics.o
                0x0800e8f8                libGraphicsDrawChar
 .text.libGraphicsSetCursor
                0x0800eb18       0x14 Libraries/Src/libGraphics.o
                0x0800eb18                libGraphicsSetCursor
 .text.libGraphicsSetTextColor_0
                0x0800eb2c       0x14 Libraries/Src/libGraphics.o
                0x0800eb2c                libGraphicsSetTextColor_0
 .text.libGraphicsSetTextSize
                0x0800eb40       0x10 Libraries/Src/libGraphics.o
                0x0800eb40                libGraphicsSetTextSize
 .text.libGraphicsWrite
                0x0800eb50      0x148 Libraries/Src/libGraphics.o
                0x0800eb50                libGraphicsWrite
 .text.libGraphicsHeight
                0x0800ec98        0xc Libraries/Src/libGraphics.o
                0x0800ec98                libGraphicsHeight
 .text.libGraphicsWidth
                0x0800eca4        0xc Libraries/Src/libGraphics.o
                0x0800eca4                libGraphicsWidth
 .text.libGraphicsGetRotation
                0x0800ecb0        0xc Libraries/Src/libGraphics.o
                0x0800ecb0                libGraphicsGetRotation
 .text.libPacketInit
                0x0800ecbc       0x18 Libraries/Src/libPacket.o
                0x0800ecbc                libPacketInit
 .text.libPacketSendPacket
                0x0800ecd4       0x8c Libraries/Src/libPacket.o
                0x0800ecd4                libPacketSendPacket
 .text.libPacketProcessByte
                0x0800ed60      0x114 Libraries/Src/libPacket.o
                0x0800ed60                libPacketProcessByte
 .text.libRingBufferNextEndIndex
                0x0800ee74       0x2c Libraries/Src/libRingBuffer.o
                0x0800ee74                libRingBufferNextEndIndex
 .text.libRingBufferIncrEnd
                0x0800eea0       0x14 Libraries/Src/libRingBuffer.o
                0x0800eea0                libRingBufferIncrEnd
 .text.libRingBufferIncrStart
                0x0800eeb4       0x14 Libraries/Src/libRingBuffer.o
                0x0800eeb4                libRingBufferIncrStart
 .text.libRingBufferNumElements
                0x0800eec8        0x4 Libraries/Src/libRingBuffer.o
                0x0800eec8                libRingBufferNumElements
 .text.libRingBufferIsFull
                0x0800eecc        0xc Libraries/Src/libRingBuffer.o
                0x0800eecc                libRingBufferIsFull
 .text.libRingBufferIsEmpty
                0x0800eed8        0xa Libraries/Src/libRingBuffer.o
                0x0800eed8                libRingBufferIsEmpty
 .text.libRingBufferAdd
                0x0800eee2       0x36 Libraries/Src/libRingBuffer.o
                0x0800eee2                libRingBufferAdd
 .text.libRingBufferPeek
                0x0800ef18       0x30 Libraries/Src/libRingBuffer.o
                0x0800ef18                libRingBufferPeek
 .text.libRingBufferPull
                0x0800ef48       0x38 Libraries/Src/libRingBuffer.o
                0x0800ef48                libRingBufferPull
 .text.libRingBufferInit
                0x0800ef80       0x7c Libraries/Src/libRingBuffer.o
                0x0800ef80                libRingBufferInit
 .text.libRingBufferNew
                0x0800effc       0x32 Libraries/Src/libRingBuffer.o
                0x0800effc                libRingBufferNew
 *fill*         0x0800f02e        0x2 
 .text.libMempools_alloc_conf
                0x0800f030       0x4c Libraries/Src/libMempools.o
                0x0800f030                libMempools_alloc_conf
 .text.libMempools_free_conf
                0x0800f07c       0x28 Libraries/Src/libMempools.o
                0x0800f07c                libMempools_free_conf
 .text.confparser_serialize_main_config_t
                0x0800f0a4       0xec Config/confparser.o
                0x0800f0a4                confparser_serialize_main_config_t
 .text.confparser_deserialize_main_config_t
                0x0800f190       0xf0 Config/confparser.o
                0x0800f190                confparser_deserialize_main_config_t
 .text.confparser_set_defaults_main_config_t
                0x0800f280       0x80 Config/confparser.o
                0x0800f280                confparser_set_defaults_main_config_t
 .text.Default_Handler
                0x0800f300        0x2 GCC/EBMS-startup.o
                0x0800f300                RTC_Alarm_IRQHandler
                0x0800f300                TIM8_TRG_COM_IRQHandler
                0x0800f300                TIM8_CC_IRQHandler
                0x0800f300                SVCall_Handler
                0x0800f300                DebugMon_Handler
                0x0800f300                TIM1_CC_IRQHandler
                0x0800f300                HardFault_Handler
                0x0800f300                USB_HP_IRQHandler
                0x0800f300                PVD_IRQHandler
                0x0800f300                TAMP_STAMP_IRQHandler
                0x0800f300                NMI_Handler
                0x0800f300                EXTI3_IRQHandler
                0x0800f300                SPI4
                0x0800f300                I2C3_ER_IRQHandler
                0x0800f300                USB_HP_CAN_TX_IRQHandler
                0x0800f300                EXTI0_IRQHandler
                0x0800f300                I2C2_EV_IRQHandler
                0x0800f300                FPU_IRQHandler
                0x0800f300                EXTI2_TS_IRQHandler
                0x0800f300                TIM1_UP_TIM16_IRQHandler
                0x0800f300                UsageFault_Handler
                0x0800f300                ADC1_2_IRQHandler
                0x0800f300                SPI1_IRQHandler
                0x0800f300                CAN_SCE_IRQHandler
                0x0800f300                TIM6_DAC_IRQHandler
                0x0800f300                TIM8_UP_IRQHandler
                0x0800f300                USBWakeUP_IRQHandler
                0x0800f300                DMA2_Channel2_IRQHandler
                0x0800f300                DMA1_Channel4_IRQHandler
                0x0800f300                TIM20_TRG_COM_IRQHandler
                0x0800f300                USART3_IRQHandler
                0x0800f300                DMA1_Channel7_IRQHandler
                0x0800f300                UART5_IRQHandler
                0x0800f300                ADC3_IRQHandler
                0x0800f300                TIM4_IRQHandler
                0x0800f300                CAN_RX1_IRQHandler
                0x0800f300                DMA2_Channel1_IRQHandler
                0x0800f300                I2C1_EV_IRQHandler
                0x0800f300                COMP_4_5_6_IRQHandler
                0x0800f300                UART4_IRQHandler
                0x0800f300                DMA2_Channel4_IRQHandler
                0x0800f300                TIM3_IRQHandler
                0x0800f300                RCC_IRQHandler
                0x0800f300                TIM20_UP_IRQHandler
                0x0800f300                DMA1_Channel1_IRQHandler
                0x0800f300                Default_Handler
                0x0800f300                USBWakeUp_RMP_IRQHandler
                0x0800f300                EXTI15_10_IRQHandler
                0x0800f300                TIM7_IRQHandler
                0x0800f300                I2C3_EV_IRQHandler
                0x0800f300                EXTI9_5_IRQHandler
                0x0800f300                RTC_WKUP_IRQHandler
                0x0800f300                SPI2_IRQHandler
                0x0800f300                MemManage_Handler
                0x0800f300                DMA2_Channel5_IRQHandler
                0x0800f300                COMP_1_2_3_IRQHandler
                0x0800f300                DMA1_Channel5_IRQHandler
                0x0800f300                USB_LP_IRQHandler
                0x0800f300                EXTI4_IRQHandler
                0x0800f300                TIM1_TRG_COM_TIM17_IRQHandler
                0x0800f300                DMA1_Channel3_IRQHandler
                0x0800f300                ADC4_IRQHandler
                0x0800f300                WWDG_IRQHandler
                0x0800f300                TIM2_IRQHandler
                0x0800f300                COMP7_IRQHandler
                0x0800f300                EXTI1_IRQHandler
                0x0800f300                USART2_IRQHandler
                0x0800f300                TIM20_BRK_IRQHandler
                0x0800f300                I2C2_ER_IRQHandler
                0x0800f300                DMA1_Channel2_IRQHandler
                0x0800f300                TIM8_BRK_IRQHandler
                0x0800f300                FLASH_IRQHandler
                0x0800f300                TIM20_CC_IRQHandler
                0x0800f300                BusFault_Handler
                0x0800f300                USART1_IRQHandler
                0x0800f300                SPI3_IRQHandler
                0x0800f300                I2C1_ER_IRQHandler
                0x0800f300                FMC_IRQHandler
                0x0800f300                DMA2_Channel3_IRQHandler
                0x0800f300                TIM1_BRK_TIM15_IRQHandler
 *fill*         0x0800f302        0x2 
 .text.Reset_Handler
                0x0800f304       0x40 GCC/EBMS-startup.o
                0x0800f304                Reset_Handler
 .text.__libc_init_array
                0x0800f344       0x48 c:/chibistudio/tools/gnu tools arm embedded/10.3 2021.10/bin/../lib/gcc/arm-none-eabi/10.3.1/../../../../arm-none-eabi/lib/thumb/v7e-m+fp/hard\libg_nano.a(lib_a-init.o)
                0x0800f344                __libc_init_array
 .text.malloc   0x0800f38c       0x10 c:/chibistudio/tools/gnu tools arm embedded/10.3 2021.10/bin/../lib/gcc/arm-none-eabi/10.3.1/../../../../arm-none-eabi/lib/thumb/v7e-m+fp/hard\libg_nano.a(lib_a-malloc.o)
                0x0800f38c                malloc
 .text.free     0x0800f39c       0x10 c:/chibistudio/tools/gnu tools arm embedded/10.3 2021.10/bin/../lib/gcc/arm-none-eabi/10.3.1/../../../../arm-none-eabi/lib/thumb/v7e-m+fp/hard\libg_nano.a(lib_a-malloc.o)
                0x0800f39c                free
 .text.memcmp   0x0800f3ac       0x20 c:/chibistudio/tools/gnu tools arm embedded/10.3 2021.10/bin/../lib/gcc/arm-none-eabi/10.3.1/../../../../arm-none-eabi/lib/thumb/v7e-m+fp/hard\libg_nano.a(lib_a-memcmp.o)
                0x0800f3ac                memcmp
 .text.memcpy   0x0800f3cc       0x1c c:/chibistudio/tools/gnu tools arm embedded/10.3 2021.10/bin/../lib/gcc/arm-none-eabi/10.3.1/../../../../arm-none-eabi/lib/thumb/v7e-m+fp/hard\libg_nano.a(lib_a-memcpy-stub.o)
                0x0800f3cc                memcpy
 .text.memset   0x0800f3e8       0x10 c:/chibistudio/tools/gnu tools arm embedded/10.3 2021.10/bin/../lib/gcc/arm-none-eabi/10.3.1/../../../../arm-none-eabi/lib/thumb/v7e-m+fp/hard\libg_nano.a(lib_a-memset.o)
                0x0800f3e8                memset
 .text._free_r  0x0800f3f8       0x98 c:/chibistudio/tools/gnu tools arm embedded/10.3 2021.10/bin/../lib/gcc/arm-none-eabi/10.3.1/../../../../arm-none-eabi/lib/thumb/v7e-m+fp/hard\libg_nano.a(lib_a-nano-freer.o)
                0x0800f3f8                _free_r
 .text.sbrk_aligned
                0x0800f490       0x40 c:/chibistudio/tools/gnu tools arm embedded/10.3 2021.10/bin/../lib/gcc/arm-none-eabi/10.3.1/../../../../arm-none-eabi/lib/thumb/v7e-m+fp/hard\libg_nano.a(lib_a-nano-mallocr.o)
 .text._malloc_r
                0x0800f4d0       0xe8 c:/chibistudio/tools/gnu tools arm embedded/10.3 2021.10/bin/../lib/gcc/arm-none-eabi/10.3.1/../../../../arm-none-eabi/lib/thumb/v7e-m+fp/hard\libg_nano.a(lib_a-nano-mallocr.o)
                0x0800f4d0                _malloc_r
 .text.__cvt    0x0800f5b8       0xc4 c:/chibistudio/tools/gnu tools arm embedded/10.3 2021.10/bin/../lib/gcc/arm-none-eabi/10.3.1/../../../../arm-none-eabi/lib/thumb/v7e-m+fp/hard\libg_nano.a(lib_a-nano-vfprintf_float.o)
                0x0800f5b8                __cvt
 .text.__exponent
                0x0800f67c       0x7c c:/chibistudio/tools/gnu tools arm embedded/10.3 2021.10/bin/../lib/gcc/arm-none-eabi/10.3.1/../../../../arm-none-eabi/lib/thumb/v7e-m+fp/hard\libg_nano.a(lib_a-nano-vfprintf_float.o)
                0x0800f67c                __exponent
 .text._printf_float
                0x0800f6f8      0x46c c:/chibistudio/tools/gnu tools arm embedded/10.3 2021.10/bin/../lib/gcc/arm-none-eabi/10.3.1/../../../../arm-none-eabi/lib/thumb/v7e-m+fp/hard\libg_nano.a(lib_a-nano-vfprintf_float.o)
                0x0800f6f8                _printf_float
 .text._printf_common
                0x0800fb64       0xda c:/chibistudio/tools/gnu tools arm embedded/10.3 2021.10/bin/../lib/gcc/arm-none-eabi/10.3.1/../../../../arm-none-eabi/lib/thumb/v7e-m+fp/hard\libg_nano.a(lib_a-nano-vfprintf_i.o)
                0x0800fb64                _printf_common
 *fill*         0x0800fc3e        0x2 
 .text._printf_i
                0x0800fc40      0x24c c:/chibistudio/tools/gnu tools arm embedded/10.3 2021.10/bin/../lib/gcc/arm-none-eabi/10.3.1/../../../../arm-none-eabi/lib/thumb/v7e-m+fp/hard\libg_nano.a(lib_a-nano-vfprintf_i.o)
                0x0800fc40                _printf_i
 .text._sbrk_r  0x0800fe8c       0x20 c:/chibistudio/tools/gnu tools arm embedded/10.3 2021.10/bin/../lib/gcc/arm-none-eabi/10.3.1/../../../../arm-none-eabi/lib/thumb/v7e-m+fp/hard\libg_nano.a(lib_a-sbrkr.o)
                0x0800fe8c                _sbrk_r
 .text.frexpf   0x0800feac       0x4c c:/chibistudio/tools/gnu tools arm embedded/10.3 2021.10/bin/../lib/gcc/arm-none-eabi/10.3.1/../../../../arm-none-eabi/lib/thumb/v7e-m+fp/hard\libg_nano.a(lib_a-sf_frexp.o)
                0x0800feac                frexpf
 .text.ldexpf   0x0800fef8       0x4c c:/chibistudio/tools/gnu tools arm embedded/10.3 2021.10/bin/../lib/gcc/arm-none-eabi/10.3.1/../../../../arm-none-eabi/lib/thumb/v7e-m+fp/hard\libg_nano.a(lib_a-sf_ldexp.o)
                0x0800fef8                ldexpf
 .text.scalbnf  0x0800ff44       0xe4 c:/chibistudio/tools/gnu tools arm embedded/10.3 2021.10/bin/../lib/gcc/arm-none-eabi/10.3.1/../../../../arm-none-eabi/lib/thumb/v7e-m+fp/hard\libg_nano.a(lib_a-sf_scalbn.o)
                0x0800ff44                scalbnf
 .text.sscanf   0x08010028       0x58 c:/chibistudio/tools/gnu tools arm embedded/10.3 2021.10/bin/../lib/gcc/arm-none-eabi/10.3.1/../../../../arm-none-eabi/lib/thumb/v7e-m+fp/hard\libg_nano.a(lib_a-sscanf.o)
                0x08010028                siscanf
                0x08010028                sscanf
 .text.__sread  0x08010080       0x22 c:/chibistudio/tools/gnu tools arm embedded/10.3 2021.10/bin/../lib/gcc/arm-none-eabi/10.3.1/../../../../arm-none-eabi/lib/thumb/v7e-m+fp/hard\libg_nano.a(lib_a-stdio.o)
                0x08010080                __sread
 .text.__seofread
                0x080100a2        0x4 c:/chibistudio/tools/gnu tools arm embedded/10.3 2021.10/bin/../lib/gcc/arm-none-eabi/10.3.1/../../../../arm-none-eabi/lib/thumb/v7e-m+fp/hard\libg_nano.a(lib_a-stdio.o)
                0x080100a2                __seofread
 .text.__swrite
                0x080100a6       0x38 c:/chibistudio/tools/gnu tools arm embedded/10.3 2021.10/bin/../lib/gcc/arm-none-eabi/10.3.1/../../../../arm-none-eabi/lib/thumb/v7e-m+fp/hard\libg_nano.a(lib_a-stdio.o)
                0x080100a6                __swrite
 .text.__sseek  0x080100de       0x24 c:/chibistudio/tools/gnu tools arm embedded/10.3 2021.10/bin/../lib/gcc/arm-none-eabi/10.3.1/../../../../arm-none-eabi/lib/thumb/v7e-m+fp/hard\libg_nano.a(lib_a-stdio.o)
                0x080100de                __sseek
 .text.__sclose
                0x08010102        0x8 c:/chibistudio/tools/gnu tools arm embedded/10.3 2021.10/bin/../lib/gcc/arm-none-eabi/10.3.1/../../../../arm-none-eabi/lib/thumb/v7e-m+fp/hard\libg_nano.a(lib_a-stdio.o)
                0x08010102                __sclose
 .text.strcpy   0x0801010a       0x10 c:/chibistudio/tools/gnu tools arm embedded/10.3 2021.10/bin/../lib/gcc/arm-none-eabi/10.3.1/../../../../arm-none-eabi/lib/thumb/v7e-m+fp/hard\libg_nano.a(lib_a-strcpy.o)
                0x0801010a                strcpy
 *fill*         0x0801011a        0x2 
 .text.strtok   0x0801011c       0x68 c:/chibistudio/tools/gnu tools arm embedded/10.3 2021.10/bin/../lib/gcc/arm-none-eabi/10.3.1/../../../../arm-none-eabi/lib/thumb/v7e-m+fp/hard\libg_nano.a(lib_a-strtok.o)
                0x0801011c                strtok
 .text.__strtok_r
                0x08010184       0x50 c:/chibistudio/tools/gnu tools arm embedded/10.3 2021.10/bin/../lib/gcc/arm-none-eabi/10.3.1/../../../../arm-none-eabi/lib/thumb/v7e-m+fp/hard\libg_nano.a(lib_a-strtok_r.o)
                0x08010184                __strtok_r
 .text._vsnprintf_r
                0x080101d4       0x56 c:/chibistudio/tools/gnu tools arm embedded/10.3 2021.10/bin/../lib/gcc/arm-none-eabi/10.3.1/../../../../arm-none-eabi/lib/thumb/v7e-m+fp/hard\libg_nano.a(lib_a-vsnprintf.o)
                0x080101d4                _vsniprintf_r
                0x080101d4                _vsnprintf_r
 *fill*         0x0801022a        0x2 
 .text.vsnprintf
                0x0801022c       0x1c c:/chibistudio/tools/gnu tools arm embedded/10.3 2021.10/bin/../lib/gcc/arm-none-eabi/10.3.1/../../../../arm-none-eabi/lib/thumb/v7e-m+fp/hard\libg_nano.a(lib_a-vsnprintf.o)
                0x0801022c                vsniprintf
                0x0801022c                vsnprintf
 .text._write_r
                0x08010248       0x24 c:/chibistudio/tools/gnu tools arm embedded/10.3 2021.10/bin/../lib/gcc/arm-none-eabi/10.3.1/../../../../arm-none-eabi/lib/thumb/v7e-m+fp/hard\libg_nano.a(lib_a-writer.o)
                0x08010248                _write_r
 .text.__assert_func
                0x0801026c       0x3c c:/chibistudio/tools/gnu tools arm embedded/10.3 2021.10/bin/../lib/gcc/arm-none-eabi/10.3.1/../../../../arm-none-eabi/lib/thumb/v7e-m+fp/hard\libg_nano.a(lib_a-assert.o)
                0x0801026c                __assert_func
 .text._close_r
                0x080102a8       0x20 c:/chibistudio/tools/gnu tools arm embedded/10.3 2021.10/bin/../lib/gcc/arm-none-eabi/10.3.1/../../../../arm-none-eabi/lib/thumb/v7e-m+fp/hard\libg_nano.a(lib_a-closer.o)
                0x080102a8                _close_r
 .text.quorem   0x080102c8      0x116 c:/chibistudio/tools/gnu tools arm embedded/10.3 2021.10/bin/../lib/gcc/arm-none-eabi/10.3.1/../../../../arm-none-eabi/lib/thumb/v7e-m+fp/hard\libg_nano.a(lib_a-dtoa.o)
 *fill*         0x080103de        0x2 
 .text._dtoa_r  0x080103e0      0xbdc c:/chibistudio/tools/gnu tools arm embedded/10.3 2021.10/bin/../lib/gcc/arm-none-eabi/10.3.1/../../../../arm-none-eabi/lib/thumb/v7e-m+fp/hard\libg_nano.a(lib_a-dtoa.o)
                0x080103e0                _dtoa_r
 .text.__errno  0x08010fbc        0xc c:/chibistudio/tools/gnu tools arm embedded/10.3 2021.10/bin/../lib/gcc/arm-none-eabi/10.3.1/../../../../arm-none-eabi/lib/thumb/v7e-m+fp/hard\libg_nano.a(lib_a-errno.o)
                0x08010fbc                __errno
 .text.fprintf  0x08010fc8       0x24 c:/chibistudio/tools/gnu tools arm embedded/10.3 2021.10/bin/../lib/gcc/arm-none-eabi/10.3.1/../../../../arm-none-eabi/lib/thumb/v7e-m+fp/hard\libg_nano.a(lib_a-fprintf.o)
                0x08010fc8                fiprintf
                0x08010fc8                fprintf
 .text._localeconv_r
                0x08010fec        0x8 c:/chibistudio/tools/gnu tools arm embedded/10.3 2021.10/bin/../lib/gcc/arm-none-eabi/10.3.1/../../../../arm-none-eabi/lib/thumb/v7e-m+fp/hard\libg_nano.a(lib_a-localeconv.o)
                0x08010fec                _localeconv_r
 .text._lseek_r
                0x08010ff4       0x24 c:/chibistudio/tools/gnu tools arm embedded/10.3 2021.10/bin/../lib/gcc/arm-none-eabi/10.3.1/../../../../arm-none-eabi/lib/thumb/v7e-m+fp/hard\libg_nano.a(lib_a-lseekr.o)
                0x08010ff4                _lseek_r
 .text.__malloc_lock
                0x08011018        0xc c:/chibistudio/tools/gnu tools arm embedded/10.3 2021.10/bin/../lib/gcc/arm-none-eabi/10.3.1/../../../../arm-none-eabi/lib/thumb/v7e-m+fp/hard\libg_nano.a(lib_a-mlock.o)
                0x08011018                __malloc_lock
 .text.__malloc_unlock
                0x08011024        0xc c:/chibistudio/tools/gnu tools arm embedded/10.3 2021.10/bin/../lib/gcc/arm-none-eabi/10.3.1/../../../../arm-none-eabi/lib/thumb/v7e-m+fp/hard\libg_nano.a(lib_a-mlock.o)
                0x08011024                __malloc_unlock
 .text._Balloc  0x08011030       0x80 c:/chibistudio/tools/gnu tools arm embedded/10.3 2021.10/bin/../lib/gcc/arm-none-eabi/10.3.1/../../../../arm-none-eabi/lib/thumb/v7e-m+fp/hard\libg_nano.a(lib_a-mprec.o)
                0x08011030                _Balloc
 .text._Bfree   0x080110b0       0x44 c:/chibistudio/tools/gnu tools arm embedded/10.3 2021.10/bin/../lib/gcc/arm-none-eabi/10.3.1/../../../../arm-none-eabi/lib/thumb/v7e-m+fp/hard\libg_nano.a(lib_a-mprec.o)
                0x080110b0                _Bfree
 .text.__multadd
                0x080110f4       0x8c c:/chibistudio/tools/gnu tools arm embedded/10.3 2021.10/bin/../lib/gcc/arm-none-eabi/10.3.1/../../../../arm-none-eabi/lib/thumb/v7e-m+fp/hard\libg_nano.a(lib_a-mprec.o)
                0x080110f4                __multadd
 .text.__hi0bits
                0x08011180       0x40 c:/chibistudio/tools/gnu tools arm embedded/10.3 2021.10/bin/../lib/gcc/arm-none-eabi/10.3.1/../../../../arm-none-eabi/lib/thumb/v7e-m+fp/hard\libg_nano.a(lib_a-mprec.o)
                0x08011180                __hi0bits
 .text.__lo0bits
                0x080111c0       0x5e c:/chibistudio/tools/gnu tools arm embedded/10.3 2021.10/bin/../lib/gcc/arm-none-eabi/10.3.1/../../../../arm-none-eabi/lib/thumb/v7e-m+fp/hard\libg_nano.a(lib_a-mprec.o)
                0x080111c0                __lo0bits
 *fill*         0x0801121e        0x2 
 .text.__i2b    0x08011220       0x2c c:/chibistudio/tools/gnu tools arm embedded/10.3 2021.10/bin/../lib/gcc/arm-none-eabi/10.3.1/../../../../arm-none-eabi/lib/thumb/v7e-m+fp/hard\libg_nano.a(lib_a-mprec.o)
                0x08011220                __i2b
 .text.__multiply
                0x0801124c      0x154 c:/chibistudio/tools/gnu tools arm embedded/10.3 2021.10/bin/../lib/gcc/arm-none-eabi/10.3.1/../../../../arm-none-eabi/lib/thumb/v7e-m+fp/hard\libg_nano.a(lib_a-mprec.o)
                0x0801124c                __multiply
 .text.__pow5mult
                0x080113a0       0xb4 c:/chibistudio/tools/gnu tools arm embedded/10.3 2021.10/bin/../lib/gcc/arm-none-eabi/10.3.1/../../../../arm-none-eabi/lib/thumb/v7e-m+fp/hard\libg_nano.a(lib_a-mprec.o)
                0x080113a0                __pow5mult
 .text.__lshift
                0x08011454       0xe0 c:/chibistudio/tools/gnu tools arm embedded/10.3 2021.10/bin/../lib/gcc/arm-none-eabi/10.3.1/../../../../arm-none-eabi/lib/thumb/v7e-m+fp/hard\libg_nano.a(lib_a-mprec.o)
                0x08011454                __lshift
 .text.__mcmp   0x08011534       0x38 c:/chibistudio/tools/gnu tools arm embedded/10.3 2021.10/bin/../lib/gcc/arm-none-eabi/10.3.1/../../../../arm-none-eabi/lib/thumb/v7e-m+fp/hard\libg_nano.a(lib_a-mprec.o)
                0x08011534                __mcmp
 .text.__mdiff  0x0801156c      0x114 c:/chibistudio/tools/gnu tools arm embedded/10.3 2021.10/bin/../lib/gcc/arm-none-eabi/10.3.1/../../../../arm-none-eabi/lib/thumb/v7e-m+fp/hard\libg_nano.a(lib_a-mprec.o)
                0x0801156c                __mdiff
 .text.__d2b    0x08011680       0xb8 c:/chibistudio/tools/gnu tools arm embedded/10.3 2021.10/bin/../lib/gcc/arm-none-eabi/10.3.1/../../../../arm-none-eabi/lib/thumb/v7e-m+fp/hard\libg_nano.a(lib_a-mprec.o)
                0x08011680                __d2b
 .text._calloc_r
                0x08011738       0x2c c:/chibistudio/tools/gnu tools arm embedded/10.3 2021.10/bin/../lib/gcc/arm-none-eabi/10.3.1/../../../../arm-none-eabi/lib/thumb/v7e-m+fp/hard\libg_nano.a(lib_a-nano-callocr.o)
                0x08011738                _calloc_r
 .text.__ssputs_r
                0x08011764       0xb6 c:/chibistudio/tools/gnu tools arm embedded/10.3 2021.10/bin/../lib/gcc/arm-none-eabi/10.3.1/../../../../arm-none-eabi/lib/thumb/v7e-m+fp/hard\libg_nano.a(lib_a-nano-svfprintf.o)
                0x08011764                __ssputs_r
 *fill*         0x0801181a        0x2 
 .text._svfprintf_r
                0x0801181c      0x200 c:/chibistudio/tools/gnu tools arm embedded/10.3 2021.10/bin/../lib/gcc/arm-none-eabi/10.3.1/../../../../arm-none-eabi/lib/thumb/v7e-m+fp/hard\libg_nano.a(lib_a-nano-svfprintf.o)
                0x0801181c                _svfiprintf_r
                0x0801181c                _svfprintf_r
 .text._sungetc_r
                0x08011a1c       0x7a c:/chibistudio/tools/gnu tools arm embedded/10.3 2021.10/bin/../lib/gcc/arm-none-eabi/10.3.1/../../../../arm-none-eabi/lib/thumb/v7e-m+fp/hard\libg_nano.a(lib_a-nano-svfscanf.o)
                0x08011a1c                _sungetc_r
 .text.__ssrefill_r
                0x08011a96       0x3a c:/chibistudio/tools/gnu tools arm embedded/10.3 2021.10/bin/../lib/gcc/arm-none-eabi/10.3.1/../../../../arm-none-eabi/lib/thumb/v7e-m+fp/hard\libg_nano.a(lib_a-nano-svfscanf.o)
                0x08011a96                __ssrefill_r
 .text.__ssvfscanf_r