Archive member included to satisfy reference by file (symbol)

c:/chibistudio/tools/gnu tools arm embedded/10.3 2021.10/bin/../lib/gcc/arm-none-eabi/10.3.1/thumb/v7e-m+fp/hard\libgcc.a(_arm_addsubdf3.o)
                              Modules/Src/modCommands.o (__aeabi_f2d)
c:/chibistudio/tools/gnu tools arm embedded/10.3 2021.10/bin/../lib/gcc/arm-none-eabi/10.3.1/thumb/v7e-m+fp/hard\libgcc.a(_arm_fixunsdfsi.o)
                              Modules/Src/modCommands.o (__aeabi_d2uiz)
c:/chibistudio/tools/gnu tools arm embedded/10.3 2021.10/bin/../lib/gcc/arm-none-eabi/10.3.1/thumb/v7e-m+fp/hard\libgcc.a(_arm_truncdfsf2.o)
                              Drivers/SWDrivers/Src/driverSWLTC6804.o (__aeabi_d2f)
c:/chibistudio/tools/gnu tools arm embedded/10.3 2021.10/bin/../lib/gcc/arm-none-eabi/10.3.1/../../../../arm-none-eabi/lib/thumb/v7e-m+fp/hard\libg_nano.a(lib_a-exit.o)
                              c:/chibistudio/tools/gnu tools arm embedded/10.3 2021.10/bin/../lib/gcc/arm-none-eabi/10.3.1/../../../../arm-none-eabi/lib/thumb/v7e-m+fp/hard/crt0.o (exit)
c:/chibistudio/tools/gnu tools arm embedded/10.3 2021.10/bin/../lib/gcc/arm-none-eabi/10.3.1/../../../../arm-none-eabi/lib/thumb/v7e-m+fp/hard\libg_nano.a(lib_a-impure.o)
                              c:/chibistudio/tools/gnu tools arm embedded/10.3 2021.10/bin/../lib/gcc/arm-none-eabi/10.3.1/../../../../arm-none-eabi/lib/thumb/v7e-m+fp/hard\libg_nano.a(lib_a-exit.o) (_global_impure_ptr)
c:/chibistudio/tools/gnu tools arm embedded/10.3 2021.10/bin/../lib/gcc/arm-none-eabi/10.3.1/../../../../arm-none-eabi/lib/thumb/v7e-m+fp/hard\libg_nano.a(lib_a-init.o)
                              c:/chibistudio/tools/gnu tools arm embedded/10.3 2021.10/bin/../lib/gcc/arm-none-eabi/10.3.1/../../../../arm-none-eabi/lib/thumb/v7e-m+fp/hard/crt0.o (__libc_init_array)
c:/chibistudio/tools/gnu tools arm embedded/10.3 2021.10/bin/../lib/gcc/arm-none-eabi/10.3.1/../../../../arm-none-eabi/lib/thumb/v7e-m+fp/hard\libg_nano.a(lib_a-malloc.o)
                              Drivers/SWDrivers/Src/driverSWStorageManager.o (malloc)
c:/chibistudio/tools/gnu tools arm embedded/10.3 2021.10/bin/../lib/gcc/arm-none-eabi/10.3.1/../../../../arm-none-eabi/lib/thumb/v7e-m+fp/hard\libg_nano.a(lib_a-memcmp.o)
                              Modules/Src/modDisplay.o (memcmp)
c:/chibistudio/tools/gnu tools arm embedded/10.3 2021.10/bin/../lib/gcc/arm-none-eabi/10.3.1/../../../../arm-none-eabi/lib/thumb/v7e-m+fp/hard\libg_nano.a(lib_a-memcpy-stub.o)
                              Modules/Src/modCAN.o (memcpy)
c:/chibistudio/tools/gnu tools arm embedded/10.3 2021.10/bin/../lib/gcc/arm-none-eabi/10.3.1/../../../../arm-none-eabi/lib/thumb/v7e-m+fp/hard\libg_nano.a(lib_a-memset.o)
                              c:/chibistudio/tools/gnu tools arm embedded/10.3 2021.10/bin/../lib/gcc/arm-none-eabi/10.3.1/../../../../arm-none-eabi/lib/thumb/v7e-m+fp/hard/crt0.o (memset)
c:/chibistudio/tools/gnu tools arm embedded/10.3 2021.10/bin/../lib/gcc/arm-none-eabi/10.3.1/../../../../arm-none-eabi/lib/thumb/v7e-m+fp/hard\libg_nano.a(lib_a-nano-freer.o)
                              c:/chibistudio/tools/gnu tools arm embedded/10.3 2021.10/bin/../lib/gcc/arm-none-eabi/10.3.1/../../../../arm-none-eabi/lib/thumb/v7e-m+fp/hard\libg_nano.a(lib_a-malloc.o) (_free_r)
c:/chibistudio/tools/gnu tools arm embedded/10.3 2021.10/bin/../lib/gcc/arm-none-eabi/10.3.1/../../../../arm-none-eabi/lib/thumb/v7e-m+fp/hard\libg_nano.a(lib_a-nano-mallocr.o)
                              c:/chibistudio/tools/gnu tools arm embedded/10.3 2021.10/bin/../lib/gcc/arm-none-eabi/10.3.1/../../../../arm-none-eabi/lib/thumb/v7e-m+fp/hard\libg_nano.a(lib_a-malloc.o) (_malloc_r)
c:/chibistudio/tools/gnu tools arm embedded/10.3 2021.10/bin/../lib/gcc/arm-none-eabi/10.3.1/../../../../arm-none-eabi/lib/thumb/v7e-m+fp/hard\libg_nano.a(lib_a-nano-vfprintf_float.o)
                              (_printf_float)
c:/chibistudio/tools/gnu tools arm embedded/10.3 2021.10/bin/../lib/gcc/arm-none-eabi/10.3.1/../../../../arm-none-eabi/lib/thumb/v7e-m+fp/hard\libg_nano.a(lib_a-nano-vfprintf_i.o)
                              c:/chibistudio/tools/gnu tools arm embedded/10.3 2021.10/bin/../lib/gcc/arm-none-eabi/10.3.1/../../../../arm-none-eabi/lib/thumb/v7e-m+fp/hard\libg_nano.a(lib_a-nano-vfprintf_float.o) (_printf_common)
c:/chibistudio/tools/gnu tools arm embedded/10.3 2021.10/bin/../lib/gcc/arm-none-eabi/10.3.1/../../../../arm-none-eabi/lib/thumb/v7e-m+fp/hard\libg_nano.a(lib_a-sbrkr.o)
                              c:/chibistudio/tools/gnu tools arm embedded/10.3 2021.10/bin/../lib/gcc/arm-none-eabi/10.3.1/../../../../arm-none-eabi/lib/thumb/v7e-m+fp/hard\libg_nano.a(lib_a-nano-mallocr.o) (_sbrk_r)
c:/chibistudio/tools/gnu tools arm embedded/10.3 2021.10/bin/../lib/gcc/arm-none-eabi/10.3.1/../../../../arm-none-eabi/lib/thumb/v7e-m+fp/hard\libg_nano.a(lib_a-sf_frexp.o)
                              Libraries/Src/libBuffer.o (frexpf)
[...]
Memory Configuration

Name             Origin             Length             Attributes
RAM              0x20000000         0x0000a000         xrw
CCMRAM           0x10000000         0x00002000         rw
FLASH1           0x08000000         0x00000800         xr
EMULATED_EEPROM  0x08000800         0x00001000         xrw
FLASH            0x08001800         0x00040000         xr
*default*        0x00000000         0xffffffff

Linker script and memory map

LOAD c:/chibistudio/tools/gnu tools arm embedded/10.3 2021.10/bin/../lib/gcc/arm-none-eabi/10.3.1/thumb/v7e-m+fp/hard/crti.o
LOAD c:/chibistudio/tools/gnu tools arm embedded/10.3 2021.10/bin/../lib/gcc/arm-none-eabi/10.3.1/thumb/v7e-m+fp/hard/crtbegin.o
LOAD c:/chibistudio/tools/gnu tools arm embedded/10.3 2021.10/bin/../lib/gcc/arm-none-eabi/10.3.1/../../../../arm-none-eabi/lib/thumb/v7e-m+fp/hard/crt0.o
LOAD Main/main.o
LOAD Modules/Src/modCAN.o
LOAD Modules/Src/modCommands.o
LOAD Modules/Src/modConfig.o
LOAD Modules/Src/modDelay.o
LOAD Modules/Src/modDisplay.o
LOAD Modules/Src/modEffect.o
LOAD Modules/Src/modFlash.o
LOAD Modules/Src/modOperationalState.o
LOAD Modules/Src/modPowerElectronics.o
LOAD Modules/Src/modPowerState.o
LOAD Modules/Src/modStateOfCharge.o
LOAD Modules/Src/modTerminal.o
LOAD Modules/Src/modUART.o
LOAD Drivers/SWDrivers/Src/driverSWStorageManager.o
LOAD Drivers/SWDrivers/Src/driverSWSSD1306.o
LOAD Drivers/SWDrivers/Src/driverSWLTC6804.o
LOAD Drivers/SWDrivers/Src/driverSWISL28022.o
LOAD Drivers/SWDrivers/Src/driverSWADC128D818.o
LOAD Drivers/SWDrivers/Src/driverSWUART2.o
LOAD Drivers/SWDrivers/Src/driverSWSHT21.o
LOAD Drivers/SWDrivers/Src/driverSWHTC1080.o
LOAD Drivers/HWDrivers/Src/driverHWADC.o
LOAD Drivers/HWDrivers/Src/driverHWEEPROM.o
LOAD Drivers/HWDrivers/Src/driverHWI2C1.o
LOAD Drivers/HWDrivers/Src/driverHWI2C2.o
LOAD Drivers/HWDrivers/Src/driverHWPowerState.o
LOAD Drivers/HWDrivers/Src/driverHWSPI1.o
LOAD Drivers/HWDrivers/Src/driverHWSwitches.o
LOAD Drivers/HWDrivers/Src/driverHWStatus.o
LOAD Drivers/HWDrivers/Src/driverHWUART2.o
LOAD Drivers/STM32F3xx_HAL_Driver/Src/stm32f3xx_hal.o
LOAD Drivers/STM32F3xx_HAL_Driver/Src/stm32f3xx_hal_adc.o
LOAD Drivers/STM32F3xx_HAL_Driver/Src/stm32f3xx_hal_adc_ex.o
LOAD Drivers/STM32F3xx_HAL_Driver/Src/stm32f3xx_hal_can.o
LOAD Drivers/STM32F3xx_HAL_Driver/Src/stm32f3xx_hal_cortex.o
LOAD Drivers/STM32F3xx_HAL_Driver/Src/stm32f3xx_hal_dma.o
LOAD Drivers/STM32F3xx_HAL_Driver/Src/stm32f3xx_hal_flash.o
LOAD Drivers/STM32F3xx_HAL_Driver/Src/stm32f3xx_hal_flash_ex.o
LOAD Drivers/STM32F3xx_HAL_Driver/Src/stm32f3xx_hal_gpio.o
LOAD Drivers/STM32F3xx_HAL_Driver/Src/stm32f3xx_hal_iwdg.o
LOAD Drivers/STM32F3xx_HAL_Driver/Src/stm32f3xx_hal_i2c.o
LOAD Drivers/STM32F3xx_HAL_Driver/Src/stm32f3xx_hal_i2c_ex.o
LOAD Drivers/STM32F3xx_HAL_Driver/Src/stm32f3xx_hal_rcc.o
LOAD Drivers/STM32F3xx_HAL_Driver/Src/stm32f3xx_hal_rcc_ex.o
LOAD Drivers/STM32F3xx_HAL_Driver/Src/stm32f3xx_hal_spi.o
LOAD Drivers/STM32F3xx_HAL_Driver/Src/stm32f3xx_hal_uart.o
LOAD Drivers/STM32F3xx_HAL_Driver/Src/stm32f3xx_hal_uart_ex.o
LOAD Device/stm32f3xx_it.o
LOAD Device/stm32f3xx_hal_msp.o
LOAD Drivers/CMSIS/Device/ST/STM32F3xx/Source/Templates/system_stm32f3xx.o
LOAD Libraries/Src/libBuffer.o
LOAD Libraries/Src/libCRC.o
LOAD Libraries/Src/libLogos.o
LOAD Libraries/Src/libGLCDFont.o
LOAD Libraries/Src/libGraphics.o
LOAD Libraries/Src/libPacket.o
LOAD Libraries/Src/libRingBuffer.o
LOAD Libraries/Src/libMempools.o
LOAD Config/confparser.o
LOAD Config/confxml.o
LOAD GCC/EBMS-startup.o
START GROUP
LOAD c:/chibistudio/tools/gnu tools arm embedded/10.3 2021.10/bin/../lib/gcc/arm-none-eabi/10.3.1/thumb/v7e-m+fp/hard\libgcc.a
LOAD c:/chibistudio/tools/gnu tools arm embedded/10.3 2021.10/bin/../lib/gcc/arm-none-eabi/10.3.1/../../../../arm-none-eabi/lib/thumb/v7e-m+fp/hard\libg_nano.a
LOAD c:/chibistudio/tools/gnu tools arm embedded/10.3 2021.10/bin/../lib/gcc/arm-none-eabi/10.3.1/../../../../arm-none-eabi/lib/thumb/v7e-m+fp/hard\libc_nano.a
END GROUP
START GROUP
LOAD c:/chibistudio/tools/gnu tools arm embedded/10.3 2021.10/bin/../lib/gcc/arm-none-eabi/10.3.1/thumb/v7e-m+fp/hard\libgcc.a
LOAD c:/chibistudio/tools/gnu tools arm embedded/10.3 2021.10/bin/../lib/gcc/arm-none-eabi/10.3.1/../../../../arm-none-eabi/lib/thumb/v7e-m+fp/hard\libc_nano.a
LOAD c:/chibistudio/tools/gnu tools arm embedded/10.3 2021.10/bin/../lib/gcc/arm-none-eabi/10.3.1/../../../../arm-none-eabi/lib/thumb/v7e-m+fp/hard\libnosys.a
END GROUP
START GROUP
LOAD c:/chibistudio/tools/gnu tools arm embedded/10.3 2021.10/bin/../lib/gcc/arm-none-eabi/10.3.1/thumb/v7e-m+fp/hard\libgcc.a
LOAD c:/chibistudio/tools/gnu tools arm embedded/10.3 2021.10/bin/../lib/gcc/arm-none-eabi/10.3.1/../../../../arm-none-eabi/lib/thumb/v7e-m+fp/hard\libc_nano.a
LOAD c:/chibistudio/tools/gnu tools arm embedded/10.3 2021.10/bin/../lib/gcc/arm-none-eabi/10.3.1/../../../../arm-none-eabi/lib/thumb/v7e-m+fp/hard\libnosys.a
END GROUP
LOAD c:/chibistudio/tools/gnu tools arm embedded/10.3 2021.10/bin/../lib/gcc/arm-none-eabi/10.3.1/thumb/v7e-m+fp/hard/crtend.o
LOAD c:/chibistudio/tools/gnu tools arm embedded/10.3 2021.10/bin/../lib/gcc/arm-none-eabi/10.3.1/thumb/v7e-m+fp/hard/crtn.o
                0x2000a000                _estack = 0x2000a000
                0x00000200                _Min_Heap_Size = 0x200
                0x00000400                _Min_Stack_Size = 0x400

.isr_vector     0x08000000      0x188
                0x08000000                . = ALIGN (0x4)
 *(.isr_vector)
 .isr_vector    0x08000000      0x188 GCC/EBMS-startup.o
                0x08000000                vectors
                0x08000188                . = ALIGN (0x4)

.fill           0x08000800     0x1000
 FILL mask 0xffffffff
                0x080017ff                . = ((ORIGIN (EMULATED_EEPROM) + LENGTH (EMULATED_EEPROM)) - 0x1)
 *fill*         0x08000800      0xfff ffffffff
                0x080017ff        0x1 BYTE 0xaa

.text           0x08001800    0x11d88
                0x08001800                . = ALIGN (0x4)
 *(.text)
 .text          0x08001800       0x40 c:/chibistudio/tools/gnu tools arm embedded/10.3 2021.10/bin/../lib/gcc/arm-none-eabi/10.3.1/thumb/v7e-m+fp/hard/crtbegin.o
 .text          0x08001840      0x378 c:/chibistudio/tools/gnu tools arm embedded/10.3 2021.10/bin/../lib/gcc/arm-none-eabi/10.3.1/thumb/v7e-m+fp/hard\libgcc.a(_arm_addsubdf3.o)
                0x08001840                __aeabi_drsub
                0x08001848                __aeabi_dsub
                0x08001848                __subdf3
                0x0800184c                __aeabi_dadd
                0x0800184c                __adddf3
                0x08001ac4                __floatunsidf
                0x08001ac4                __aeabi_ui2d
                0x08001ae4                __floatsidf
                0x08001ae4                __aeabi_i2d
                0x08001b08                __aeabi_f2d
                0x08001b08                __extendsfdf2
                0x08001b4c                __floatundidf
                0x08001b4c                __aeabi_ul2d
                0x08001b5c                __floatdidf
                0x08001b5c                __aeabi_l2d
 .text          0x08001bb8       0x40 c:/chibistudio/tools/gnu tools arm embedded/10.3 2021.10/bin/../lib/gcc/arm-none-eabi/10.3.1/thumb/v7e-m+fp/hard\libgcc.a(_arm_fixunsdfsi.o)
                0x08001bb8                __aeabi_d2uiz
                0x08001bb8                __fixunsdfsi
 .text          0x08001bf8       0xa0 c:/chibistudio/tools/gnu tools arm embedded/10.3 2021.10/bin/../lib/gcc/arm-none-eabi/10.3.1/thumb/v7e-m+fp/hard\libgcc.a(_arm_truncdfsf2.o)
                0x08001bf8                __truncdfsf2
                0x08001bf8                __aeabi_d2f
 .text          0x08001c98       0x14 c:/chibistudio/tools/gnu tools arm embedded/10.3 2021.10/bin/../lib/gcc/arm-none-eabi/10.3.1/../../../../arm-none-eabi/lib/thumb/v7e-m+fp/hard\libg_nano.a(lib_a-strcmp.o)
                0x08001c98                strcmp
 .text          0x08001cac       0x10 c:/chibistudio/tools/gnu tools arm embedded/10.3 2021.10/bin/../lib/gcc/arm-none-eabi/10.3.1/../../../../arm-none-eabi/lib/thumb/v7e-m+fp/hard\libg_nano.a(lib_a-strlen.o)
                0x08001cac                strlen
 *fill*         0x08001cbc        0x4 
 .text          0x08001cc0       0xa0 c:/chibistudio/tools/gnu tools arm embedded/10.3 2021.10/bin/../lib/gcc/arm-none-eabi/10.3.1/../../../../arm-none-eabi/lib/thumb/v7e-m+fp/hard\libg_nano.a(lib_a-memchr.o)
                0x08001cc0                memchr
 .text          0x08001d60      0x424 c:/chibistudio/tools/gnu tools arm embedded/10.3 2021.10/bin/../lib/gcc/arm-none-eabi/10.3.1/thumb/v7e-m+fp/hard\libgcc.a(_arm_muldivdf3.o)
                0x08001d60                __aeabi_dmul
                0x08001d60                __muldf3
                0x08001fb4                __divdf3
                0x08001fb4                __aeabi_ddiv
 .text          0x08002184      0x110 c:/chibistudio/tools/gnu tools arm embedded/10.3 2021.10/bin/../lib/gcc/arm-none-eabi/10.3.1/thumb/v7e-m+fp/hard\libgcc.a(_arm_cmpdf2.o)
                0x08002184                __gtdf2
                0x08002184                __gedf2
                0x0800218c                __ltdf2
                0x0800218c                __ledf2
                0x08002194                __nedf2
                0x08002194                __eqdf2
                0x08002194                __cmpdf2
                0x08002210                __aeabi_cdrcmple
                0x08002220                __aeabi_cdcmpeq
                0x08002220                __aeabi_cdcmple
                0x08002230                __aeabi_dcmpeq
                0x08002244                __aeabi_dcmplt
                0x08002258                __aeabi_dcmple
                0x0800226c                __aeabi_dcmpge
                0x08002280                __aeabi_dcmpgt
 .text          0x08002294       0x2c c:/chibistudio/tools/gnu tools arm embedded/10.3 2021.10/bin/../lib/gcc/arm-none-eabi/10.3.1/thumb/v7e-m+fp/hard\libgcc.a(_arm_unorddf2.o)
                0x08002294                __unorddf2
                0x08002294                __aeabi_dcmpun
 .text          0x080022c0       0x50 c:/chibistudio/tools/gnu tools arm embedded/10.3 2021.10/bin/../lib/gcc/arm-none-eabi/10.3.1/thumb/v7e-m+fp/hard\libgcc.a(_arm_fixdfsi.o)
                0x080022c0                __aeabi_d2iz
                0x080022c0                __fixdfsi
 *(.text*)
 .text.SystemClock_Config
                0x08002310       0x92 Main/main.o
                0x08002310                SystemClock_Config
 *fill*         0x080023a2        0x2 
 .text.mainWatchDogInitAndStart
                0x080023a4       0x34 Main/main.o
                0x080023a4                mainWatchDogInitAndStart
 .text.mainWatchDogReset
                0x080023d8        0xc Main/main.o
                0x080023d8                mainWatchDogReset
 .text.startup.main
                0x080023e4       0xa0 Main/main.o
                0x080023e4                main
 .text.modCANInit
                0x08002484      0x108 Modules/Src/modCAN.o
                0x08002484                modCANInit
 .text.modCANGetDestinationID
                0x0800258c       0x24 Modules/Src/modCAN.o
                0x0800258c                modCANGetDestinationID
 .text.modCANGetCANID
                0x080025b0       0x1c Modules/Src/modCAN.o
                0x080025b0                modCANGetCANID
 .text.USB_LP_CAN_RX0_IRQHandler
                0x080025cc        0xc Modules/Src/modCAN.o
                0x080025cc                USB_LP_CAN_RX0_IRQHandler
 .text.modCANTransmitExtID
                0x080025d8       0x2c Modules/Src/modCAN.o
                0x080025d8                modCANTransmitExtID
 .text.modCANSendStatusFast
                0x08002604      0x104 Modules/Src/modCAN.o
                0x08002604                modCANSendStatusFast
 .text.modCANSendStatusSlow
                0x08002708       0x98 Modules/Src/modCAN.o
                0x08002708                modCANSendStatusSlow
 .text.modCANSendStatusVESC
                0x080027a0      0x37c Modules/Src/modCAN.o
                0x080027a0                modCANSendStatusVESC
 .text.modCANSubTaskHandleCommunication
                0x08002b1c      0x434 Modules/Src/modCAN.o
                0x08002b1c                modCANSubTaskHandleCommunication
 .text.modCANTransmitStandardID
                0x08002f50       0x2c Modules/Src/modCAN.o
                0x08002f50                modCANTransmitStandardID
 .text.modCANSendBuffer
                0x08002f7c      0x128 Modules/Src/modCAN.o
                0x08002f7c                modCANSendBuffer
 .text.modCANSendPacketWrapper
                0x080030a4       0x14 Modules/Src/modCAN.o
 .text.modCANHandleKeepAliveSafetyMessage
                0x080030b8       0x74 Modules/Src/modCAN.o
                0x080030b8                modCANHandleKeepAliveSafetyMessage
 .text.modCANHandleCANOpenMessage
                0x0800312c       0x48 Modules/Src/modCAN.o
                0x0800312c                modCANHandleCANOpenMessage
 .text.HAL_CAN_RxCpltCallback
                0x08003174       0x98 Modules/Src/modCAN.o
                0x08003174                HAL_CAN_RxCpltCallback
 .text.modCANRXWatchDog
                0x0800320c       0x4c Modules/Src/modCAN.o
                0x0800320c                modCANRXWatchDog
 .text.modCANOpenChargerCheckPresent
                0x08003258       0x24 Modules/Src/modCAN.o
                0x08003258                modCANOpenChargerCheckPresent
 .text.modCANOpenBMSSendHeartBeat
                0x0800327c       0x24 Modules/Src/modCAN.o
                0x0800327c                modCANOpenBMSSendHeartBeat
 .text.modCANOpenChargerStartNode
                0x080032a0       0x2a Modules/Src/modCAN.o
                0x080032a0                modCANOpenChargerStartNode
 *fill*         0x080032ca        0x2 
 .text.modCANOpenChargerSetCurrentVoltageReady
                0x080032cc       0x68 Modules/Src/modCAN.o
                0x080032cc                modCANOpenChargerSetCurrentVoltageReady
 .text.modCANHandleSubTaskCharger
                0x08003334      0x118 Modules/Src/modCAN.o
                0x08003334                modCANHandleSubTaskCharger
 .text.modCANTask
                0x0800344c      0x248 Modules/Src/modCAN.o
                0x0800344c                modCANTask
 .text.comm_can_get_status_msg_4_index
                0x08003694       0x14 Modules/Src/modCAN.o
                0x08003694                comm_can_get_status_msg_4_index
 .text.NVIC_SystemReset
                0x080036a8       0x24 Modules/Src/modCommands.o
 .text.modCommandsInit
                0x080036cc       0x1c Modules/Src/modCommands.o
                0x080036cc                modCommandsInit
 .text.modCommandsSetSendFunction
                0x080036e8        0xc Modules/Src/modCommands.o
                0x080036e8                modCommandsSetSendFunction
 .text.modCommandsSendPacket
                0x080036f4       0x10 Modules/Src/modCommands.o
                0x080036f4                modCommandsSendPacket
 .text.modCommandsPrintf
                0x08003704       0x3c Modules/Src/modCommands.o
                0x08003704                modCommandsPrintf
 .text.modCommandsVESCToEBMS
                0x08003740       0x68 Modules/Src/modCommands.o
                0x08003740                modCommandsVESCToEBMS
 .text.modCommandsEBMSToVESC
                0x080037a8       0x68 Modules/Src/modCommands.o
                0x080037a8                modCommandsEBMSToVESC
 .text.modCommandsProcessPacket
                0x08003810     0x1180 Modules/Src/modCommands.o
                0x08003810                modCommandsProcessPacket
 .text.modConfigInit
                0x08004990       0x14 Modules/Src/modConfig.o
                0x08004990                modConfigInit
 .text.modConfigStoreConfig
                0x080049a4        0xc Modules/Src/modConfig.o
                0x080049a4                modConfigStoreConfig
 .text.modConfigLoadConfig
                0x080049b0        0xc Modules/Src/modConfig.o
                0x080049b0                modConfigLoadConfig
 .text.modconfigHardwareLimitsApply
                0x080049bc       0xbe Modules/Src/modConfig.o
                0x080049bc                modconfigHardwareLimitsApply
 *fill*         0x08004a7a        0x2 
 .text.modConfigLoadDefaultConfig
                0x08004a7c      0x1d8 Modules/Src/modConfig.o
                0x08004a7c                modConfigLoadDefaultConfig
 .text.modConfigStoreDefaultConfig
                0x08004c54       0x20 Modules/Src/modConfig.o
                0x08004c54                modConfigStoreDefaultConfig
 .text.modConfigStoreAndLoadDefaultConfig
                0x08004c74       0x1c Modules/Src/modConfig.o
                0x08004c74                modConfigStoreAndLoadDefaultConfig
 .text.modDelayInit
                0x08004c90       0x28 Modules/Src/modDelay.o
                0x08004c90                modDelayInit
 .text.modDelayTick1ms
                0x08004cb8       0x20 Modules/Src/modDelay.o
                0x08004cb8                modDelayTick1ms
 .text.modDelayTick100ms
                0x08004cd8       0x34 Modules/Src/modDelay.o
                0x08004cd8                modDelayTick100ms
 .text.modDelayTick1msNoRST
                0x08004d0c       0x18 Modules/Src/modDelay.o
                0x08004d0c                modDelayTick1msNoRST
 .text.modDisplayInit
                0x08004d24       0x68 Modules/Src/modDisplay.o
                0x08004d24                modDisplayInit
 .text.modDisplayTask
                0x08004d8c       0x3c Modules/Src/modDisplay.o
                0x08004d8c                modDisplayTask
 .text.modDisplay100ConvertValueToASCII
                0x08004dc8       0x34 Modules/Src/modDisplay.o
                0x08004dc8                modDisplay100ConvertValueToASCII
 .text.modDisplay10ConvertValueToASCII
                0x08004dfc       0x50 Modules/Src/modDisplay.o
                0x08004dfc                modDisplay10ConvertValueToASCII
 .text.modDisplay1ConvertValueToASCII
                0x08004e4c       0x38 Modules/Src/modDisplay.o
                0x08004e4c                modDisplay1ConvertValueToASCII
 .text.modDisplay0_1ConvertValueToASCII
                0x08004e84       0x40 Modules/Src/modDisplay.o
                0x08004e84                modDisplay0_1ConvertValueToASCII
 .text.modDisplay0_01ConvertValueToASCII
                0x08004ec4       0x44 Modules/Src/modDisplay.o
                0x08004ec4                modDisplay0_01ConvertValueToASCII
 .text.modDisplay0_001ConvertValueToASCII
                0x08004f08       0x44 Modules/Src/modDisplay.o
                0x08004f08                modDisplay0_001ConvertValueToASCII
 .text.modDisplayWrite
                0x08004f4c       0x90 Modules/Src/modDisplay.o
                0x08004f4c                modDisplayWrite
 .text.modDisplayShowInfo
                0x08004fdc      0x638 Modules/Src/modDisplay.o
                0x08004fdc                modDisplayShowInfo
 .text.modEffectChangeState
                0x08005614       0x28 Modules/Src/modEffect.o
                0x08005614                modEffectChangeState
 .text.modEffectChangeStateError
                0x0800563c       0x2c Modules/Src/modEffect.o
                0x0800563c                modEffectChangeStateError
 .text.modEffectTaskFlash
                0x08005668       0x28 Modules/Src/modEffect.o
                0x08005668                modEffectTaskFlash
 .text.modEffectTaskFlashFast
                0x08005690       0x28 Modules/Src/modEffect.o
                0x08005690                modEffectTaskFlashFast
 .text.modEffectTaskBlinkShort
                0x080056b8       0x64 Modules/Src/modEffect.o
                0x080056b8                modEffectTaskBlinkShort
 .text.modEffectTaskBlinkLong
                0x0800571c       0x64 Modules/Src/modEffect.o
                0x0800571c                modEffectTaskBlinkLong
 .text.modEffectTaskBlinkShortLong
                0x08005780       0x3c Modules/Src/modEffect.o
                0x08005780                modEffectTaskBlinkShortLong
 .text.modEffectTaskError
                0x080057bc       0x6c Modules/Src/modEffect.o
                0x080057bc                modEffectTaskError
 .text.modEffectTask
                0x08005828       0x78 Modules/Src/modEffect.o
                0x08005828                modEffectTask
 .text.modEffectInit
                0x080058a0       0x12 Modules/Src/modEffect.o
                0x080058a0                modEffectInit
 *fill*         0x080058b2        0x2 
 .text.modFlashEraseNewAppData
                0x080058b4       0x3c Modules/Src/modFlash.o
                0x080058b4                modFlashEraseNewAppData
 .text.modFlashWriteByte
                0x080058f0       0x60 Modules/Src/modFlash.o
                0x080058f0                modFlashWriteByte
 .text.modFlashWriteNewAppData
                0x08005950       0x2a Modules/Src/modFlash.o
                0x08005950                modFlashWriteNewAppData
 *fill*         0x0800597a        0x2 
 .text.modFlashJumpToBootloader
                0x0800597c       0x90 Modules/Src/modFlash.o
                0x0800597c                modFlashJumpToBootloader
 .text.modOperationalStateUpdateStates
                0x08005a0c       0x28 Modules/Src/modOperationalState.o
                0x08005a0c                modOperationalStateUpdateStates
 .text.modOperationalStateSetAllStates
                0x08005a34       0x24 Modules/Src/modOperationalState.o
                0x08005a34                modOperationalStateSetAllStates
 .text.modOperationalStateInit
                0x08005a58       0x78 Modules/Src/modOperationalState.o
                0x08005a58                modOperationalStateInit
 .text.modOperationalStateHandleChargerDisconnect
                0x08005ad0       0x68 Modules/Src/modOperationalState.o
                0x08005ad0                modOperationalStateHandleChargerDisconnect
 .text.modOperationalStateTerminateOperation
                0x08005b38       0x10 Modules/Src/modOperationalState.o
                0x08005b38                modOperationalStateTerminateOperation
 .text.modOperationalStateDelayedDisable
                0x08005b48       0x38 Modules/Src/modOperationalState.o
                0x08005b48                modOperationalStateDelayedDisable
 .text.modOperationalStatePowerDownDelayCheck
                0x08005b80       0x28 Modules/Src/modOperationalState.o
                0x08005b80                modOperationalStatePowerDownDelayCheck
 .text.modOperationalStateUpdateFaultStates
                0x08005ba8       0x28 Modules/Src/modOperationalState.o
                0x08005ba8                modOperationalStateUpdateFaultStates
 .text.modOperationalStateTask
                0x08005bd0      0xac4 Modules/Src/modOperationalState.o
                0x08005bd0                modOperationalStateTask
 .text.modPowerElectronicsAllowForcedOn
                0x08006694        0xc Modules/Src/modPowerElectronics.o
                0x08006694                modPowerElectronicsAllowForcedOn
 .text.modPowerElectronicsDisableAll
                0x080066a0       0x34 Modules/Src/modPowerElectronics.o
                0x080066a0                modPowerElectronicsDisableAll
 .text.modPowerElectronicsCalculateCellStats
                0x080066d4       0x84 Modules/Src/modPowerElectronics.o
                0x080066d4                modPowerElectronicsCalculateCellStats
 .text.modPowerElectronicsCallMonitorsCalcBalanceResistorArray
                0x08006758       0x98 Modules/Src/modPowerElectronics.o
                0x08006758                modPowerElectronicsCallMonitorsCalcBalanceResistorArray
 .text.modPowerElectronicsSubTaskCurrentWatch
                0x080067f0       0x34 Modules/Src/modPowerElectronics.o
                0x080067f0                modPowerElectronicsSubTaskCurrentWatch
 .text.modPowerElectronicsUpdateSwitches
                0x08006824       0xa0 Modules/Src/modPowerElectronics.o
                0x08006824                modPowerElectronicsUpdateSwitches
 .text.modPowerElectronicsSetPreCharge
                0x080068c4       0x34 Modules/Src/modPowerElectronics.o
                0x080068c4                modPowerElectronicsSetPreCharge
 .text.modPowerElectronicsSetDisCharge
                0x080068f8       0x84 Modules/Src/modPowerElectronics.o
                0x080068f8                modPowerElectronicsSetDisCharge
 .text.modPowerElectronicsSetCharge
                0x0800697c       0x20 Modules/Src/modPowerElectronics.o
                0x0800697c                modPowerElectronicsSetCharge
 .text.modPowerElectronicsSetChargePFET
                0x0800699c       0x20 Modules/Src/modPowerElectronics.o
                0x0800699c                modPowerElectronicsSetChargePFET
 .text.modPowerElectronicsSetCooling
                0x080069bc       0x20 Modules/Src/modPowerElectronics.o
                0x080069bc                modPowerElectronicsSetCooling
 .text.modPowerElectronicsSubTaskVoltageWatch
                0x080069dc      0x26c Modules/Src/modPowerElectronics.o
                0x080069dc                modPowerElectronicsSubTaskVoltageWatch
 .text.modPowerElectronicsCalcTempStats
                0x08006c48      0x1dc Modules/Src/modPowerElectronics.o
                0x08006c48                modPowerElectronicsCalcTempStats
 .text.modPowerElectronicsMapVariableFloat
                0x08006e24       0x36 Modules/Src/modPowerElectronics.o
                0x08006e24                modPowerElectronicsMapVariableFloat
 .text.modPowerElectronicsInitISL
                0x08006e5a       0x24 Modules/Src/modPowerElectronics.o
                0x08006e5a                modPowerElectronicsInitISL
 *fill*         0x08006e7e        0x2 
 .text.modPowerElectronicsCheckPackSOA
                0x08006e80      0x1b8 Modules/Src/modPowerElectronics.o
                0x08006e80                modPowerElectronicsCheckPackSOA
 .text.modPowerElectronicsHCSafetyCANAndPowerButtonCheck
                0x08007038       0x34 Modules/Src/modPowerElectronics.o
                0x08007038                modPowerElectronicsHCSafetyCANAndPowerButtonCheck
 .text.modPowerElectronicsResetBalanceModeActiveTimeout
                0x0800706c       0x10 Modules/Src/modPowerElectronics.o
                0x0800706c                modPowerElectronicsResetBalanceModeActiveTimeout
 .text.modPowerElectronicsCellMonitorsInit
                0x0800707c       0x78 Modules/Src/modPowerElectronics.o
                0x0800707c                modPowerElectronicsCellMonitorsInit
 .text.modPowerElectronicsCellMonitorsArrayTranslate
                0x080070f4       0x98 Modules/Src/modPowerElectronics.o
                0x080070f4                modPowerElectronicsCellMonitorsArrayTranslate
 .text.modPowerElectronicsAuxMonitorsArrayTranslate
                0x0800718c       0x78 Modules/Src/modPowerElectronics.o
                0x0800718c                modPowerElectronicsAuxMonitorsArrayTranslate
 .text.modPowerElectronicsExpMonitorsArrayTranslate
                0x08007204       0x5c Modules/Src/modPowerElectronics.o
                0x08007204                modPowerElectronicsExpMonitorsArrayTranslate
 .text.modPowerElectronicsCellMonitorsCheckAndSolveInitState
                0x08007260       0x20 Modules/Src/modPowerElectronics.o
                0x08007260                modPowerElectronicsCellMonitorsCheckAndSolveInitState
 .text.modPowerElectronicsCellMonitorsCheckConfigAndReadAnalogData
                0x08007280       0x68 Modules/Src/modPowerElectronics.o
                0x08007280                modPowerElectronicsCellMonitorsCheckConfigAndReadAnalogData
 .text.modPowerElectronicsCellMonitorsStartCellConversion
                0x080072e8       0x18 Modules/Src/modPowerElectronics.o
                0x080072e8                modPowerElectronicsCellMonitorsStartCellConversion
 .text.modPowerElectronicsInit
                0x08007300      0x1c0 Modules/Src/modPowerElectronics.o
                0x08007300                modPowerElectronicsInit
 .text.modPowerElectronicsCellMonitorsStartLoadedCellConversion
                0x080074c0       0x1e Modules/Src/modPowerElectronics.o
                0x080074c0                modPowerElectronicsCellMonitorsStartLoadedCellConversion
 .text.modPowerElectronicsCellMonitorsStartTemperatureConversion
                0x080074de       0x16 Modules/Src/modPowerElectronics.o
                0x080074de                modPowerElectronicsCellMonitorsStartTemperatureConversion
 .text.modPowerElectronicsCellMonitorsEnableBalanceResistorsArrayTest
                0x080074f4       0x40 Modules/Src/modPowerElectronics.o
                0x080074f4                modPowerElectronicsCellMonitorsEnableBalanceResistorsArrayTest
 .text.modPowerElectronicsTerminalCellConnectionTest
                0x08007534      0x588 Modules/Src/modPowerElectronics.o
                0x08007534                modPowerElectronicsTerminalCellConnectionTest
 .text.modPowerElectronicsCellMonitorsEnableBalanceResistorsArray
                0x08007abc       0x28 Modules/Src/modPowerElectronics.o
                0x08007abc                modPowerElectronicsCellMonitorsEnableBalanceResistorsArray
 .text.modPowerElectronicsSubTaskBalancing
                0x08007ae4       0xec Modules/Src/modPowerElectronics.o
                0x08007ae4                modPowerElectronicsSubTaskBalancing
 .text.modPowerElectronicsSamplePackVoltage
                0x08007bd0       0x58 Modules/Src/modPowerElectronics.o
                0x08007bd0                modPowerElectronicsSamplePackVoltage
 .text.modPowerElectronicsCalcPackCurrent
                0x08007c28       0x80 Modules/Src/modPowerElectronics.o
                0x08007c28                modPowerElectronicsCalcPackCurrent
 .text.modPowerElectronicsLCSenseSample
                0x08007ca8       0x5c Modules/Src/modPowerElectronics.o
                0x08007ca8                modPowerElectronicsLCSenseSample
 .text.modPowerElectronicsSamplePackAndLCData
                0x08007d04       0x84 Modules/Src/modPowerElectronics.o
                0x08007d04                modPowerElectronicsSamplePackAndLCData
 .text.modPowerElectronicsLowestInThree
                0x08007d88       0x12 Modules/Src/modPowerElectronics.o
                0x08007d88                modPowerElectronicsLowestInThree
 *fill*         0x08007d9a        0x2 
 .text.modPowerElectronicsCalcThrottle
                0x08007d9c      0x1d0 Modules/Src/modPowerElectronics.o
                0x08007d9c                modPowerElectronicsCalcThrottle
 .text.modPowerElectronicsTask
                0x08007f6c       0xc4 Modules/Src/modPowerElectronics.o
                0x08007f6c                modPowerElectronicsTask
 .text.modPowerElectronicsResetCurrentOffset
                0x08008030       0x14 Modules/Src/modPowerElectronics.o
                0x08008030                modPowerElectronicsResetCurrentOffset
 .text.modPowerStateSetConfigHandle
                0x08008044       0x30 Modules/Src/modPowerState.o
                0x08008044                modPowerStateSetConfigHandle
 .text.modPowerStateTask
                0x08008074      0x104 Modules/Src/modPowerState.o
                0x08008074                modPowerStateTask
 .text.modPowerStateGetButtonPressedState
                0x08008178        0xc Modules/Src/modPowerState.o
                0x08008178                modPowerStateGetButtonPressedState
 .text.modPowerStateChargerDetected
                0x08008184        0x6 Modules/Src/modPowerState.o
                0x08008184                modPowerStateChargerDetected
 *fill*         0x0800818a        0x2 
 .text.modPowerStatePowerdownRequest
                0x0800818c       0x28 Modules/Src/modPowerState.o
                0x0800818c                modPowerStatePowerdownRequest
 .text.modPowerStateForceOnRequest
                0x080081b4       0x1c Modules/Src/modPowerState.o
                0x080081b4                modPowerStateForceOnRequest
 .text.modPowerStateSetState
                0x080081d0        0x8 Modules/Src/modPowerState.o
                0x080081d0                modPowerStateSetState
 .text.modPowerStateInit
                0x080081d8       0xa0 Modules/Src/modPowerState.o
                0x080081d8                modPowerStateInit
 .text.modPowerStateButtonPressedOnTurnon
                0x08008278        0xc Modules/Src/modPowerState.o
                0x08008278                modPowerStateButtonPressedOnTurnon
 .text.modPowerStateGetLongButtonPressState
                0x08008284        0xc Modules/Src/modPowerState.o
                0x08008284                modPowerStateGetLongButtonPressState
 .text.modStateOfChargeInit
                0x08008290       0x3c Modules/Src/modStateOfCharge.o
                0x08008290                modStateOfChargeInit
 .text.modStateOfChargeStoreStateOfCharge
                0x080082cc        0xc Modules/Src/modStateOfCharge.o
                0x080082cc                modStateOfChargeStoreStateOfCharge
 .text.modStateOfChargeProcess
                0x080082d8       0xec Modules/Src/modStateOfCharge.o
                0x080082d8                modStateOfChargeProcess
 .text.modStateOfChargeLoadStateOfCharge
                0x080083c4        0xc Modules/Src/modStateOfCharge.o
                0x080083c4                modStateOfChargeLoadStateOfCharge
 .text.modStateOfChargeStoreAndLoadDefaultStateOfCharge
                0x080083d0       0x48 Modules/Src/modStateOfCharge.o
                0x080083d0                modStateOfChargeStoreAndLoadDefaultStateOfCharge
 .text.modStateOfChargePowerDownSave
                0x08008418       0x1c Modules/Src/modStateOfCharge.o
                0x08008418                modStateOfChargePowerDownSave
 .text.modStateOfChargeVoltageEvent
                0x08008434       0x18 Modules/Src/modStateOfCharge.o
                0x08008434                modStateOfChargeVoltageEvent
 .text.modTerminalProcessString
                0x0800844c      0x98c Modules/Src/modTerminal.o
                0x0800844c                modTerminalProcessString
 .text.modTerminalRegisterCommandCallBack
                0x08008dd8       0x64 Modules/Src/modTerminal.o
                0x08008dd8                modTerminalRegisterCommandCallBack
 .text.modUARTSendPacketWrapper
                0x08008e3c        0x6 Modules/Src/modUART.o
                0x08008e3c                modUARTSendPacketWrapper
 *fill*         0x08008e42        0x2 
 .text.modUARTProcessPacket
                0x08008e44       0x20 Modules/Src/modUART.o
                0x08008e44                modUARTProcessPacket
 .text.modUARTSendPacket
                0x08008e64       0x16 Modules/Src/modUART.o
                0x08008e64                modUARTSendPacket
 *fill*         0x08008e7a        0x2 
 .text.modUARTInit
                0x08008e7c       0x20 Modules/Src/modUART.o
                0x08008e7c                modUARTInit
 .text.modUARTTask
                0x08008e9c       0x24 Modules/Src/modUART.o
                0x08008e9c                modUARTTask
 .text.driverSWStorageManagerInit
                0x08008ec0       0x70 Drivers/SWDrivers/Src/driverSWStorageManager.o
                0x08008ec0                driverSWStorageManagerInit
 .text.driverSWStorageManagerEraseData
                0x08008f30        0xe Drivers/SWDrivers/Src/driverSWStorageManager.o
                0x08008f30                driverSWStorageManagerEraseData
 *fill*         0x08008f3e        0x2 
 .text.driverSWStorageManagerGetOffsetFromLocation
                0x08008f40       0x18 Drivers/SWDrivers/Src/driverSWStorageManager.o
                0x08008f40                driverSWStorageManagerGetOffsetFromLocation
 .text.driverSWStorageManagerGetStructSize
                0x08008f58       0x24 Drivers/SWDrivers/Src/driverSWStorageManager.o
                0x08008f58                driverSWStorageManagerGetStructSize
 .text.driverSWStorageManagerStoreStruct
                0x08008f7c       0x4c Drivers/SWDrivers/Src/driverSWStorageManager.o
                0x08008f7c                driverSWStorageManagerStoreStruct
 .text.driverSWStorageManagerGetStruct
                0x08008fc8       0x4c Drivers/SWDrivers/Src/driverSWStorageManager.o
                0x08008fc8                driverSWStorageManagerGetStruct
 .text.driverSWSSD1306Command
                0x08009014       0x28 Drivers/SWDrivers/Src/driverSWSSD1306.o
                0x08009014                driverSWSSD1306Command
 .text.driverSWSSD1306Init
                0x0800903c       0xcc Drivers/SWDrivers/Src/driverSWSSD1306.o
                0x0800903c                driverSWSSD1306Init
 .text.driverSWSSD1306ClearDisplayBuffers
                0x08009108       0x10 Drivers/SWDrivers/Src/driverSWSSD1306.o
                0x08009108                driverSWSSD1306ClearDisplayBuffers
 .text.driverSWSSD1306ClearDisplay
                0x08009118       0x10 Drivers/SWDrivers/Src/driverSWSSD1306.o
                0x08009118                driverSWSSD1306ClearDisplay
 .text.driverSWSSD1306FillBuffer
                0x08009128       0x10 Drivers/SWDrivers/Src/driverSWSSD1306.o
                0x08009128                driverSWSSD1306FillBuffer
 .text.driverSWSSD1306DisplayAsync
                0x08009138       0xa4 Drivers/SWDrivers/Src/driverSWSSD1306.o
                0x08009138                driverSWSSD1306DisplayAsync
 .text.driverSWSSD1306DrawPixel
                0x080091dc       0xe0 Drivers/SWDrivers/Src/driverSWSSD1306.o
                0x080091dc                driverSWSSD1306DrawPixel
 .text.driverSWLTC6804DelayMS
                0x080092bc       0x1a Drivers/SWDrivers/Src/driverSWLTC6804.o
                0x080092bc                driverSWLTC6804DelayMS
 *fill*         0x080092d6        0x2 
 .text.driverSWLTC6804CalcPEC15
                0x080092d8       0x2c Drivers/SWDrivers/Src/driverSWLTC6804.o
                0x080092d8                driverSWLTC6804CalcPEC15
 .text.driverSWLTC6804Write
                0x08009304        0xa Drivers/SWDrivers/Src/driverSWLTC6804.o
                0x08009304                driverSWLTC6804Write
 .text.driverSWLTC6804WriteRead
                0x0800930e       0x16 Drivers/SWDrivers/Src/driverSWLTC6804.o
                0x0800930e                driverSWLTC6804WriteRead
 .text.driverSWLTC6804ReadConfigRegister
                0x08009324       0x80 Drivers/SWDrivers/Src/driverSWLTC6804.o
                0x08009324                driverSWLTC6804ReadConfigRegister
 .text.driverSWLTC6804WakeIC
                0x080093a4       0x30 Drivers/SWDrivers/Src/driverSWLTC6804.o
                0x080093a4                driverSWLTC6804WakeIC
 .text.driverSWLTC6804ResetCellVoltageRegisters
                0x080093d4       0x34 Drivers/SWDrivers/Src/driverSWLTC6804.o
                0x080093d4                driverSWLTC6804ResetCellVoltageRegisters
 .text.driverSWLTC6804ResetAuxRegisters
                0x08009408       0x34 Drivers/SWDrivers/Src/driverSWLTC6804.o
                0x08009408                driverSWLTC6804ResetAuxRegisters
 .text.driverSWLTC6804StartCellVoltageConversion
                0x0800943c       0x4a Drivers/SWDrivers/Src/driverSWLTC6804.o
                0x0800943c                driverSWLTC6804StartCellVoltageConversion
 .text.driverSWLTC6804StartLoadedCellVoltageConversion
                0x08009486       0x4c Drivers/SWDrivers/Src/driverSWLTC6804.o
                0x08009486                driverSWLTC6804StartLoadedCellVoltageConversion
 .text.driverSWLTC6804StartAuxVoltageConversion
                0x080094d2       0x46 Drivers/SWDrivers/Src/driverSWLTC6804.o
                0x080094d2                driverSWLTC6804StartAuxVoltageConversion
 .text.driverSWLTC6804ReadCellVoltageGroups
                0x08009518       0x48 Drivers/SWDrivers/Src/driverSWLTC6804.o
                0x08009518                driverSWLTC6804ReadCellVoltageGroups
 .text.driverSWLTC6804ReadCellVoltageRegisters
                0x08009560      0x12c Drivers/SWDrivers/Src/driverSWLTC6804.o
                0x08009560                driverSWLTC6804ReadCellVoltageRegisters
 .text.driverSWLTC6804ReadCellVoltagesArray
                0x0800968c       0xb0 Drivers/SWDrivers/Src/driverSWLTC6804.o
                0x0800968c                driverSWLTC6804ReadCellVoltagesArray
 .text.driverSWLTC6804ReadAuxGroups
                0x0800973c       0x58 Drivers/SWDrivers/Src/driverSWLTC6804.o
                0x0800973c                driverSWLTC6804ReadAuxGroups
 .text.driverSWLTC6804ReadAuxVoltageRegisters
                0x08009794      0x12c Drivers/SWDrivers/Src/driverSWLTC6804.o
                0x08009794                driverSWLTC6804ReadAuxVoltageRegisters
 .text.driverSWLTC6804WriteConfigRegister
                0x080098c0      0x150 Drivers/SWDrivers/Src/driverSWLTC6804.o
                0x080098c0                driverSWLTC6804WriteConfigRegister
 .text.driverSWLTC6804WriteConfigRegisterB
                0x08009a10      0x10c Drivers/SWDrivers/Src/driverSWLTC6804.o
                0x08009a10                driverSWLTC6804WriteConfigRegisterB
 .text.driverSWLTC6804EnableBalanceResistorsArray
                0x08009b1c       0x2c Drivers/SWDrivers/Src/driverSWLTC6804.o
                0x08009b1c                driverSWLTC6804EnableBalanceResistorsArray
 .text.driverSWLTC6804Init
                0x08009b48       0xb0 Drivers/SWDrivers/Src/driverSWLTC6804.o
                0x08009b48                driverSWLTC6804Init
 .text.driverSWLTC6804ConvertTemperatureExt
                0x08009bf8       0xbc Drivers/SWDrivers/Src/driverSWLTC6804.o
                0x08009bf8                driverSWLTC6804ConvertTemperatureExt
 .text.driverSWLTC6804ReadAuxVoltagesArray
                0x08009cb4       0xe8 Drivers/SWDrivers/Src/driverSWLTC6804.o
                0x08009cb4                driverSWLTC6804ReadAuxVoltagesArray
 .text.driverSWISL28022Init
                0x08009d9c       0x6a Drivers/SWDrivers/Src/driverSWISL28022.o
                0x08009d9c                driverSWISL28022Init
 *fill*         0x08009e06        0x2 
 .text.driverSWISL28022GetBusCurrent
                0x08009e08       0x9c Drivers/SWDrivers/Src/driverSWISL28022.o
                0x08009e08                driverSWISL28022GetBusCurrent
 .text.driverSWISL28022GetBusVoltage
                0x08009ea4       0xac Drivers/SWDrivers/Src/driverSWISL28022.o
                0x08009ea4                driverSWISL28022GetBusVoltage
 .text.driverSWADC128D818Init
                0x08009f50      0x120 Drivers/SWDrivers/Src/driverSWADC128D818.o
                0x08009f50                driverSWADC128D818Init
 .text.driverSWADC128D818ReadExpVoltages
                0x0800a070       0x78 Drivers/SWDrivers/Src/driverSWADC128D818.o
                0x0800a070                driverSWADC128D818ReadExpVoltages
 .text.driverSWADC128D818ConvertTemperatureExt
                0x0800a0e8       0xc0 Drivers/SWDrivers/Src/driverSWADC128D818.o
                0x0800a0e8                driverSWADC128D818ConvertTemperatureExt
 .text.driverSWADC128D818ReadExpVoltagesArray
                0x0800a1a8       0xe8 Drivers/SWDrivers/Src/driverSWADC128D818.o
                0x0800a1a8                driverSWADC128D818ReadExpVoltagesArray
 .text.driverSWUART2Init
                0x0800a290       0x24 Drivers/SWDrivers/Src/driverSWUART2.o
                0x0800a290                driverSWUART2Init
 .text.driverSWUART2Task
                0x0800a2b4       0x34 Drivers/SWDrivers/Src/driverSWUART2.o
                0x0800a2b4                driverSWUART2Task
 .text.driverHWADCSetInputChannel
                0x0800a2e8       0x24 Drivers/HWDrivers/Src/driverHWADC.o
                0x0800a2e8                driverHWADCSetInputChannel
 .text.driverHWADCInit
                0x0800a30c       0xa4 Drivers/HWDrivers/Src/driverHWADC.o
                0x0800a30c                driverHWADCInit
 .text.driverHWADCGetLoadVoltage
                0x0800a3b0       0x70 Drivers/HWDrivers/Src/driverHWADC.o
                0x0800a3b0                driverHWADCGetLoadVoltage
 .text.driverHWADCGetNTCValue
                0x0800a420       0xcc Drivers/HWDrivers/Src/driverHWADC.o
                0x0800a420                driverHWADCGetNTCValue
 .text.driverHWEEPROMVerifyPageFullyErased
                0x0800a4ec       0x24 Drivers/HWDrivers/Src/driverHWEEPROM.o
 .text.driverHWEEPROMVerifyPageFullWriteVariable
                0x0800a510       0x78 Drivers/HWDrivers/Src/driverHWEEPROM.o
 .text.driverHWEEPROMFormat
                0x0800a588       0x58 Drivers/HWDrivers/Src/driverHWEEPROM.o
 .text.driverHWEEPROMEraseFlash
                0x0800a5e0       0x22 Drivers/HWDrivers/Src/driverHWEEPROM.o
                0x0800a5e0                driverHWEEPROMEraseFlash
 *fill*         0x0800a602        0x2 
 .text.driverHWEEPROMReadVariable
                0x0800a604       0x54 Drivers/HWDrivers/Src/driverHWEEPROM.o
                0x0800a604                driverHWEEPROMReadVariable
 .text.driverHWEEPROMInit
                0x0800a658      0x1a8 Drivers/HWDrivers/Src/driverHWEEPROM.o
                0x0800a658                driverHWEEPROMInit
 .text.driverHWEEPROMWriteVariable
                0x0800a800       0xe4 Drivers/HWDrivers/Src/driverHWEEPROM.o
                0x0800a800                driverHWEEPROMWriteVariable
 .text.driverHWI2C1Init
                0x0800a8e4       0xac Drivers/HWDrivers/Src/driverHWI2C1.o
                0x0800a8e4                driverHWI2C1Init
 .text.driverHWI2C1Write
                0x0800a990       0x24 Drivers/HWDrivers/Src/driverHWI2C1.o
                0x0800a990                driverHWI2C1Write
 .text.driverHWI2C1Read
                0x0800a9b4       0x28 Drivers/HWDrivers/Src/driverHWI2C1.o
                0x0800a9b4                driverHWI2C1Read
 .text.driverHWI2C2Init
                0x0800a9dc       0xb0 Drivers/HWDrivers/Src/driverHWI2C2.o
                0x0800a9dc                driverHWI2C2Init
 .text.driverHWI2C2Write
                0x0800aa8c       0x20 Drivers/HWDrivers/Src/driverHWI2C2.o
                0x0800aa8c                driverHWI2C2Write
 .text.driverHWI2C2Read
                0x0800aaac       0x24 Drivers/HWDrivers/Src/driverHWI2C2.o
                0x0800aaac                driverHWI2C2Read
 .text.driverHWPowerStateInit
                0x0800aad0       0xa4 Drivers/HWDrivers/Src/driverHWPowerState.o
                0x0800aad0                driverHWPowerStateInit
 .text.driverHWPowerStateSetOutput
                0x0800ab74       0x1c Drivers/HWDrivers/Src/driverHWPowerState.o
                0x0800ab74                driverHWPowerStateSetOutput
 .text.driverHWPowerStateReadInput
                0x0800ab90       0x20 Drivers/HWDrivers/Src/driverHWPowerState.o
                0x0800ab90                driverHWPowerStateReadInput
 .text.driverHWSPI1Init
                0x0800abb0       0x5c Drivers/HWDrivers/Src/driverHWSPI1.o
                0x0800abb0                driverHWSPI1Init
 .text.driverHWSPI1Write
                0x0800ac0c       0x5c Drivers/HWDrivers/Src/driverHWSPI1.o
                0x0800ac0c                driverHWSPI1Write
 .text.driverHWSPI1WriteRead
                0x0800ac68       0x90 Drivers/HWDrivers/Src/driverHWSPI1.o
                0x0800ac68                driverHWSPI1WriteRead
 .text.driverHWSwitchesSetSwitchState
                0x0800acf8       0x1c Drivers/HWDrivers/Src/driverHWSwitches.o
                0x0800acf8                driverHWSwitchesSetSwitchState
 .text.driverHWSwitchesInit
                0x0800ad14       0x48 Drivers/HWDrivers/Src/driverHWSwitches.o
                0x0800ad14                driverHWSwitchesInit
 .text.driverHWSwitchesDisableAll
                0x0800ad5c       0x20 Drivers/HWDrivers/Src/driverHWSwitches.o
                0x0800ad5c                driverHWSwitchesDisableAll
 .text.driverHWStatusInit
                0x0800ad7c       0x48 Drivers/HWDrivers/Src/driverHWStatus.o
                0x0800ad7c                driverHWStatusInit
 .text.driverHWSetOutput
                0x0800adc4       0x1c Drivers/HWDrivers/Src/driverHWStatus.o
                0x0800adc4                driverHWSetOutput
 .text.driverHWUART2Init
                0x0800ade0       0xb4 Drivers/HWDrivers/Src/driverHWUART2.o
                0x0800ade0                driverHWUART2Init
 .text.driverHWUART2SendChar
                0x0800ae94       0x20 Drivers/HWDrivers/Src/driverHWUART2.o
                0x0800ae94                driverHWUART2SendChar
 .text.driverHWUART2GetChar
                0x0800aeb4       0x34 Drivers/HWDrivers/Src/driverHWUART2.o
                0x0800aeb4                driverHWUART2GetChar
 .text.DMA1_Channel6_IRQHandler
                0x0800aee8        0xc Drivers/HWDrivers/Src/driverHWUART2.o
                0x0800aee8                DMA1_Channel6_IRQHandler
 .text.HAL_InitTick
                0x0800aef4       0x2c Drivers/STM32F3xx_HAL_Driver/Src/stm32f3xx_hal.o
                0x0800aef4                HAL_InitTick
 .text.HAL_Init
                0x0800af20       0x24 Drivers/STM32F3xx_HAL_Driver/Src/stm32f3xx_hal.o
                0x0800af20                HAL_Init
 .text.HAL_IncTick
                0x0800af44       0x10 Drivers/STM32F3xx_HAL_Driver/Src/stm32f3xx_hal.o
                0x0800af44                HAL_IncTick
 .text.HAL_GetTick
                0x0800af54        0xc Drivers/STM32F3xx_HAL_Driver/Src/stm32f3xx_hal.o
                0x0800af54                HAL_GetTick
 .text.HAL_Delay
                0x0800af60       0x1a Drivers/STM32F3xx_HAL_Driver/Src/stm32f3xx_hal.o
                0x0800af60                HAL_Delay
 .text.ADC_Disable
                0x0800af7a       0x6e Drivers/STM32F3xx_HAL_Driver/Src/stm32f3xx_hal_adc_ex.o
 .text.ADC_Enable
                0x0800afe8       0x5c Drivers/STM32F3xx_HAL_Driver/Src/stm32f3xx_hal_adc_ex.o
 .text.HAL_ADC_Init
                0x0800b044      0x234 Drivers/STM32F3xx_HAL_Driver/Src/stm32f3xx_hal_adc_ex.o
                0x0800b044                HAL_ADC_Init
 .text.HAL_ADC_Start
                0x0800b278      0x150 Drivers/STM32F3xx_HAL_Driver/Src/stm32f3xx_hal_adc_ex.o
                0x0800b278                HAL_ADC_Start
 .text.HAL_ADC_PollForConversion
                0x0800b3c8      0x13c Drivers/STM32F3xx_HAL_Driver/Src/stm32f3xx_hal_adc_ex.o
                0x0800b3c8                HAL_ADC_PollForConversion
 .text.HAL_ADC_GetValue
                0x0800b504        0x6 Drivers/STM32F3xx_HAL_Driver/Src/stm32f3xx_hal_adc_ex.o
                0x0800b504                HAL_ADC_GetValue
 *fill*         0x0800b50a        0x2 
 .text.HAL_ADC_ConfigChannel
                0x0800b50c      0x330 Drivers/STM32F3xx_HAL_Driver/Src/stm32f3xx_hal_adc_ex.o
                0x0800b50c                HAL_ADC_ConfigChannel
 .text.HAL_CAN_ConfigFilter
                0x0800b83c       0xc6 Drivers/STM32F3xx_HAL_Driver/Src/stm32f3xx_hal_can.o
                0x0800b83c                HAL_CAN_ConfigFilter
 .text.HAL_CAN_Init
                0x0800b902      0x12c Drivers/STM32F3xx_HAL_Driver/Src/stm32f3xx_hal_can.o
                0x0800b902                HAL_CAN_Init
 *fill*         0x0800ba2e        0x2 
 .text.HAL_CAN_Transmit
                0x0800ba30      0x148 Drivers/STM32F3xx_HAL_Driver/Src/stm32f3xx_hal_can.o
                0x0800ba30                HAL_CAN_Transmit
 .text.HAL_CAN_Receive_IT
                0x0800bb78       0x80 Drivers/STM32F3xx_HAL_Driver/Src/stm32f3xx_hal_can.o
                0x0800bb78                HAL_CAN_Receive_IT
 .text.HAL_CAN_TxCpltCallback
                0x0800bbf8        0x2 Drivers/STM32F3xx_HAL_Driver/Src/stm32f3xx_hal_can.o
                0x0800bbf8                HAL_CAN_TxCpltCallback
 .text.CAN_Receive_IT.isra.0
                0x0800bbfa       0xf2 Drivers/STM32F3xx_HAL_Driver/Src/stm32f3xx_hal_can.o
 .text.HAL_CAN_ErrorCallback
                0x0800bcec        0x2 Drivers/STM32F3xx_HAL_Driver/Src/stm32f3xx_hal_can.o
                0x0800bcec                HAL_CAN_ErrorCallback
 *fill*         0x0800bcee        0x2 
 .text.HAL_CAN_IRQHandler
                0x0800bcf0      0x184 Drivers/STM32F3xx_HAL_Driver/Src/stm32f3xx_hal_can.o
                0x0800bcf0                HAL_CAN_IRQHandler
 .text.HAL_NVIC_SetPriorityGrouping
                0x0800be74       0x24 Drivers/STM32F3xx_HAL_Driver/Src/stm32f3xx_hal_cortex.o
                0x0800be74                HAL_NVIC_SetPriorityGrouping
 .text.HAL_NVIC_SetPriority
                0x0800be98       0x64 Drivers/STM32F3xx_HAL_Driver/Src/stm32f3xx_hal_cortex.o
                0x0800be98                HAL_NVIC_SetPriority
 .text.HAL_NVIC_EnableIRQ
                0x0800befc       0x18 Drivers/STM32F3xx_HAL_Driver/Src/stm32f3xx_hal_cortex.o
                0x0800befc                HAL_NVIC_EnableIRQ
 .text.HAL_SYSTICK_Config
                0x0800bf14       0x28 Drivers/STM32F3xx_HAL_Driver/Src/stm32f3xx_hal_cortex.o
                0x0800bf14                HAL_SYSTICK_Config
 .text.HAL_SYSTICK_CLKSourceConfig
                0x0800bf3c       0x16 Drivers/STM32F3xx_HAL_Driver/Src/stm32f3xx_hal_cortex.o
                0x0800bf3c                HAL_SYSTICK_CLKSourceConfig
 .text.HAL_SYSTICK_Callback
                0x0800bf52        0x2 Drivers/STM32F3xx_HAL_Driver/Src/stm32f3xx_hal_cortex.o
                0x0800bf52                HAL_SYSTICK_Callback
 .text.HAL_SYSTICK_IRQHandler
                0x0800bf54        0x8 Drivers/STM32F3xx_HAL_Driver/Src/stm32f3xx_hal_cortex.o
                0x0800bf54                HAL_SYSTICK_IRQHandler
 .text.HAL_DMA_Init
                0x0800bf5c       0x4a Drivers/STM32F3xx_HAL_Driver/Src/stm32f3xx_hal_dma.o
                0x0800bf5c                HAL_DMA_Init
 .text.HAL_DMA_Start_IT
                0x0800bfa6       0x52 Drivers/STM32F3xx_HAL_Driver/Src/stm32f3xx_hal_dma.o
                0x0800bfa6                HAL_DMA_Start_IT
 .text.HAL_DMA_IRQHandler
                0x0800bff8      0x56c Drivers/STM32F3xx_HAL_Driver/Src/stm32f3xx_hal_dma.o
                0x0800bff8                HAL_DMA_IRQHandler
 .text.FLASH_SetErrorCode
                0x0800c564       0x38 Drivers/STM32F3xx_HAL_Driver/Src/stm32f3xx_hal_flash.o
 .text.HAL_FLASH_Unlock
                0x0800c59c       0x24 Drivers/STM32F3xx_HAL_Driver/Src/stm32f3xx_hal_flash.o
                0x0800c59c                HAL_FLASH_Unlock
 .text.FLASH_WaitForLastOperation
                0x0800c5c0       0x4c Drivers/STM32F3xx_HAL_Driver/Src/stm32f3xx_hal_flash.o
                0x0800c5c0                FLASH_WaitForLastOperation
 .text.HAL_FLASH_Program
                0x0800c60c       0xa0 Drivers/STM32F3xx_HAL_Driver/Src/stm32f3xx_hal_flash.o
                0x0800c60c                HAL_FLASH_Program
 .text.FLASH_MassErase
                0x0800c6ac       0x24 Drivers/STM32F3xx_HAL_Driver/Src/stm32f3xx_hal_flash_ex.o
 .text.FLASH_PageErase
                0x0800c6d0       0x24 Drivers/STM32F3xx_HAL_Driver/Src/stm32f3xx_hal_flash_ex.o
                0x0800c6d0                FLASH_PageErase
 .text.HAL_FLASHEx_Erase
                0x0800c6f4       0x9c Drivers/STM32F3xx_HAL_Driver/Src/stm32f3xx_hal_flash_ex.o
                0x0800c6f4                HAL_FLASHEx_Erase
 .text.HAL_GPIO_Init
                0x0800c790      0x188 Drivers/STM32F3xx_HAL_Driver/Src/stm32f3xx_hal_gpio.o
                0x0800c790                HAL_GPIO_Init
 .text.HAL_GPIO_ReadPin
                0x0800c918        0xc Drivers/STM32F3xx_HAL_Driver/Src/stm32f3xx_hal_gpio.o
                0x0800c918                HAL_GPIO_ReadPin
 .text.HAL_GPIO_WritePin
                0x0800c924        0xa Drivers/STM32F3xx_HAL_Driver/Src/stm32f3xx_hal_gpio.o
                0x0800c924                HAL_GPIO_WritePin
 .text.HAL_IWDG_MspInit
                0x0800c92e        0x2 Drivers/STM32F3xx_HAL_Driver/Src/stm32f3xx_hal_iwdg.o
                0x0800c92e                HAL_IWDG_MspInit
 .text.HAL_IWDG_Init
                0x0800c930       0x92 Drivers/STM32F3xx_HAL_Driver/Src/stm32f3xx_hal_iwdg.o
                0x0800c930                HAL_IWDG_Init
 .text.HAL_IWDG_Start
                0x0800c9c2       0x5c Drivers/STM32F3xx_HAL_Driver/Src/stm32f3xx_hal_iwdg.o
                0x0800c9c2                HAL_IWDG_Start
 .text.HAL_IWDG_Refresh
                0x0800ca1e       0x4a Drivers/STM32F3xx_HAL_Driver/Src/stm32f3xx_hal_iwdg.o
                0x0800ca1e                HAL_IWDG_Refresh
 .text.I2C_Flush_TXDR
                0x0800ca68       0x1c Drivers/STM32F3xx_HAL_Driver/Src/stm32f3xx_hal_i2c.o
 .text.I2C_TransferConfig
                0x0800ca84       0x2a Drivers/STM32F3xx_HAL_Driver/Src/stm32f3xx_hal_i2c.o
 .text.I2C_WaitOnFlagUntilTimeout
                0x0800caae       0x4c Drivers/STM32F3xx_HAL_Driver/Src/stm32f3xx_hal_i2c.o
 .text.I2C_IsAcknowledgeFailed
                0x0800cafa       0x7c Drivers/STM32F3xx_HAL_Driver/Src/stm32f3xx_hal_i2c.o
 .text.I2C_WaitOnTXISFlagUntilTimeout
                0x0800cb76       0x52 Drivers/STM32F3xx_HAL_Driver/Src/stm32f3xx_hal_i2c.o
 .text.I2C_WaitOnRXNEFlagUntilTimeout
                0x0800cbc8       0x78 Drivers/STM32F3xx_HAL_Driver/Src/stm32f3xx_hal_i2c.o
 .text.I2C_WaitOnSTOPFlagUntilTimeout
                0x0800cc40       0x4e Drivers/STM32F3xx_HAL_Driver/Src/stm32f3xx_hal_i2c.o
 .text.HAL_I2C_Init
                0x0800cc8e       0x9c Drivers/STM32F3xx_HAL_Driver/Src/stm32f3xx_hal_i2c.o
                0x0800cc8e                HAL_I2C_Init
 .text.HAL_I2C_Master_Transmit
                0x0800cd2a      0x136 Drivers/STM32F3xx_HAL_Driver/Src/stm32f3xx_hal_i2c.o
                0x0800cd2a                HAL_I2C_Master_Transmit
 .text.HAL_I2C_Master_Receive
                0x0800ce60      0x136 Drivers/STM32F3xx_HAL_Driver/Src/stm32f3xx_hal_i2c.o
                0x0800ce60                HAL_I2C_Master_Receive
 .text.HAL_I2CEx_ConfigAnalogFilter
                0x0800cf96       0x4c Drivers/STM32F3xx_HAL_Driver/Src/stm32f3xx_hal_i2c_ex.o
                0x0800cf96                HAL_I2CEx_ConfigAnalogFilter
 *fill*         0x0800cfe2        0x2 
 .text.HAL_RCC_DeInit
                0x0800cfe4       0x48 Drivers/STM32F3xx_HAL_Driver/Src/stm32f3xx_hal_rcc.o
                0x0800cfe4                HAL_RCC_DeInit
 .text.HAL_RCC_OscConfig
                0x0800d02c      0x4bc Drivers/STM32F3xx_HAL_Driver/Src/stm32f3xx_hal_rcc.o
                0x0800d02c                HAL_RCC_OscConfig
 .text.HAL_RCC_GetSysClockFreq
                0x0800d4e8       0x64 Drivers/STM32F3xx_HAL_Driver/Src/stm32f3xx_hal_rcc.o
                0x0800d4e8                HAL_RCC_GetSysClockFreq
 .text.HAL_RCC_ClockConfig
                0x0800d54c      0x164 Drivers/STM32F3xx_HAL_Driver/Src/stm32f3xx_hal_rcc.o
                0x0800d54c                HAL_RCC_ClockConfig
 .text.HAL_RCC_GetHCLKFreq
                0x0800d6b0        0xc Drivers/STM32F3xx_HAL_Driver/Src/stm32f3xx_hal_rcc.o
                0x0800d6b0                HAL_RCC_GetHCLKFreq
 .text.HAL_RCC_GetPCLK1Freq
                0x0800d6bc       0x30 Drivers/STM32F3xx_HAL_Driver/Src/stm32f3xx_hal_rcc.o
                0x0800d6bc                HAL_RCC_GetPCLK1Freq
 .text.HAL_RCC_GetPCLK2Freq
                0x0800d6ec       0x30 Drivers/STM32F3xx_HAL_Driver/Src/stm32f3xx_hal_rcc.o
                0x0800d6ec                HAL_RCC_GetPCLK2Freq
 .text.HAL_RCCEx_PeriphCLKConfig
                0x0800d71c      0x208 Drivers/STM32F3xx_HAL_Driver/Src/stm32f3xx_hal_rcc_ex.o
                0x0800d71c                HAL_RCCEx_PeriphCLKConfig
 .text.SPI_WaitFifoStateUntilTimeout
                0x0800d924       0xa0 Drivers/STM32F3xx_HAL_Driver/Src/stm32f3xx_hal_spi.o
 .text.SPI_WaitFlagStateUntilTimeout
                0x0800d9c4       0x8a Drivers/STM32F3xx_HAL_Driver/Src/stm32f3xx_hal_spi.o
 .text.SPI_EndRxTxTransaction
                0x0800da4e       0x34 Drivers/STM32F3xx_HAL_Driver/Src/stm32f3xx_hal_spi.o
 .text.HAL_SPI_Init
                0x0800da82       0xb0 Drivers/STM32F3xx_HAL_Driver/Src/stm32f3xx_hal_spi.o
                0x0800da82                HAL_SPI_Init
 .text.HAL_SPI_TransmitReceive
                0x0800db32      0x294 Drivers/STM32F3xx_HAL_Driver/Src/stm32f3xx_hal_spi.o
                0x0800db32                HAL_SPI_TransmitReceive
 *fill*         0x0800ddc6        0x2 
 .text.HAL_UART_Receive_DMA
                0x0800ddc8       0x70 Drivers/STM32F3xx_HAL_Driver/Src/stm32f3xx_hal_uart.o
                0x0800ddc8                HAL_UART_Receive_DMA
 .text.HAL_UART_RxCpltCallback
                0x0800de38        0x2 Drivers/STM32F3xx_HAL_Driver/Src/stm32f3xx_hal_uart.o
                0x0800de38                HAL_UART_RxCpltCallback
 .text.UART_DMAReceiveCplt
                0x0800de3a       0x2a Drivers/STM32F3xx_HAL_Driver/Src/stm32f3xx_hal_uart.o
 .text.HAL_UART_RxHalfCpltCallback
                0x0800de64        0x2 Drivers/STM32F3xx_HAL_Driver/Src/stm32f3xx_hal_uart.o
                0x0800de64                HAL_UART_RxHalfCpltCallback
 .text.UART_DMARxHalfCplt
                0x0800de66        0xa Drivers/STM32F3xx_HAL_Driver/Src/stm32f3xx_hal_uart.o
 .text.HAL_UART_ErrorCallback
                0x0800de70        0x2 Drivers/STM32F3xx_HAL_Driver/Src/stm32f3xx_hal_uart.o
                0x0800de70                HAL_UART_ErrorCallback
 .text.UART_DMAError
                0x0800de72       0x26 Drivers/STM32F3xx_HAL_Driver/Src/stm32f3xx_hal_uart.o
 .text.UART_SetConfig
                0x0800de98      0x22c Drivers/STM32F3xx_HAL_Driver/Src/stm32f3xx_hal_uart.o
                0x0800de98                UART_SetConfig
 .text.UART_AdvFeatureConfig
                0x0800e0c4       0xa8 Drivers/STM32F3xx_HAL_Driver/Src/stm32f3xx_hal_uart.o
                0x0800e0c4                UART_AdvFeatureConfig
 .text.UART_WaitOnFlagUntilTimeout
                0x0800e16c       0x8a Drivers/STM32F3xx_HAL_Driver/Src/stm32f3xx_hal_uart.o
                0x0800e16c                UART_WaitOnFlagUntilTimeout
 .text.HAL_UART_Transmit
                0x0800e1f6       0x96 Drivers/STM32F3xx_HAL_Driver/Src/stm32f3xx_hal_uart.o
                0x0800e1f6                HAL_UART_Transmit
 .text.UART_CheckIdleState
                0x0800e28c       0x50 Drivers/STM32F3xx_HAL_Driver/Src/stm32f3xx_hal_uart.o
                0x0800e28c                UART_CheckIdleState
 .text.HAL_UART_Init
                0x0800e2dc       0x64 Drivers/STM32F3xx_HAL_Driver/Src/stm32f3xx_hal_uart.o
                0x0800e2dc                HAL_UART_Init
 .text.PendSV_Handler
                0x0800e340        0x2 Device/stm32f3xx_it.o
                0x0800e340                PendSV_Handler
 .text.SysTick_Handler
                0x0800e342        0xe Device/stm32f3xx_it.o
                0x0800e342                SysTick_Handler
 .text.HAL_MspInit
                0x0800e350       0x7c Device/stm32f3xx_hal_msp.o
                0x0800e350                HAL_MspInit
 .text.HAL_ADC_MspInit
                0x0800e3cc       0x40 Device/stm32f3xx_hal_msp.o
                0x0800e3cc                HAL_ADC_MspInit
 .text.HAL_CAN_MspInit
                0x0800e40c       0x5c Device/stm32f3xx_hal_msp.o
                0x0800e40c                HAL_CAN_MspInit
 .text.HAL_I2C_MspInit
                0x0800e468       0x90 Device/stm32f3xx_hal_msp.o
                0x0800e468                HAL_I2C_MspInit
 .text.HAL_SPI_MspInit
                0x0800e4f8       0xbc Device/stm32f3xx_hal_msp.o
                0x0800e4f8                HAL_SPI_MspInit
 .text.HAL_UART_MspInit
                0x0800e5b4       0x48 Device/stm32f3xx_hal_msp.o
                0x0800e5b4                HAL_UART_MspInit
 .text.SystemInit
                0x0800e5fc       0x68 Drivers/CMSIS/Device/ST/STM32F3xx/Source/Templates/system_stm32f3xx.o
                0x0800e5fc                SystemInit
 .text.SystemCoreClockUpdate
                0x0800e664       0x60 Drivers/CMSIS/Device/ST/STM32F3xx/Source/Templates/system_stm32f3xx.o
                0x0800e664                SystemCoreClockUpdate
 .text.libBufferAppend_uint8
                0x0800e6c4        0xc Libraries/Src/libBuffer.o
                0x0800e6c4                libBufferAppend_uint8
 .text.libBufferAppend_int16
                0x0800e6d0       0x16 Libraries/Src/libBuffer.o
                0x0800e6d0                libBufferAppend_int16
 .text.libBufferAppend_uint16
                0x0800e6e6       0x16 Libraries/Src/libBuffer.o
                0x0800e6e6                libBufferAppend_uint16
 .text.libBufferAppend_int32
                0x0800e6fc       0x2a Libraries/Src/libBuffer.o
                0x0800e6fc                libBufferAppend_int32
 .text.libBufferAppend_uint32
                0x0800e726       0x2a Libraries/Src/libBuffer.o
                0x0800e726                libBufferAppend_uint32
 .text.libBufferAppend_int16_LSBFirst
                0x0800e750       0x16 Libraries/Src/libBuffer.o
                0x0800e750                libBufferAppend_int16_LSBFirst
 .text.libBufferAppend_uint16_LSBFirst
                0x0800e766       0x16 Libraries/Src/libBuffer.o
                0x0800e766                libBufferAppend_uint16_LSBFirst
 .text.libBufferAppend_uint32_LSBFirst
                0x0800e77c       0x2a Libraries/Src/libBuffer.o
                0x0800e77c                libBufferAppend_uint32_LSBFirst
 .text.libBufferAppend_float16
                0x0800e7a6       0x14 Libraries/Src/libBuffer.o
                0x0800e7a6                libBufferAppend_float16
 .text.libBufferAppend_float32
                0x0800e7ba       0x12 Libraries/Src/libBuffer.o
                0x0800e7ba                libBufferAppend_float32
 .text.libBufferAppend_float32_auto
                0x0800e7cc       0x74 Libraries/Src/libBuffer.o
                0x0800e7cc                libBufferAppend_float32_auto
 .text.libBufferGet_uint8
                0x0800e840        0xa Libraries/Src/libBuffer.o
                0x0800e840                libBufferGet_uint8
 .text.libBufferGet_int16
                0x0800e84a       0x14 Libraries/Src/libBuffer.o
                0x0800e84a                libBufferGet_int16
 .text.libBufferGet_uint16
                0x0800e85e       0x14 Libraries/Src/libBuffer.o
                0x0800e85e                libBufferGet_uint16
 .text.libBufferGet_int32
                0x0800e872       0x20 Libraries/Src/libBuffer.o
                0x0800e872                libBufferGet_int32
 .text.libBufferGet_uint32
                0x0800e892       0x20 Libraries/Src/libBuffer.o
                0x0800e892                libBufferGet_uint32
 .text.libBufferGet_float16
                0x0800e8b2       0x14 Libraries/Src/libBuffer.o
                0x0800e8b2                libBufferGet_float16
 *fill*         0x0800e8c6        0x2 
 .text.libBufferGet_float32_auto
                0x0800e8c8       0x4c Libraries/Src/libBuffer.o
                0x0800e8c8                libBufferGet_float32_auto
 .text.libCRCCalcCRC16
                0x0800e914       0x28 Libraries/Src/libCRC.o
                0x0800e914                libCRCCalcCRC16
 .text.libGraphicsInit
                0x0800e93c       0x74 Libraries/Src/libGraphics.o
                0x0800e93c                libGraphicsInit
 .text.libGraphicsDrawLine
                0x0800e9b0       0xb4 Libraries/Src/libGraphics.o
                0x0800e9b0                libGraphicsDrawLine
 .text.libGraphicsDrawFastVLine
                0x0800ea64       0x16 Libraries/Src/libGraphics.o
                0x0800ea64                libGraphicsDrawFastVLine
 .text.libGraphicsFillRect
                0x0800ea7a       0x2a Libraries/Src/libGraphics.o
                0x0800ea7a                libGraphicsFillRect
 .text.libGraphicsDrawChar
                0x0800eaa4      0x220 Libraries/Src/libGraphics.o
                0x0800eaa4                libGraphicsDrawChar
 .text.libGraphicsSetCursor
                0x0800ecc4       0x14 Libraries/Src/libGraphics.o
                0x0800ecc4                libGraphicsSetCursor
 .text.libGraphicsSetTextColor_0
                0x0800ecd8       0x14 Libraries/Src/libGraphics.o
                0x0800ecd8                libGraphicsSetTextColor_0
 .text.libGraphicsSetTextSize
                0x0800ecec       0x10 Libraries/Src/libGraphics.o
                0x0800ecec                libGraphicsSetTextSize
 .text.libGraphicsWrite
                0x0800ecfc      0x148 Libraries/Src/libGraphics.o
                0x0800ecfc                libGraphicsWrite
 .text.libGraphicsHeight
                0x0800ee44        0xc Libraries/Src/libGraphics.o
                0x0800ee44                libGraphicsHeight
 .text.libGraphicsWidth
                0x0800ee50        0xc Libraries/Src/libGraphics.o
                0x0800ee50                libGraphicsWidth
 .text.libGraphicsGetRotation
                0x0800ee5c        0xc Libraries/Src/libGraphics.o
                0x0800ee5c                libGraphicsGetRotation
 .text.libPacketInit
                0x0800ee68       0x18 Libraries/Src/libPacket.o
                0x0800ee68                libPacketInit
 .text.libPacketSendPacket
                0x0800ee80       0x8c Libraries/Src/libPacket.o
                0x0800ee80                libPacketSendPacket
 .text.libPacketProcessByte
                0x0800ef0c      0x114 Libraries/Src/libPacket.o
                0x0800ef0c                libPacketProcessByte
 .text.libRingBufferNextEndIndex
                0x0800f020       0x2c Libraries/Src/libRingBuffer.o
                0x0800f020                libRingBufferNextEndIndex
 .text.libRingBufferIncrEnd
                0x0800f04c       0x14 Libraries/Src/libRingBuffer.o
                0x0800f04c                libRingBufferIncrEnd
 .text.libRingBufferIncrStart
                0x0800f060       0x14 Libraries/Src/libRingBuffer.o
                0x0800f060                libRingBufferIncrStart
 .text.libRingBufferNumElements
                0x0800f074        0x4 Libraries/Src/libRingBuffer.o
                0x0800f074                libRingBufferNumElements
 .text.libRingBufferIsFull
                0x0800f078        0xc Libraries/Src/libRingBuffer.o
                0x0800f078                libRingBufferIsFull
 .text.libRingBufferIsEmpty
                0x0800f084        0xa Libraries/Src/libRingBuffer.o
                0x0800f084                libRingBufferIsEmpty
 .text.libRingBufferAdd
                0x0800f08e       0x36 Libraries/Src/libRingBuffer.o
                0x0800f08e                libRingBufferAdd
 .text.libRingBufferPeek
                0x0800f0c4       0x30 Libraries/Src/libRingBuffer.o
                0x0800f0c4                libRingBufferPeek
 .text.libRingBufferPull
                0x0800f0f4       0x38 Libraries/Src/libRingBuffer.o
                0x0800f0f4                libRingBufferPull
 .text.libRingBufferInit
                0x0800f12c       0x7c Libraries/Src/libRingBuffer.o
                0x0800f12c                libRingBufferInit
 .text.libRingBufferNew
                0x0800f1a8       0x32 Libraries/Src/libRingBuffer.o
                0x0800f1a8                libRingBufferNew
 *fill*         0x0800f1da        0x2 
 .text.libMempools_alloc_conf
                0x0800f1dc       0x4c Libraries/Src/libMempools.o
                0x0800f1dc                libMempools_alloc_conf
 .text.libMempools_free_conf
                0x0800f228       0x28 Libraries/Src/libMempools.o
                0x0800f228                libMempools_free_conf
 .text.confparser_serialize_main_config_t
                0x0800f250       0xec Config/confparser.o
                0x0800f250                confparser_serialize_main_config_t
 .text.confparser_deserialize_main_config_t
                0x0800f33c       0xf0 Config/confparser.o
                0x0800f33c                confparser_deserialize_main_config_t
 .text.confparser_set_defaults_main_config_t
                0x0800f42c       0x80 Config/confparser.o
                0x0800f42c                confparser_set_defaults_main_config_t
 .text.Default_Handler
                0x0800f4ac        0x2 GCC/EBMS-startup.o
                0x0800f4ac                RTC_Alarm_IRQHandler
                0x0800f4ac                TIM8_TRG_COM_IRQHandler
                0x0800f4ac                TIM8_CC_IRQHandler
                0x0800f4ac                SVCall_Handler
                0x0800f4ac                DebugMon_Handler
                0x0800f4ac                TIM1_CC_IRQHandler
                0x0800f4ac                HardFault_Handler
                0x0800f4ac                USB_HP_IRQHandler
                0x0800f4ac                PVD_IRQHandler
                0x0800f4ac                TAMP_STAMP_IRQHandler
                0x0800f4ac                NMI_Handler
                0x0800f4ac                EXTI3_IRQHandler
                0x0800f4ac                SPI4
                0x0800f4ac                I2C3_ER_IRQHandler
                0x0800f4ac                USB_HP_CAN_TX_IRQHandler
                0x0800f4ac                EXTI0_IRQHandler
                0x0800f4ac                I2C2_EV_IRQHandler
                0x0800f4ac                FPU_IRQHandler
                0x0800f4ac                EXTI2_TS_IRQHandler
                0x0800f4ac                TIM1_UP_TIM16_IRQHandler
                0x0800f4ac                UsageFault_Handler
                0x0800f4ac                ADC1_2_IRQHandler
                0x0800f4ac                SPI1_IRQHandler
                0x0800f4ac                CAN_SCE_IRQHandler
                0x0800f4ac                TIM6_DAC_IRQHandler
                0x0800f4ac                TIM8_UP_IRQHandler
                0x0800f4ac                USBWakeUP_IRQHandler
                0x0800f4ac                DMA2_Channel2_IRQHandler
                0x0800f4ac                DMA1_Channel4_IRQHandler
                0x0800f4ac                TIM20_TRG_COM_IRQHandler
                0x0800f4ac                USART3_IRQHandler
                0x0800f4ac                DMA1_Channel7_IRQHandler
                0x0800f4ac                UART5_IRQHandler
                0x0800f4ac                ADC3_IRQHandler
                0x0800f4ac                TIM4_IRQHandler
                0x0800f4ac                CAN_RX1_IRQHandler
                0x0800f4ac                DMA2_Channel1_IRQHandler
                0x0800f4ac                I2C1_EV_IRQHandler
                0x0800f4ac                COMP_4_5_6_IRQHandler
                0x0800f4ac                UART4_IRQHandler
                0x0800f4ac                DMA2_Channel4_IRQHandler
                0x0800f4ac                TIM3_IRQHandler
                0x0800f4ac                RCC_IRQHandler
                0x0800f4ac                TIM20_UP_IRQHandler
                0x0800f4ac                DMA1_Channel1_IRQHandler
                0x0800f4ac                Default_Handler
                0x0800f4ac                USBWakeUp_RMP_IRQHandler
                0x0800f4ac                EXTI15_10_IRQHandler
                0x0800f4ac                TIM7_IRQHandler
                0x0800f4ac                I2C3_EV_IRQHandler
                0x0800f4ac                EXTI9_5_IRQHandler
                0x0800f4ac                RTC_WKUP_IRQHandler
                0x0800f4ac                SPI2_IRQHandler
                0x0800f4ac                MemManage_Handler
                0x0800f4ac                DMA2_Channel5_IRQHandler
                0x0800f4ac                COMP_1_2_3_IRQHandler
                0x0800f4ac                DMA1_Channel5_IRQHandler
                0x0800f4ac                USB_LP_IRQHandler
                0x0800f4ac                EXTI4_IRQHandler
                0x0800f4ac                TIM1_TRG_COM_TIM17_IRQHandler
                0x0800f4ac                DMA1_Channel3_IRQHandler
                0x0800f4ac                ADC4_IRQHandler
                0x0800f4ac                WWDG_IRQHandler
                0x0800f4ac                TIM2_IRQHandler
                0x0800f4ac                COMP7_IRQHandler
                0x0800f4ac                EXTI1_IRQHandler
                0x0800f4ac                USART2_IRQHandler
                0x0800f4ac                TIM20_BRK_IRQHandler
                0x0800f4ac                I2C2_ER_IRQHandler
                0x0800f4ac                DMA1_Channel2_IRQHandler
                0x0800f4ac                TIM8_BRK_IRQHandler
                0x0800f4ac                FLASH_IRQHandler
                0x0800f4ac                TIM20_CC_IRQHandler
                0x0800f4ac                BusFault_Handler
                0x0800f4ac                USART1_IRQHandler
                0x0800f4ac                SPI3_IRQHandler
                0x0800f4ac                I2C1_ER_IRQHandler
                0x0800f4ac                FMC_IRQHandler
                0x0800f4ac                DMA2_Channel3_IRQHandler
                0x0800f4ac                TIM1_BRK_TIM15_IRQHandler
 *fill*         0x0800f4ae        0x2 
 .text.Reset_Handler
                0x0800f4b0       0x40 GCC/EBMS-startup.o
                0x0800f4b0                Reset_Handler
 .text.__libc_init_array
                0x0800f4f0       0x48 c:/chibistudio/tools/gnu tools arm embedded/10.3 2021.10/bin/../lib/gcc/arm-none-eabi/10.3.1/../../../../arm-none-eabi/lib/thumb/v7e-m+fp/hard\libg_nano.a(lib_a-init.o)
                0x0800f4f0                __libc_init_array
 .text.malloc   0x0800f538       0x10 c:/chibistudio/tools/gnu tools arm embedded/10.3 2021.10/bin/../lib/gcc/arm-none-eabi/10.3.1/../../../../arm-none-eabi/lib/thumb/v7e-m+fp/hard\libg_nano.a(lib_a-malloc.o)
                0x0800f538                malloc
 .text.free     0x0800f548       0x10 c:/chibistudio/tools/gnu tools arm embedded/10.3 2021.10/bin/../lib/gcc/arm-none-eabi/10.3.1/../../../../arm-none-eabi/lib/thumb/v7e-m+fp/hard\libg_nano.a(lib_a-malloc.o)
                0x0800f548                free
 .text.memcmp   0x0800f558       0x20 c:/chibistudio/tools/gnu tools arm embedded/10.3 2021.10/bin/../lib/gcc/arm-none-eabi/10.3.1/../../../../arm-none-eabi/lib/thumb/v7e-m+fp/hard\libg_nano.a(lib_a-memcmp.o)
                0x0800f558                memcmp
 .text.memcpy   0x0800f578       0x1c c:/chibistudio/tools/gnu tools arm embedded/10.3 2021.10/bin/../lib/gcc/arm-none-eabi/10.3.1/../../../../arm-none-eabi/lib/thumb/v7e-m+fp/hard\libg_nano.a(lib_a-memcpy-stub.o)
                0x0800f578                memcpy
 .text.memset   0x0800f594       0x10 c:/chibistudio/tools/gnu tools arm embedded/10.3 2021.10/bin/../lib/gcc/arm-none-eabi/10.3.1/../../../../arm-none-eabi/lib/thumb/v7e-m+fp/hard\libg_nano.a(lib_a-memset.o)
                0x0800f594                memset
 .text._free_r  0x0800f5a4       0x98 c:/chibistudio/tools/gnu tools arm embedded/10.3 2021.10/bin/../lib/gcc/arm-none-eabi/10.3.1/../../../../arm-none-eabi/lib/thumb/v7e-m+fp/hard\libg_nano.a(lib_a-nano-freer.o)
                0x0800f5a4                _free_r
 .text.sbrk_aligned
                0x0800f63c       0x40 c:/chibistudio/tools/gnu tools arm embedded/10.3 2021.10/bin/../lib/gcc/arm-none-eabi/10.3.1/../../../../arm-none-eabi/lib/thumb/v7e-m+fp/hard\libg_nano.a(lib_a-nano-mallocr.o)
 .text._malloc_r
                0x0800f67c       0xe8 c:/chibistudio/tools/gnu tools arm embedded/10.3 2021.10/bin/../lib/gcc/arm-none-eabi/10.3.1/../../../../arm-none-eabi/lib/thumb/v7e-m+fp/hard\libg_nano.a(lib_a-nano-mallocr.o)
                0x0800f67c                _malloc_r
 .text.__cvt    0x0800f764       0xc4 c:/chibistudio/tools/gnu tools arm embedded/10.3 2021.10/bin/../lib/gcc/arm-none-eabi/10.3.1/../../../../arm-none-eabi/lib/thumb/v7e-m+fp/hard\libg_nano.a(lib_a-nano-vfprintf_float.o)
                0x0800f764                __cvt
 .text.__exponent
                0x0800f828       0x7c c:/chibistudio/tools/gnu tools arm embedded/10.3 2021.10/bin/../lib/gcc/arm-none-eabi/10.3.1/../../../../arm-none-eabi/lib/thumb/v7e-m+fp/hard\libg_nano.a(lib_a-nano-vfprintf_float.o)
                0x0800f828                __exponent
 .text._printf_float
                0x0800f8a4      0x46c c:/chibistudio/tools/gnu tools arm embedded/10.3 2021.10/bin/../lib/gcc/arm-none-eabi/10.3.1/../../../../arm-none-eabi/lib/thumb/v7e-m+fp/hard\libg_nano.a(lib_a-nano-vfprintf_float.o)
                0x0800f8a4                _printf_float
 .text._printf_common
                0x0800fd10       0xda c:/chibistudio/tools/gnu tools arm embedded/10.3 2021.10/bin/../lib/gcc/arm-none-eabi/10.3.1/../../../../arm-none-eabi/lib/thumb/v7e-m+fp/hard\libg_nano.a(lib_a-nano-vfprintf_i.o)
                0x0800fd10                _printf_common
 *fill*         0x0800fdea        0x2 
 .text._printf_i
                0x0800fdec      0x24c c:/chibistudio/tools/gnu tools arm embedded/10.3 2021.10/bin/../lib/gcc/arm-none-eabi/10.3.1/../../../../arm-none-eabi/lib/thumb/v7e-m+fp/hard\libg_nano.a(lib_a-nano-vfprintf_i.o)
                0x0800fdec                _printf_i
 .text._sbrk_r  0x08010038       0x20 c:/chibistudio/tools/gnu tools arm embedded/10.3 2021.10/bin/../lib/gcc/arm-none-eabi/10.3.1/../../../../arm-none-eabi/lib/thumb/v7e-m+fp/hard\libg_nano.a(lib_a-sbrkr.o)
                0x08010038                _sbrk_r
 .text.frexpf   0x08010058       0x4c c:/chibistudio/tools/gnu tools arm embedded/10.3 2021.10/bin/../lib/gcc/arm-none-eabi/10.3.1/../../../../arm-none-eabi/lib/thumb/v7e-m+fp/hard\libg_nano.a(lib_a-sf_frexp.o)
                0x08010058                frexpf
 .text.ldexpf   0x080100a4       0x4c c:/chibistudio/tools/gnu tools arm embedded/10.3 2021.10/bin/../lib/gcc/arm-none-eabi/10.3.1/../../../../arm-none-eabi/lib/thumb/v7e-m+fp/hard\libg_nano.a(lib_a-sf_ldexp.o)
                0x080100a4                ldexpf
 .text.scalbnf  0x080100f0       0xe4 c:/chibistudio/tools/gnu tools arm embedded/10.3 2021.10/bin/../lib/gcc/arm-none-eabi/10.3.1/../../../../arm-none-eabi/lib/thumb/v7e-m+fp/hard\libg_nano.a(lib_a-sf_scalbn.o)
                0x080100f0                scalbnf
 .text.sscanf   0x080101d4       0x58 c:/chibistudio/tools/gnu tools arm embedded/10.3 2021.10/bin/../lib/gcc/arm-none-eabi/10.3.1/../../../../arm-none-eabi/lib/thumb/v7e-m+fp/hard\libg_nano.a(lib_a-sscanf.o)
                0x080101d4                siscanf
                0x080101d4                sscanf
 .text.__sread  0x0801022c       0x22 c:/chibistudio/tools/gnu tools arm embedded/10.3 2021.10/bin/../lib/gcc/arm-none-eabi/10.3.1/../../../../arm-none-eabi/lib/thumb/v7e-m+fp/hard\libg_nano.a(lib_a-stdio.o)
                0x0801022c                __sread
 .text.__seofread
                0x0801024e        0x4 c:/chibistudio/tools/gnu tools arm embedded/10.3 2021.10/bin/../lib/gcc/arm-none-eabi/10.3.1/../../../../arm-none-eabi/lib/thumb/v7e-m+fp/hard\libg_nano.a(lib_a-stdio.o)
                0x0801024e                __seofread
 .text.__swrite
                0x08010252       0x38 c:/chibistudio/tools/gnu tools arm embedded/10.3 2021.10/bin/../lib/gcc/arm-none-eabi/10.3.1/../../../../arm-none-eabi/lib/thumb/v7e-m+fp/hard\libg_nano.a(lib_a-stdio.o)
                0x08010252                __swrite
 .text.__sseek  0x0801028a       0x24 c:/chibistudio/tools/gnu tools arm embedded/10.3 2021.10/bin/../lib/gcc/arm-none-eabi/10.3.1/../../../../arm-none-eabi/lib/thumb/v7e-m+fp/hard\libg_nano.a(lib_a-stdio.o)
                0x0801028a                __sseek
 .text.__sclose
                0x080102ae        0x8 c:/chibistudio/tools/gnu tools arm embedded/10.3 2021.10/bin/../lib/gcc/arm-none-eabi/10.3.1/../../../../arm-none-eabi/lib/thumb/v7e-m+fp/hard\libg_nano.a(lib_a-stdio.o)
                0x080102ae                __sclose
 .text.strcpy   0x080102b6       0x10 c:/chibistudio/tools/gnu tools arm embedded/10.3 2021.10/bin/../lib/gcc/arm-none-eabi/10.3.1/../../../../arm-none-eabi/lib/thumb/v7e-m+fp/hard\libg_nano.a(lib_a-strcpy.o)
                0x080102b6                strcpy
 *fill*         0x080102c6        0x2 
 .text.strtok   0x080102c8       0x68 c:/chibistudio/tools/gnu tools arm embedded/10.3 2021.10/bin/../lib/gcc/arm-none-eabi/10.3.1/../../../../arm-none-eabi/lib/thumb/v7e-m+fp/hard\libg_nano.a(lib_a-strtok.o)
                0x080102c8                strtok
 .text.__strtok_r
                0x08010330       0x50 c:/chibistudio/tools/gnu tools arm embedded/10.3 2021.10/bin/../lib/gcc/arm-none-eabi/10.3.1/../../../../arm-none-eabi/lib/thumb/v7e-m+fp/hard\libg_nano.a(lib_a-strtok_r.o)
                0x08010330                __strtok_r
 .text._vsnprintf_r
                0x08010380       0x56 c:/chibistudio/tools/gnu tools arm embedded/10.3 2021.10/bin/../lib/gcc/arm-none-eabi/10.3.1/../../../../arm-none-eabi/lib/thumb/v7e-m+fp/hard\libg_nano.a(lib_a-vsnprintf.o)
                0x08010380                _vsniprintf_r
                0x08010380                _vsnprintf_r
 *fill*         0x080103d6        0x2 
 .text.vsnprintf
                0x080103d8       0x1c c:/chibistudio/tools/gnu tools arm embedded/10.3 2021.10/bin/../lib/gcc/arm-none-eabi/10.3.1/../../../../arm-none-eabi/lib/thumb/v7e-m+fp/hard\libg_nano.a(lib_a-vsnprintf.o)
                0x080103d8                vsniprintf
                0x080103d8                vsnprintf
 .text._write_r
                0x080103f4       0x24 c:/chibistudio/tools/gnu tools arm embedded/10.3 2021.10/bin/../lib/gcc/arm-none-eabi/10.3.1/../../../../arm-none-eabi/lib/thumb/v7e-m+fp/hard\libg_nano.a(lib_a-writer.o)
                0x080103f4                _write_r
 .text.__assert_func
                0x08010418       0x3c c:/chibistudio/tools/gnu tools arm embedded/10.3 2021.10/bin/../lib/gcc/arm-none-eabi/10.3.1/../../../../arm-none-eabi/lib/thumb/v7e-m+fp/hard\libg_nano.a(lib_a-assert.o)
                0x08010418                __assert_func
 .text._close_r
                0x08010454       0x20 c:/chibistudio/tools/gnu tools arm embedded/10.3 2021.10/bin/../lib/gcc/arm-none-eabi/10.3.1/../../../../arm-none-eabi/lib/thumb/v7e-m+fp/hard\libg_nano.a(lib_a-closer.o)
                0x08010454                _close_r
 .text.quorem   0x08010474      0x116 c:/chibistudio/tools/gnu tools arm embedded/10.3 2021.10/bin/../lib/gcc/arm-none-eabi/10.3.1/../../../../arm-none-eabi/lib/thumb/v7e-m+fp/hard\libg_nano.a(lib_a-dtoa.o)
 *fill*         0x0801058a        0x6 
 .text._dtoa_r  0x08010590      0xbdc c:/chibistudio/tools/gnu tools arm embedded/10.3 2021.10/bin/../lib/gcc/arm-none-eabi/10.3.1/../../../../arm-none-eabi/lib/thumb/v7e-m+fp/hard\libg_nano.a(lib_a-dtoa.o)
                0x08010590                _dtoa_r
 .text.__errno  0x0801116c        0xc c:/chibistudio/tools/gnu tools arm embedded/10.3 2021.10/bin/../lib/gcc/arm-none-eabi/10.3.1/../../../../arm-none-eabi/lib/thumb/v7e-m+fp/hard\libg_nano.a(lib_a-errno.o)
                0x0801116c                __errno
 .text.fprintf  0x08011178       0x24 c:/chibistudio/tools/gnu tools arm embedded/10.3 2021.10/bin/../lib/gcc/arm-none-eabi/10.3.1/../../../../arm-none-eabi/lib/thumb/v7e-m+fp/hard\libg_nano.a(lib_a-fprintf.o)
                0x08011178                fiprintf
                0x08011178                fprintf
 .text._localeconv_r
                0x0801119c        0x8 c:/chibistudio/tools/gnu tools arm embedded/10.3 2021.10/bin/../lib/gcc/arm-none-eabi/10.3.1/../../../../arm-none-eabi/lib/thumb/v7e-m+fp/hard\libg_nano.a(lib_a-localeconv.o)
                0x0801119c                _localeconv_r
 .text._lseek_r
                0x080111a4       0x24 c:/chibistudio/tools/gnu tools arm embedded/10.3 2021.10/bin/../lib/gcc/arm-none-eabi/10.3.1/../../../../arm-none-eabi/lib/thumb/v7e-m+fp/hard\libg_nano.a(lib_a-lseekr.o)
                0x080111a4                _lseek_r
 .text.__malloc_lock
                0x080111c8        0xc c:/chibistudio/tools/gnu tools arm embedded/10.3 2021.10/bin/../lib/gcc/arm-none-eabi/10.3.1/../../../../arm-none-eabi/lib/thumb/v7e-m+fp/hard\libg_nano.a(lib_a-mlock.o)
                0x080111c8                __malloc_lock
 .text.__malloc_unlock
                0x080111d4        0xc c:/chibistudio/tools/gnu tools arm embedded/10.3 2021.10/bin/../lib/gcc/arm-none-eabi/10.3.1/../../../../arm-none-eabi/lib/thumb/v7e-m+fp/hard\libg_nano.a(lib_a-mlock.o)
                0x080111d4                __malloc_unlock
 .text._Balloc  0x080111e0       0x80 c:/chibistudio/tools/gnu tools arm embedded/10.3 2021.10/bin/../lib/gcc/arm-none-eabi/10.3.1/../../../../arm-none-eabi/lib/thumb/v7e-m+fp/hard\libg_nano.a(lib_a-mprec.o)
                0x080111e0                _Balloc
 .text._Bfree   0x08011260       0x44 c:/chibistudio/tools/gnu tools arm embedded/10.3 2021.10/bin/../lib/gcc/arm-none-eabi/10.3.1/../../../../arm-none-eabi/lib/thumb/v7e-m+fp/hard\libg_nano.a(lib_a-mprec.o)
                0x08011260                _Bfree
 .text.__multadd
                0x080112a4       0x8c c:/chibistudio/tools/gnu tools arm embedded/10.3 2021.10/bin/../lib/gcc/arm-none-eabi/10.3.1/../../../../arm-none-eabi/lib/thumb/v7e-m+fp/hard\libg_nano.a(lib_a-mprec.o)
                0x080112a4                __multadd
 .text.__hi0bits
                0x08011330       0x40 c:/chibistudio/tools/gnu tools arm embedded/10.3 2021.10/bin/../lib/gcc/arm-none-eabi/10.3.1/../../../../arm-none-eabi/lib/thumb/v7e-m+fp/hard\libg_nano.a(lib_a-mprec.o)
                0x08011330                __hi0bits
 .text.__lo0bits
                0x08011370       0x5e c:/chibistudio/tools/gnu tools arm embedded/10.3 2021.10/bin/../lib/gcc/arm-none-eabi/10.3.1/../../../../arm-none-eabi/lib/thumb/v7e-m+fp/hard\libg_nano.a(lib_a-mprec.o)
                0x08011370                __lo0bits
 *fill*         0x080113ce        0x2 
 .text.__i2b    0x080113d0       0x2c c:/chibistudio/tools/gnu tools arm embedded/10.3 2021.10/bin/../lib/gcc/arm-none-eabi/10.3.1/../../../../arm-none-eabi/lib/thumb/v7e-m+fp/hard\libg_nano.a(lib_a-mprec.o)
                0x080113d0                __i2b
 .text.__multiply
                0x080113fc      0x154 c:/chibistudio/tools/gnu tools arm embedded/10.3 2021.10/bin/../lib/gcc/arm-none-eabi/10.3.1/../../../../arm-none-eabi/lib/thumb/v7e-m+fp/hard\libg_nano.a(lib_a-mprec.o)
                0x080113fc                __multiply
 .text.__pow5mult
                0x08011550       0xb4 c:/chibistudio/tools/gnu tools arm embedded/10.3 2021.10/bin/../lib/gcc/arm-none-eabi/10.3.1/../../../../arm-none-eabi/lib/thumb/v7e-m+fp/hard\libg_nano.a(lib_a-mprec.o)
                0x08011550                __pow5mult
 .text.__lshift
                0x08011604       0xe0 c:/chibistudio/tools/gnu tools arm embedded/10.3 2021.10/bin/../lib/gcc/arm-none-eabi/10.3.1/../../../../arm-none-eabi/lib/thumb/v7e-m+fp/hard\libg_nano.a(lib_a-mprec.o)
                0x08011604                __lshift
 .text.__mcmp   0x080116e4       0x38 c:/chibistudio/tools/gnu tools arm embedded/10.3 2021.10/bin/../lib/gcc/arm-none-eabi/10.3.1/../../../../arm-none-eabi/lib/thumb/v7e-m+fp/hard\libg_nano.a(lib_a-mprec.o)
                0x080116e4                __mcmp
 .text.__mdiff  0x0801171c      0x114 c:/chibistudio/tools/gnu tools arm embedded/10.3 2021.10/bin/../lib/gcc/arm-none-eabi/10.3.1/../../../../arm-none-eabi/lib/thumb/v7e-m+fp/hard\libg_nano.a(lib_a-mprec.o)
                0x0801171c                __mdiff
 .text.__d2b    0x08011830       0xb8 c:/chibistudio/tools/gnu tools arm embedded/10.3 2021.10/bin/../lib/gcc/arm-none-eabi/10.3.1/../../../../arm-none-eabi/lib/thumb/v7e-m+fp/hard\libg_nano.a(lib_a-mprec.o)
                0x08011830                __d2b
 .text._calloc_r
                0x080118e8       0x2c c:/chibistudio/tools/gnu tools arm embedded/10.3 2021.10/bin/../lib/gcc/arm-none-eabi/10.3.1/../../../../arm-none-eabi/lib/thumb/v7e-m+fp/hard\libg_nano.a(lib_a-nano-callocr.o)
                0x080118e8                _calloc_r
 .text.__ssputs_r
                0x08011914       0xb6 c:/chibistudio/tools/gnu tools arm embedded/10.3 2021.10/bin/../lib/gcc/arm-none-eabi/10.3.1/../../../../arm-none-eabi/lib/thumb/v7e-m+fp/hard\libg_nano.a(lib_a-nano-svfprintf.o)
                0x08011914                __ssputs_r
 *fill*         0x080119ca        0x2 
 .text._svfprintf_r
                0x080119cc      0x200 c:/chibistudio/tools/gnu tools arm embedded/10.3 2021.10/bin/../lib/gcc/arm-none-eabi/10.3.1/../../../../arm-none-eabi/lib/thumb/v7e-m+fp/hard\libg_nano.a(lib_a-nano-svfprintf.o)
                0x080119cc                _svfiprintf_r
                0x080119cc                _svfprintf_r
 .text._sungetc_r
                0x08011bcc       0x7a c:/chibistudio/tools/gnu tools arm embedded/10.3 2021.10/bin/../lib/gcc/arm-none-eabi/10.3.1/../../../../arm-none-eabi/lib/thumb/v7e-m+fp/hard\libg_nano.a(lib_a-nano-svfscanf.o)
                0x08011bcc                _sungetc_r
 .text.__ssrefill_r